20:32:10 **** Auto Build of configuration Debug for project test_AES_AXI ****
make all 
'Building file: ../src/helloworld.c'
'Invoking: MicroBlaze gcc compiler'
mb-gcc -Wall -O0 -g3 -c -fmessage-length=0 -I../../test_AES_AXI_bsp/microblaze_0/include -mlittle-endian -mxl-barrel-shift -mno-xl-soft-div -mcpu=v9.3 -mno-xl-soft-mul -mhard-float -Wl,--no-relax -ffunction-sections -fdata-sections -MMD -MP -MF"src/helloworld.d" -MT"src/helloworld.d" -o "src/helloworld.o" "../src/helloworld.c"
'Finished building: ../src/helloworld.c'
' '
'Building target: test_AES_AXI.elf'
'Invoking: MicroBlaze gcc linker'
mb-gcc -Wl,-T -Wl,../src/lscript.ld -L../../test_AES_AXI_bsp/microblaze_0/lib -mlittle-endian -mxl-barrel-shift -mno-xl-soft-div -mcpu=v9.3 -mno-xl-soft-mul -mhard-float -Wl,--no-relax -Wl,--gc-sections -o "test_AES_AXI.elf"  ./src/helloworld.o ./src/platform.o   -Wl,--start-group,-lxil,-lgcc,-lc,--end-group
'Finished building target: test_AES_AXI.elf'
' '
'Invoking: MicroBlaze Print Size'
mb-size test_AES_AXI.elf  |tee "test_AES_AXI.elf.size"
   text	   data	    bss	    dec	    hex	filename
  62468	   1484	   2152	  66104	  10238	test_AES_AXI.elf
'Finished building: test_AES_AXI.elf.size'
' '
'Invoking: Xilinx ELF Check'
elfcheck test_AES_AXI.elf -hw ../../hw_platform_0/system.xml -pe microblaze_0  |tee "test_AES_AXI.elf.elfcheck"
elfcheck
Xilinx EDK 14.7 Build EDK_P.20131013
Copyright (c) 1995-2012 Xilinx, Inc.  All rights reserved.

Command Line: elfcheck -hw ../../hw_platform_0/system.xml -pe microblaze_0
test_AES_AXI.elf 

ELF file	: test_AES_AXI.elf
elfcheck passed.
'Finished building: test_AES_AXI.elf.elfcheck'
' '

20:32:12 Build Finished (took 2s.411ms)

