Copyright 1986-2014 Xilinx, Inc. All Rights Reserved.
------------------------------------------------------------------------------------------
| Tool Version : Vivado v.2014.1 (win64) Build 881834 Fri Apr  4 14:15:54 MDT 2014
| Date         : Thu Mar 19 09:35:22 2015
| Host         : LAPAR01-PC running 64-bit Service Pack 1  (build 7601)
| Command      : report_control_sets -verbose -file AES_Crypto_BT_control_sets_placed.rpt
| Design       : AES_Crypto_BT
| Device       : xc7k325t
------------------------------------------------------------------------------------------

Control Set Information

Table of Contents
-----------------
1. Summary
2. Flip-Flop Distribution
3. Detailed Control Set Information

1. Summary
----------

+-------------------------------------------------------------------+-------+
|                               Status                              | Count |
+-------------------------------------------------------------------+-------+
| Number of unique control sets                                     |    45 |
| Minimum Number of register sites lost to control set restrictions |    62 |
+-------------------------------------------------------------------+-------+


2. Flip-Flop Distribution
-------------------------

+--------------+-----------------------+------------------------+-----------------+--------------+
| Clock Enable | Synchronous Set/Reset | Asynchronous Set/Reset | Total Registers | Total Slices |
+--------------+-----------------------+------------------------+-----------------+--------------+
| No           | No                    | No                     |             800 |          355 |
| No           | No                    | Yes                    |               0 |            0 |
| No           | Yes                   | No                     |              18 |            7 |
| Yes          | No                    | No                     |               0 |            0 |
| Yes          | No                    | Yes                    |               0 |            0 |
| Yes          | Yes                   | No                     |               0 |            0 |
+--------------+-----------------------+------------------------+-----------------+--------------+


3. Detailed Control Set Information
-----------------------------------

+--------------------------------------------------------+---------------+-------------------------------------------------------------+------------------+----------------+
|                      Clock Signal                      | Enable Signal |                       Set/Reset Signal                      | Slice Load Count | Bel Load Count |
+--------------------------------------------------------+---------------+-------------------------------------------------------------+------------------+----------------+
|  AES_Crypto_0/Clock_div32_0/clk_div8                   |               |                                                             |                1 |              1 |
|  AES_Crypto_0/Clock_div32_0/clk_div4                   |               |                                                             |                1 |              1 |
|  AES_Crypto_0/Clock_div32_0/clk_div2                   |               |                                                             |                1 |              1 |
|  AES_Crypto_0/Clock_div32_0/clk_div16                  |               |                                                             |                1 |              1 |
|  en_KE_IBUF_BUFG                                       |               |                                                             |                1 |              1 |
|  AES_Crypto_0/Clock_div32_0/clk_div32                  |               |                                                             |                1 |              2 |
|  AES_Crypto_0/SubBytes_round/n_8_Bo_reg[39]_i_1        |               |                                                             |                2 |              8 |
|  AES_Crypto_0/SubBytes_round/n_8_Bo_reg[79]_i_1        |               |                                                             |                3 |              8 |
|  AES_Crypto_0/SubBytes_round/n_8_Bo_reg[63]_i_1        |               |                                                             |                3 |              8 |
|  AES_Crypto_0/SubBytes_round/n_8_Bo_reg[7]_i_1         |               |                                                             |                2 |              8 |
|  AES_Crypto_0/InvSubBytes_round/n_8_Bo_reg[95]_i_1__0  |               |                                                             |                3 |              8 |
|  AES_Crypto_0/InvSubBytes_round/n_8_Bo_reg[87]_i_1__0  |               |                                                             |                4 |              8 |
|  AES_Crypto_0/InvSubBytes_round/n_8_Bo_reg[7]_i_1__0   |               |                                                             |                4 |              8 |
|  AES_Crypto_0/InvSubBytes_round/n_8_Bo_reg[79]_i_1__0  |               |                                                             |                5 |              8 |
|  AES_Crypto_0/InvSubBytes_round/n_8_Bo_reg[71]_i_1__0  |               |                                                             |                5 |              8 |
|  AES_Crypto_0/InvSubBytes_round/n_8_Bo_reg[63]_i_1__0  |               |                                                             |                4 |              8 |
|  AES_Crypto_0/InvSubBytes_round/n_8_Bo_reg[55]_i_1__0  |               |                                                             |                3 |              8 |
|  AES_Crypto_0/InvSubBytes_round/n_8_Bo_reg[47]_i_1__0  |               |                                                             |                3 |              8 |
|  AES_Crypto_0/InvSubBytes_round/n_8_Bo_reg[31]_i_1__0  |               |                                                             |                4 |              8 |
|  AES_Crypto_0/InvSubBytes_round/n_8_Bo_reg[23]_i_1__0  |               |                                                             |                3 |              8 |
|  AES_Crypto_0/InvSubBytes_round/n_8_Bo_reg[15]_i_1__0  |               |                                                             |                4 |              8 |
|  AES_Crypto_0/InvSubBytes_round/n_8_Bo_reg[127]_i_2__0 |               |                                                             |                2 |              8 |
|  AES_Crypto_0/InvSubBytes_round/n_8_Bo_reg[39]_i_1__0  |               |                                                             |                6 |              8 |
|  AES_Crypto_0/InvSubBytes_round/n_8_Bo_reg[111]_i_1__0 |               |                                                             |                3 |              8 |
|  AES_Crypto_0/InvSubBytes_round/n_8_Bo_reg[103]_i_1__0 |               |                                                             |                3 |              8 |
|  AES_Crypto_0/SubBytes_round/n_8_Bo_reg[47]_i_1        |               |                                                             |                3 |              8 |
|  AES_Crypto_0/SubBytes_round/n_8_Bo_reg[95]_i_1        |               |                                                             |                3 |              8 |
|  AES_Crypto_0/InvSubBytes_round/n_8_Bo_reg[119]_i_1__0 |               |                                                             |                3 |              8 |
|  AES_Crypto_0/SubBytes_round/n_8_Bo_reg[71]_i_1        |               |                                                             |                2 |              8 |
|  AES_Crypto_0/SubBytes_round/n_8_Bo_reg[87]_i_1        |               |                                                             |                3 |              8 |
|  AES_Crypto_0/SubBytes_round/n_8_Bo_reg[23]_i_1        |               |                                                             |                3 |              8 |
|  AES_Crypto_0/SubBytes_round/n_8_Bo_reg[15]_i_1        |               |                                                             |                6 |              8 |
|  AES_Crypto_0/SubBytes_round/n_8_Bo_reg[127]_i_2       |               |                                                             |                2 |              8 |
|  AES_Crypto_0/SubBytes_round/n_8_Bo_reg[119]_i_1       |               |                                                             |                3 |              8 |
|  AES_Crypto_0/SubBytes_round/n_8_Bo_reg[111]_i_1       |               |                                                             |                2 |              8 |
|  AES_Crypto_0/SubBytes_round/n_8_Bo_reg[103]_i_1       |               |                                                             |                3 |              8 |
|  AES_Crypto_0/SubBytes_round/n_8_Bo_reg[31]_i_1        |               |                                                             |                3 |              8 |
|  AES_Crypto_0/SubBytes_round/n_8_Bo_reg[55]_i_1        |               |                                                             |                4 |              8 |
|  n_0_900_BUFG                                          |               | AES_Crypto_0/Control_0/n_8_e_mux_2_reg[3]_i_1               |                3 |              9 |
|  n_2_901_BUFG                                          |               | AES_Crypto_0/Control_Decryption_0/n_8_e_mux_2_reg[3]_i_1__0 |                4 |              9 |
|  clk_SB_BUFG                                           |               |                                                             |               18 |             25 |
|  n_0_900_BUFG                                          |               |                                                             |               43 |            128 |
|  n_4_279_BUFG                                          |               |                                                             |               47 |            128 |
|  n_2_901_BUFG                                          |               |                                                             |               43 |            128 |
|  n_6_856_BUFG                                          |               |                                                             |               92 |            128 |
+--------------------------------------------------------+---------------+-------------------------------------------------------------+------------------+----------------+


