19:07:25 **** Build of project AES_tests_bsp ****
make -k all 
cp -f microblaze_0/lib/libxil_init.a microblaze_0/lib/libxil.a
"Running Make include in microblaze_0/libsrc/bram_v4_0/src"
make -C microblaze_0/libsrc/bram_v4_0/src -s include -e "SHELL=CMD" "COMPILER=mb-gcc" "ARCHIVER=mb-ar" "COMPILER_FLAGS= -O2 -c -mcpu=v9.3 -mhard-float -mlittle-endian -mno-xl-soft-div -mno-xl-soft-mul -mxl-barrel-shift" "EXTRA_COMPILER_FLAGS=-g -ffunction-sections -fdata-sections"
"Running Make include in microblaze_0/libsrc/cpu_v2_0/src"
make -C microblaze_0/libsrc/cpu_v2_0/src -s include -e "SHELL=CMD" "COMPILER=mb-gcc" "ARCHIVER=mb-ar" "COMPILER_FLAGS= -O2 -c -mcpu=v9.3 -mhard-float -mlittle-endian -mno-xl-soft-div -mno-xl-soft-mul -mxl-barrel-shift" "EXTRA_COMPILER_FLAGS=-g -ffunction-sections -fdata-sections"
"Running Make include in microblaze_0/libsrc/intc_v3_0/src"
make -C microblaze_0/libsrc/intc_v3_0/src -s include -e "SHELL=CMD" "COMPILER=mb-gcc" "ARCHIVER=mb-ar" "COMPILER_FLAGS= -O2 -c -mcpu=v9.3 -mhard-float -mlittle-endian -mno-xl-soft-div -mno-xl-soft-mul -mxl-barrel-shift" "EXTRA_COMPILER_FLAGS=-g -ffunction-sections -fdata-sections"
"Running Make include in microblaze_0/libsrc/standalone_v4_0/src"
make -C microblaze_0/libsrc/standalone_v4_0/src -s include -e "SHELL=CMD" "COMPILER=mb-gcc" "ARCHIVER=mb-ar" "COMPILER_FLAGS= -O2 -c -mcpu=v9.3 -mhard-float -mlittle-endian -mno-xl-soft-div -mno-xl-soft-mul -mxl-barrel-shift" "EXTRA_COMPILER_FLAGS=-g -ffunction-sections -fdata-sections"
make[2]: Entering directory `C:/Projetos_git/repo/sdk_projects/project_uBlaze-AES/AES_tests_bsp/microblaze_0/libsrc/standalone_v4_0/src/profile'
cp -rf profile.h mblaze_nt_types.h _profile_timer_hw.h ../../../../include
make[2]: Leaving directory `C:/Projetos_git/repo/sdk_projects/project_uBlaze-AES/AES_tests_bsp/microblaze_0/libsrc/standalone_v4_0/src/profile'
"Running Make include in microblaze_0/libsrc/tmrctr_v3_0/src"
make -C microblaze_0/libsrc/tmrctr_v3_0/src -s include -e "SHELL=CMD" "COMPILER=mb-gcc" "ARCHIVER=mb-ar" "COMPILER_FLAGS= -O2 -c -mcpu=v9.3 -mhard-float -mlittle-endian -mno-xl-soft-div -mno-xl-soft-mul -mxl-barrel-shift" "EXTRA_COMPILER_FLAGS=-g -ffunction-sections -fdata-sections"
"Running Make include in microblaze_0/libsrc/uartlite_v3_0/src"
make -C microblaze_0/libsrc/uartlite_v3_0/src -s include -e "SHELL=CMD" "COMPILER=mb-gcc" "ARCHIVER=mb-ar" "COMPILER_FLAGS= -O2 -c -mcpu=v9.3 -mhard-float -mlittle-endian -mno-xl-soft-div -mno-xl-soft-mul -mxl-barrel-shift" "EXTRA_COMPILER_FLAGS=-g -ffunction-sections -fdata-sections"
"Running Make libs in microblaze_0/libsrc/bram_v4_0/src"
make -C microblaze_0/libsrc/bram_v4_0/src -s libs -e "SHELL=CMD" "COMPILER=mb-gcc" "ARCHIVER=mb-ar" "COMPILER_FLAGS= -O2 -c -mcpu=v9.3 -mhard-float -mlittle-endian -mno-xl-soft-div -mno-xl-soft-mul -mxl-barrel-shift" "EXTRA_COMPILER_FLAGS=-g -ffunction-sections -fdata-sections"
"Compiling bram"
make[2]: Entering directory `C:/Projetos_git/repo/sdk_projects/project_uBlaze-AES/AES_tests_bsp/microblaze_0/libsrc/bram_v4_0/src'
rm -rf *.o 
make[2]: Leaving directory `C:/Projetos_git/repo/sdk_projects/project_uBlaze-AES/AES_tests_bsp/microblaze_0/libsrc/bram_v4_0/src'
"Running Make libs in microblaze_0/libsrc/cpu_v2_0/src"
make -C microblaze_0/libsrc/cpu_v2_0/src -s libs -e "SHELL=CMD" "COMPILER=mb-gcc" "ARCHIVER=mb-ar" "COMPILER_FLAGS= -O2 -c -mcpu=v9.3 -mhard-float -mlittle-endian -mno-xl-soft-div -mno-xl-soft-mul -mxl-barrel-shift" "EXTRA_COMPILER_FLAGS=-g -ffunction-sections -fdata-sections"
"Compiling cpu"
make[2]: Entering directory `C:/Projetos_git/repo/sdk_projects/project_uBlaze-AES/AES_tests_bsp/microblaze_0/libsrc/cpu_v2_0/src'
rm -rf *.o
make[2]: Leaving directory `C:/Projetos_git/repo/sdk_projects/project_uBlaze-AES/AES_tests_bsp/microblaze_0/libsrc/cpu_v2_0/src'
"Running Make libs in microblaze_0/libsrc/intc_v3_0/src"
make -C microblaze_0/libsrc/intc_v3_0/src -s libs -e "SHELL=CMD" "COMPILER=mb-gcc" "ARCHIVER=mb-ar" "COMPILER_FLAGS= -O2 -c -mcpu=v9.3 -mhard-float -mlittle-endian -mno-xl-soft-div -mno-xl-soft-mul -mxl-barrel-shift" "EXTRA_COMPILER_FLAGS=-g -ffunction-sections -fdata-sections"
"Compiling intc"
make[2]: Entering directory `C:/Projetos_git/repo/sdk_projects/project_uBlaze-AES/AES_tests_bsp/microblaze_0/libsrc/intc_v3_0/src'
rm -rf *.o 
make[2]: Leaving directory `C:/Projetos_git/repo/sdk_projects/project_uBlaze-AES/AES_tests_bsp/microblaze_0/libsrc/intc_v3_0/src'
"Running Make libs in microblaze_0/libsrc/standalone_v4_0/src"
make -C microblaze_0/libsrc/standalone_v4_0/src -s libs -e "SHELL=CMD" "COMPILER=mb-gcc" "ARCHIVER=mb-ar" "COMPILER_FLAGS= -O2 -c -mcpu=v9.3 -mhard-float -mlittle-endian -mno-xl-soft-div -mno-xl-soft-mul -mxl-barrel-shift" "EXTRA_COMPILER_FLAGS=-g -ffunction-sections -fdata-sections"
"Compiling standalone";
"Running Make libs in microblaze_0/libsrc/tmrctr_v3_0/src"
make -C microblaze_0/libsrc/tmrctr_v3_0/src -s libs -e "SHELL=CMD" "COMPILER=mb-gcc" "ARCHIVER=mb-ar" "COMPILER_FLAGS= -O2 -c -mcpu=v9.3 -mhard-float -mlittle-endian -mno-xl-soft-div -mno-xl-soft-mul -mxl-barrel-shift" "EXTRA_COMPILER_FLAGS=-g -ffunction-sections -fdata-sections"
"Compiling tmrctr"
make[2]: Entering directory `C:/Projetos_git/repo/sdk_projects/project_uBlaze-AES/AES_tests_bsp/microblaze_0/libsrc/tmrctr_v3_0/src'
rm -rf *.o 
make[2]: Leaving directory `C:/Projetos_git/repo/sdk_projects/project_uBlaze-AES/AES_tests_bsp/microblaze_0/libsrc/tmrctr_v3_0/src'
"Running Make libs in microblaze_0/libsrc/uartlite_v3_0/src"
make -C microblaze_0/libsrc/uartlite_v3_0/src -s libs -e "SHELL=CMD" "COMPILER=mb-gcc" "ARCHIVER=mb-ar" "COMPILER_FLAGS= -O2 -c -mcpu=v9.3 -mhard-float -mlittle-endian -mno-xl-soft-div -mno-xl-soft-mul -mxl-barrel-shift" "EXTRA_COMPILER_FLAGS=-g -ffunction-sections -fdata-sections"
"Compiling uartlite"
make[2]: Entering directory `C:/Projetos_git/repo/sdk_projects/project_uBlaze-AES/AES_tests_bsp/microblaze_0/libsrc/uartlite_v3_0/src'
rm -rf *.o 
make[2]: Leaving directory `C:/Projetos_git/repo/sdk_projects/project_uBlaze-AES/AES_tests_bsp/microblaze_0/libsrc/uartlite_v3_0/src'
'Finished building libraries'
19:07:34 **** Build of configuration Debug for project AES_tests ****
make all 
'Building file: ../src/helloworld.c'
'Invoking: MicroBlaze gcc compiler'
mb-gcc -Wall -O0 -g3 -c -fmessage-length=0 -I../../AES_tests_bsp/microblaze_0/include -mlittle-endian -mxl-barrel-shift -mno-xl-soft-div -mcpu=v9.3 -mno-xl-soft-mul -mhard-float -Wl,--no-relax -ffunction-sections -fdata-sections -MMD -MP -MF"src/helloworld.d" -MT"src/helloworld.d" -o "src/helloworld.o" "../src/helloworld.c"
'Finished building: ../src/helloworld.c'
' '
'Building file: ../src/platform.c'
'Invoking: MicroBlaze gcc compiler'
mb-gcc -Wall -O0 -g3 -c -fmessage-length=0 -I../../AES_tests_bsp/microblaze_0/include -mlittle-endian -mxl-barrel-shift -mno-xl-soft-div -mcpu=v9.3 -mno-xl-soft-mul -mhard-float -Wl,--no-relax -ffunction-sections -fdata-sections -MMD -MP -MF"src/platform.d" -MT"src/platform.d" -o "src/platform.o" "../src/platform.c"
'Finished building: ../src/platform.c'
' '
'Building target: AES_tests.elf'
'Invoking: MicroBlaze gcc linker'
mb-gcc -Wl,-T -Wl,../src/lscript.ld -L../../AES_tests_bsp/microblaze_0/lib -mlittle-endian -mxl-barrel-shift -mno-xl-soft-div -mcpu=v9.3 -mno-xl-soft-mul -mhard-float -Wl,--no-relax -Wl,--gc-sections -o "AES_tests.elf"  ./src/helloworld.o ./src/platform.o   -Wl,--start-group,-lxil,-lgcc,-lc,--end-group
'Finished building target: AES_tests.elf'
' '
'Invoking: MicroBlaze Print Size'
mb-size AES_tests.elf  |tee "AES_tests.elf.size"
   text	   data	    bss	    dec	    hex	filename
   2436	    316	   2088	   4840	   12e8	AES_tests.elf
'Finished building: AES_tests.elf.size'
' '
19:08:04 **** Auto Build of configuration Debug for project AES_tests ****
make all 
'Building file: ../src/helloworld.c'
'Invoking: MicroBlaze gcc compiler'
mb-gcc -Wall -O0 -g3 -c -fmessage-length=0 -I../../AES_tests_bsp/microblaze_0/include -mlittle-endian -mxl-barrel-shift -mno-xl-soft-div -mcpu=v9.3 -mno-xl-soft-mul -mhard-float -Wl,--no-relax -ffunction-sections -fdata-sections -MMD -MP -MF"src/helloworld.d" -MT"src/helloworld.d" -o "src/helloworld.o" "../src/helloworld.c"
'Finished building: ../src/helloworld.c'
' '
'Building target: AES_tests.elf'
'Invoking: MicroBlaze gcc linker'
mb-gcc -Wl,-T -Wl,../src/lscript.ld -L../../AES_tests_bsp/microblaze_0/lib -mlittle-endian -mxl-barrel-shift -mno-xl-soft-div -mcpu=v9.3 -mno-xl-soft-mul -mhard-float -Wl,--no-relax -Wl,--gc-sections -o "AES_tests.elf"  ./src/helloworld.o ./src/platform.o   -Wl,--start-group,-lxil,-lgcc,-lc,--end-group
'Finished building target: AES_tests.elf'
' '
'Invoking: MicroBlaze Print Size'
mb-size AES_tests.elf  |tee "AES_tests.elf.size"
   text	   data	    bss	    dec	    hex	filename
  76616	   1484	   2164	  80264	  13988	AES_tests.elf
'Finished building: AES_tests.elf.size'
' '
19:09:02 **** Auto Build of project AES_tests_bsp ****
make -k all 
"Running Make include in microblaze_0/libsrc/bram_v4_0/src"
make -C microblaze_0/libsrc/bram_v4_0/src -s include -e "SHELL=CMD" "COMPILER=mb-gcc" "ARCHIVER=mb-ar" "COMPILER_FLAGS= -O2 -c -mcpu=v9.3 -mhard-float -mlittle-endian -mno-xl-soft-div -mno-xl-soft-mul -mxl-barrel-shift" "EXTRA_COMPILER_FLAGS=-g -ffunction-sections -fdata-sections"
"Running Make include in microblaze_0/libsrc/cpu_v2_0/src"
make -C microblaze_0/libsrc/cpu_v2_0/src -s include -e "SHELL=CMD" "COMPILER=mb-gcc" "ARCHIVER=mb-ar" "COMPILER_FLAGS= -O2 -c -mcpu=v9.3 -mhard-float -mlittle-endian -mno-xl-soft-div -mno-xl-soft-mul -mxl-barrel-shift" "EXTRA_COMPILER_FLAGS=-g -ffunction-sections -fdata-sections"
"Running Make include in microblaze_0/libsrc/intc_v3_0/src"
make -C microblaze_0/libsrc/intc_v3_0/src -s include -e "SHELL=CMD" "COMPILER=mb-gcc" "ARCHIVER=mb-ar" "COMPILER_FLAGS= -O2 -c -mcpu=v9.3 -mhard-float -mlittle-endian -mno-xl-soft-div -mno-xl-soft-mul -mxl-barrel-shift" "EXTRA_COMPILER_FLAGS=-g -ffunction-sections -fdata-sections"
"Running Make include in microblaze_0/libsrc/standalone_v4_0/src"
make -C microblaze_0/libsrc/standalone_v4_0/src -s include -e "SHELL=CMD" "COMPILER=mb-gcc" "ARCHIVER=mb-ar" "COMPILER_FLAGS= -O2 -c -mcpu=v9.3 -mhard-float -mlittle-endian -mno-xl-soft-div -mno-xl-soft-mul -mxl-barrel-shift" "EXTRA_COMPILER_FLAGS=-g -ffunction-sections -fdata-sections"
make[2]: Entering directory `C:/Projetos_git/repo/sdk_projects/project_uBlaze-AES/AES_tests_bsp/microblaze_0/libsrc/standalone_v4_0/src/profile'
cp -rf profile.h mblaze_nt_types.h _profile_timer_hw.h ../../../../include
make[2]: Leaving directory `C:/Projetos_git/repo/sdk_projects/project_uBlaze-AES/AES_tests_bsp/microblaze_0/libsrc/standalone_v4_0/src/profile'
"Running Make include in microblaze_0/libsrc/tmrctr_v3_0/src"
make -C microblaze_0/libsrc/tmrctr_v3_0/src -s include -e "SHELL=CMD" "COMPILER=mb-gcc" "ARCHIVER=mb-ar" "COMPILER_FLAGS= -O2 -c -mcpu=v9.3 -mhard-float -mlittle-endian -mno-xl-soft-div -mno-xl-soft-mul -mxl-barrel-shift" "EXTRA_COMPILER_FLAGS=-g -ffunction-sections -fdata-sections"
"Running Make include in microblaze_0/libsrc/uartlite_v3_0/src"
make -C microblaze_0/libsrc/uartlite_v3_0/src -s include -e "SHELL=CMD" "COMPILER=mb-gcc" "ARCHIVER=mb-ar" "COMPILER_FLAGS= -O2 -c -mcpu=v9.3 -mhard-float -mlittle-endian -mno-xl-soft-div -mno-xl-soft-mul -mxl-barrel-shift" "EXTRA_COMPILER_FLAGS=-g -ffunction-sections -fdata-sections"
"Running Make libs in microblaze_0/libsrc/bram_v4_0/src"
make -C microblaze_0/libsrc/bram_v4_0/src -s libs -e "SHELL=CMD" "COMPILER=mb-gcc" "ARCHIVER=mb-ar" "COMPILER_FLAGS= -O2 -c -mcpu=v9.3 -mhard-float -mlittle-endian -mno-xl-soft-div -mno-xl-soft-mul -mxl-barrel-shift" "EXTRA_COMPILER_FLAGS=-g -ffunction-sections -fdata-sections"
"Compiling bram"
make[2]: Entering directory `C:/Projetos_git/repo/sdk_projects/project_uBlaze-AES/AES_tests_bsp/microblaze_0/libsrc/bram_v4_0/src'
rm -rf *.o 
make[2]: Leaving directory `C:/Projetos_git/repo/sdk_projects/project_uBlaze-AES/AES_tests_bsp/microblaze_0/libsrc/bram_v4_0/src'
"Running Make libs in microblaze_0/libsrc/cpu_v2_0/src"
make -C microblaze_0/libsrc/cpu_v2_0/src -s libs -e "SHELL=CMD" "COMPILER=mb-gcc" "ARCHIVER=mb-ar" "COMPILER_FLAGS= -O2 -c -mcpu=v9.3 -mhard-float -mlittle-endian -mno-xl-soft-div -mno-xl-soft-mul -mxl-barrel-shift" "EXTRA_COMPILER_FLAGS=-g -ffunction-sections -fdata-sections"
"Compiling cpu"
make[2]: Entering directory `C:/Projetos_git/repo/sdk_projects/project_uBlaze-AES/AES_tests_bsp/microblaze_0/libsrc/cpu_v2_0/src'
rm -rf *.o
make[2]: Leaving directory `C:/Projetos_git/repo/sdk_projects/project_uBlaze-AES/AES_tests_bsp/microblaze_0/libsrc/cpu_v2_0/src'
"Running Make libs in microblaze_0/libsrc/intc_v3_0/src"
make -C microblaze_0/libsrc/intc_v3_0/src -s libs -e "SHELL=CMD" "COMPILER=mb-gcc" "ARCHIVER=mb-ar" "COMPILER_FLAGS= -O2 -c -mcpu=v9.3 -mhard-float -mlittle-endian -mno-xl-soft-div -mno-xl-soft-mul -mxl-barrel-shift" "EXTRA_COMPILER_FLAGS=-g -ffunction-sections -fdata-sections"
"Compiling intc"
make[2]: Entering directory `C:/Projetos_git/repo/sdk_projects/project_uBlaze-AES/AES_tests_bsp/microblaze_0/libsrc/intc_v3_0/src'
rm -rf *.o 
make[2]: Leaving directory `C:/Projetos_git/repo/sdk_projects/project_uBlaze-AES/AES_tests_bsp/microblaze_0/libsrc/intc_v3_0/src'
"Running Make libs in microblaze_0/libsrc/standalone_v4_0/src"
make -C microblaze_0/libsrc/standalone_v4_0/src -s libs -e "SHELL=CMD" "COMPILER=mb-gcc" "ARCHIVER=mb-ar" "COMPILER_FLAGS= -O2 -c -mcpu=v9.3 -mhard-float -mlittle-endian -mno-xl-soft-div -mno-xl-soft-mul -mxl-barrel-shift" "EXTRA_COMPILER_FLAGS=-g -ffunction-sections -fdata-sections"
"Compiling standalone";
"Running Make libs in microblaze_0/libsrc/tmrctr_v3_0/src"
make -C microblaze_0/libsrc/tmrctr_v3_0/src -s libs -e "SHELL=CMD" "COMPILER=mb-gcc" "ARCHIVER=mb-ar" "COMPILER_FLAGS= -O2 -c -mcpu=v9.3 -mhard-float -mlittle-endian -mno-xl-soft-div -mno-xl-soft-mul -mxl-barrel-shift" "EXTRA_COMPILER_FLAGS=-g -ffunction-sections -fdata-sections"
"Compiling tmrctr"
make[2]: Entering directory `C:/Projetos_git/repo/sdk_projects/project_uBlaze-AES/AES_tests_bsp/microblaze_0/libsrc/tmrctr_v3_0/src'
rm -rf *.o 
make[2]: Leaving directory `C:/Projetos_git/repo/sdk_projects/project_uBlaze-AES/AES_tests_bsp/microblaze_0/libsrc/tmrctr_v3_0/src'
"Running Make libs in microblaze_0/libsrc/uartlite_v3_0/src"
make -C microblaze_0/libsrc/uartlite_v3_0/src -s libs -e "SHELL=CMD" "COMPILER=mb-gcc" "ARCHIVER=mb-ar" "COMPILER_FLAGS= -O2 -c -mcpu=v9.3 -mhard-float -mlittle-endian -mno-xl-soft-div -mno-xl-soft-mul -mxl-barrel-shift" "EXTRA_COMPILER_FLAGS=-g -ffunction-sections -fdata-sections"
"Compiling uartlite"
make[2]: Entering directory `C:/Projetos_git/repo/sdk_projects/project_uBlaze-AES/AES_tests_bsp/microblaze_0/libsrc/uartlite_v3_0/src'
rm -rf *.o 
make[2]: Leaving directory `C:/Projetos_git/repo/sdk_projects/project_uBlaze-AES/AES_tests_bsp/microblaze_0/libsrc/uartlite_v3_0/src'
'Finished building libraries'
19:09:09 **** Auto Build of configuration Debug for project AES_tests ****
make all 
make: Nothing to be done for `all'.
19:11:21 **** Auto Build of project AES_tests_bsp ****
make -k all 
"Running Make include in microblaze_0/libsrc/bram_v4_0/src"
make -C microblaze_0/libsrc/bram_v4_0/src -s include -e "SHELL=CMD" "COMPILER=mb-gcc" "ARCHIVER=mb-ar" "COMPILER_FLAGS= -O2 -c -mcpu=v9.3 -mhard-float -mlittle-endian -mno-xl-soft-div -mno-xl-soft-mul -mxl-barrel-shift" "EXTRA_COMPILER_FLAGS=-g -ffunction-sections -fdata-sections"
"Running Make include in microblaze_0/libsrc/cpu_v2_0/src"
make -C microblaze_0/libsrc/cpu_v2_0/src -s include -e "SHELL=CMD" "COMPILER=mb-gcc" "ARCHIVER=mb-ar" "COMPILER_FLAGS= -O2 -c -mcpu=v9.3 -mhard-float -mlittle-endian -mno-xl-soft-div -mno-xl-soft-mul -mxl-barrel-shift" "EXTRA_COMPILER_FLAGS=-g -ffunction-sections -fdata-sections"
"Running Make include in microblaze_0/libsrc/intc_v3_0/src"
make -C microblaze_0/libsrc/intc_v3_0/src -s include -e "SHELL=CMD" "COMPILER=mb-gcc" "ARCHIVER=mb-ar" "COMPILER_FLAGS= -O2 -c -mcpu=v9.3 -mhard-float -mlittle-endian -mno-xl-soft-div -mno-xl-soft-mul -mxl-barrel-shift" "EXTRA_COMPILER_FLAGS=-g -ffunction-sections -fdata-sections"
"Running Make include in microblaze_0/libsrc/standalone_v4_0/src"
make -C microblaze_0/libsrc/standalone_v4_0/src -s include -e "SHELL=CMD" "COMPILER=mb-gcc" "ARCHIVER=mb-ar" "COMPILER_FLAGS= -O2 -c -mcpu=v9.3 -mhard-float -mlittle-endian -mno-xl-soft-div -mno-xl-soft-mul -mxl-barrel-shift" "EXTRA_COMPILER_FLAGS=-g -ffunction-sections -fdata-sections"
make[2]: Entering directory `C:/Projetos_git/repo/sdk_projects/project_uBlaze-AES/AES_tests_bsp/microblaze_0/libsrc/standalone_v4_0/src/profile'
cp -rf profile.h mblaze_nt_types.h _profile_timer_hw.h ../../../../include
make[2]: Leaving directory `C:/Projetos_git/repo/sdk_projects/project_uBlaze-AES/AES_tests_bsp/microblaze_0/libsrc/standalone_v4_0/src/profile'
"Running Make include in microblaze_0/libsrc/tmrctr_v3_0/src"
make -C microblaze_0/libsrc/tmrctr_v3_0/src -s include -e "SHELL=CMD" "COMPILER=mb-gcc" "ARCHIVER=mb-ar" "COMPILER_FLAGS= -O2 -c -mcpu=v9.3 -mhard-float -mlittle-endian -mno-xl-soft-div -mno-xl-soft-mul -mxl-barrel-shift" "EXTRA_COMPILER_FLAGS=-g -ffunction-sections -fdata-sections"
"Running Make include in microblaze_0/libsrc/uartlite_v3_0/src"
make -C microblaze_0/libsrc/uartlite_v3_0/src -s include -e "SHELL=CMD" "COMPILER=mb-gcc" "ARCHIVER=mb-ar" "COMPILER_FLAGS= -O2 -c -mcpu=v9.3 -mhard-float -mlittle-endian -mno-xl-soft-div -mno-xl-soft-mul -mxl-barrel-shift" "EXTRA_COMPILER_FLAGS=-g -ffunction-sections -fdata-sections"
"Running Make libs in microblaze_0/libsrc/bram_v4_0/src"
make -C microblaze_0/libsrc/bram_v4_0/src -s libs -e "SHELL=CMD" "COMPILER=mb-gcc" "ARCHIVER=mb-ar" "COMPILER_FLAGS= -O2 -c -mcpu=v9.3 -mhard-float -mlittle-endian -mno-xl-soft-div -mno-xl-soft-mul -mxl-barrel-shift" "EXTRA_COMPILER_FLAGS=-g -ffunction-sections -fdata-sections"
"Compiling bram"
make[2]: Entering directory `C:/Projetos_git/repo/sdk_projects/project_uBlaze-AES/AES_tests_bsp/microblaze_0/libsrc/bram_v4_0/src'
rm -rf *.o 
make[2]: Leaving directory `C:/Projetos_git/repo/sdk_projects/project_uBlaze-AES/AES_tests_bsp/microblaze_0/libsrc/bram_v4_0/src'
"Running Make libs in microblaze_0/libsrc/cpu_v2_0/src"
make -C microblaze_0/libsrc/cpu_v2_0/src -s libs -e "SHELL=CMD" "COMPILER=mb-gcc" "ARCHIVER=mb-ar" "COMPILER_FLAGS= -O2 -c -mcpu=v9.3 -mhard-float -mlittle-endian -mno-xl-soft-div -mno-xl-soft-mul -mxl-barrel-shift" "EXTRA_COMPILER_FLAGS=-g -ffunction-sections -fdata-sections"
"Compiling cpu"
make[2]: Entering directory `C:/Projetos_git/repo/sdk_projects/project_uBlaze-AES/AES_tests_bsp/microblaze_0/libsrc/cpu_v2_0/src'
rm -rf *.o
make[2]: Leaving directory `C:/Projetos_git/repo/sdk_projects/project_uBlaze-AES/AES_tests_bsp/microblaze_0/libsrc/cpu_v2_0/src'
"Running Make libs in microblaze_0/libsrc/intc_v3_0/src"
make -C microblaze_0/libsrc/intc_v3_0/src -s libs -e "SHELL=CMD" "COMPILER=mb-gcc" "ARCHIVER=mb-ar" "COMPILER_FLAGS= -O2 -c -mcpu=v9.3 -mhard-float -mlittle-endian -mno-xl-soft-div -mno-xl-soft-mul -mxl-barrel-shift" "EXTRA_COMPILER_FLAGS=-g -ffunction-sections -fdata-sections"
"Compiling intc"
make[2]: Entering directory `C:/Projetos_git/repo/sdk_projects/project_uBlaze-AES/AES_tests_bsp/microblaze_0/libsrc/intc_v3_0/src'
rm -rf *.o 
make[2]: Leaving directory `C:/Projetos_git/repo/sdk_projects/project_uBlaze-AES/AES_tests_bsp/microblaze_0/libsrc/intc_v3_0/src'
"Running Make libs in microblaze_0/libsrc/standalone_v4_0/src"
make -C microblaze_0/libsrc/standalone_v4_0/src -s libs -e "SHELL=CMD" "COMPILER=mb-gcc" "ARCHIVER=mb-ar" "COMPILER_FLAGS= -O2 -c -mcpu=v9.3 -mhard-float -mlittle-endian -mno-xl-soft-div -mno-xl-soft-mul -mxl-barrel-shift" "EXTRA_COMPILER_FLAGS=-g -ffunction-sections -fdata-sections"
"Compiling standalone";
"Running Make libs in microblaze_0/libsrc/tmrctr_v3_0/src"
make -C microblaze_0/libsrc/tmrctr_v3_0/src -s libs -e "SHELL=CMD" "COMPILER=mb-gcc" "ARCHIVER=mb-ar" "COMPILER_FLAGS= -O2 -c -mcpu=v9.3 -mhard-float -mlittle-endian -mno-xl-soft-div -mno-xl-soft-mul -mxl-barrel-shift" "EXTRA_COMPILER_FLAGS=-g -ffunction-sections -fdata-sections"
"Compiling tmrctr"
make[2]: Entering directory `C:/Projetos_git/repo/sdk_projects/project_uBlaze-AES/AES_tests_bsp/microblaze_0/libsrc/tmrctr_v3_0/src'
rm -rf *.o 
make[2]: Leaving directory `C:/Projetos_git/repo/sdk_projects/project_uBlaze-AES/AES_tests_bsp/microblaze_0/libsrc/tmrctr_v3_0/src'
"Running Make libs in microblaze_0/libsrc/uartlite_v3_0/src"
make -C microblaze_0/libsrc/uartlite_v3_0/src -s libs -e "SHELL=CMD" "COMPILER=mb-gcc" "ARCHIVER=mb-ar" "COMPILER_FLAGS= -O2 -c -mcpu=v9.3 -mhard-float -mlittle-endian -mno-xl-soft-div -mno-xl-soft-mul -mxl-barrel-shift" "EXTRA_COMPILER_FLAGS=-g -ffunction-sections -fdata-sections"
"Compiling uartlite"
make[2]: Entering directory `C:/Projetos_git/repo/sdk_projects/project_uBlaze-AES/AES_tests_bsp/microblaze_0/libsrc/uartlite_v3_0/src'
rm -rf *.o 
make[2]: Leaving directory `C:/Projetos_git/repo/sdk_projects/project_uBlaze-AES/AES_tests_bsp/microblaze_0/libsrc/uartlite_v3_0/src'
'Finished building libraries'
19:11:29 **** Auto Build of configuration Debug for project AES_tests ****
make all 
make: Nothing to be done for `all'.
19:32:44 **** Auto Build of configuration Debug for project AES_tests ****
make all 
'Building file: ../src/helloworld.c'
'Invoking: MicroBlaze gcc compiler'
mb-gcc -Wall -O0 -g3 -c -fmessage-length=0 -I../../AES_tests_bsp/microblaze_0/include -mlittle-endian -mxl-barrel-shift -mno-xl-soft-div -mcpu=v9.3 -mno-xl-soft-mul -mhard-float -Wl,--no-relax -ffunction-sections -fdata-sections -MMD -MP -MF"src/helloworld.d" -MT"src/helloworld.d" -o "src/helloworld.o" "../src/helloworld.c"
'Finished building: ../src/helloworld.c'
' '
'Building target: AES_tests.elf'
'Invoking: MicroBlaze gcc linker'
mb-gcc -Wl,-T -Wl,../src/lscript.ld -L../../AES_tests_bsp/microblaze_0/lib -mlittle-endian -mxl-barrel-shift -mno-xl-soft-div -mcpu=v9.3 -mno-xl-soft-mul -mhard-float -Wl,--no-relax -Wl,--gc-sections -o "AES_tests.elf"  ./src/helloworld.o ./src/platform.o   -Wl,--start-group,-lxil,-lgcc,-lc,--end-group
'Finished building target: AES_tests.elf'
' '
'Invoking: MicroBlaze Print Size'
mb-size AES_tests.elf  |tee "AES_tests.elf.size"
   text	   data	    bss	    dec	    hex	filename
 128184	   1492	   2164	 131840	  20300	AES_tests.elf
'Finished building: AES_tests.elf.size'
' '
19:32:59 **** Auto Build of project AES_tests_bsp ****
make -k all 
"Running Make include in microblaze_0/libsrc/bram_v4_0/src"
make -C microblaze_0/libsrc/bram_v4_0/src -s include -e "SHELL=CMD" "COMPILER=mb-gcc" "ARCHIVER=mb-ar" "COMPILER_FLAGS= -O2 -c -mcpu=v9.3 -mhard-float -mlittle-endian -mno-xl-soft-div -mno-xl-soft-mul -mxl-barrel-shift" "EXTRA_COMPILER_FLAGS=-g -ffunction-sections -fdata-sections"
"Running Make include in microblaze_0/libsrc/cpu_v2_0/src"
make -C microblaze_0/libsrc/cpu_v2_0/src -s include -e "SHELL=CMD" "COMPILER=mb-gcc" "ARCHIVER=mb-ar" "COMPILER_FLAGS= -O2 -c -mcpu=v9.3 -mhard-float -mlittle-endian -mno-xl-soft-div -mno-xl-soft-mul -mxl-barrel-shift" "EXTRA_COMPILER_FLAGS=-g -ffunction-sections -fdata-sections"
"Running Make include in microblaze_0/libsrc/intc_v3_0/src"
make -C microblaze_0/libsrc/intc_v3_0/src -s include -e "SHELL=CMD" "COMPILER=mb-gcc" "ARCHIVER=mb-ar" "COMPILER_FLAGS= -O2 -c -mcpu=v9.3 -mhard-float -mlittle-endian -mno-xl-soft-div -mno-xl-soft-mul -mxl-barrel-shift" "EXTRA_COMPILER_FLAGS=-g -ffunction-sections -fdata-sections"
"Running Make include in microblaze_0/libsrc/standalone_v4_0/src"
make -C microblaze_0/libsrc/standalone_v4_0/src -s include -e "SHELL=CMD" "COMPILER=mb-gcc" "ARCHIVER=mb-ar" "COMPILER_FLAGS= -O2 -c -mcpu=v9.3 -mhard-float -mlittle-endian -mno-xl-soft-div -mno-xl-soft-mul -mxl-barrel-shift" "EXTRA_COMPILER_FLAGS=-g -ffunction-sections -fdata-sections"
make[2]: Entering directory `C:/Projetos_git/repo/sdk_projects/project_uBlaze-AES/AES_tests_bsp/microblaze_0/libsrc/standalone_v4_0/src/profile'
cp -rf profile.h mblaze_nt_types.h _profile_timer_hw.h ../../../../include
make[2]: Leaving directory `C:/Projetos_git/repo/sdk_projects/project_uBlaze-AES/AES_tests_bsp/microblaze_0/libsrc/standalone_v4_0/src/profile'
"Running Make include in microblaze_0/libsrc/tmrctr_v3_0/src"
make -C microblaze_0/libsrc/tmrctr_v3_0/src -s include -e "SHELL=CMD" "COMPILER=mb-gcc" "ARCHIVER=mb-ar" "COMPILER_FLAGS= -O2 -c -mcpu=v9.3 -mhard-float -mlittle-endian -mno-xl-soft-div -mno-xl-soft-mul -mxl-barrel-shift" "EXTRA_COMPILER_FLAGS=-g -ffunction-sections -fdata-sections"
"Running Make include in microblaze_0/libsrc/uartlite_v3_0/src"
make -C microblaze_0/libsrc/uartlite_v3_0/src -s include -e "SHELL=CMD" "COMPILER=mb-gcc" "ARCHIVER=mb-ar" "COMPILER_FLAGS= -O2 -c -mcpu=v9.3 -mhard-float -mlittle-endian -mno-xl-soft-div -mno-xl-soft-mul -mxl-barrel-shift" "EXTRA_COMPILER_FLAGS=-g -ffunction-sections -fdata-sections"
"Running Make libs in microblaze_0/libsrc/bram_v4_0/src"
make -C microblaze_0/libsrc/bram_v4_0/src -s libs -e "SHELL=CMD" "COMPILER=mb-gcc" "ARCHIVER=mb-ar" "COMPILER_FLAGS= -O2 -c -mcpu=v9.3 -mhard-float -mlittle-endian -mno-xl-soft-div -mno-xl-soft-mul -mxl-barrel-shift" "EXTRA_COMPILER_FLAGS=-g -ffunction-sections -fdata-sections"
"Compiling bram"
make[2]: Entering directory `C:/Projetos_git/repo/sdk_projects/project_uBlaze-AES/AES_tests_bsp/microblaze_0/libsrc/bram_v4_0/src'
rm -rf *.o 
make[2]: Leaving directory `C:/Projetos_git/repo/sdk_projects/project_uBlaze-AES/AES_tests_bsp/microblaze_0/libsrc/bram_v4_0/src'
"Running Make libs in microblaze_0/libsrc/cpu_v2_0/src"
make -C microblaze_0/libsrc/cpu_v2_0/src -s libs -e "SHELL=CMD" "COMPILER=mb-gcc" "ARCHIVER=mb-ar" "COMPILER_FLAGS= -O2 -c -mcpu=v9.3 -mhard-float -mlittle-endian -mno-xl-soft-div -mno-xl-soft-mul -mxl-barrel-shift" "EXTRA_COMPILER_FLAGS=-g -ffunction-sections -fdata-sections"
"Compiling cpu"
make[2]: Entering directory `C:/Projetos_git/repo/sdk_projects/project_uBlaze-AES/AES_tests_bsp/microblaze_0/libsrc/cpu_v2_0/src'
rm -rf *.o
make[2]: Leaving directory `C:/Projetos_git/repo/sdk_projects/project_uBlaze-AES/AES_tests_bsp/microblaze_0/libsrc/cpu_v2_0/src'
"Running Make libs in microblaze_0/libsrc/intc_v3_0/src"
make -C microblaze_0/libsrc/intc_v3_0/src -s libs -e "SHELL=CMD" "COMPILER=mb-gcc" "ARCHIVER=mb-ar" "COMPILER_FLAGS= -O2 -c -mcpu=v9.3 -mhard-float -mlittle-endian -mno-xl-soft-div -mno-xl-soft-mul -mxl-barrel-shift" "EXTRA_COMPILER_FLAGS=-g -ffunction-sections -fdata-sections"
"Compiling intc"
make[2]: Entering directory `C:/Projetos_git/repo/sdk_projects/project_uBlaze-AES/AES_tests_bsp/microblaze_0/libsrc/intc_v3_0/src'
rm -rf *.o 
make[2]: Leaving directory `C:/Projetos_git/repo/sdk_projects/project_uBlaze-AES/AES_tests_bsp/microblaze_0/libsrc/intc_v3_0/src'
"Running Make libs in microblaze_0/libsrc/standalone_v4_0/src"
make -C microblaze_0/libsrc/standalone_v4_0/src -s libs -e "SHELL=CMD" "COMPILER=mb-gcc" "ARCHIVER=mb-ar" "COMPILER_FLAGS= -O2 -c -mcpu=v9.3 -mhard-float -mlittle-endian -mno-xl-soft-div -mno-xl-soft-mul -mxl-barrel-shift" "EXTRA_COMPILER_FLAGS=-g -ffunction-sections -fdata-sections"
"Compiling standalone";
"Running Make libs in microblaze_0/libsrc/tmrctr_v3_0/src"
make -C microblaze_0/libsrc/tmrctr_v3_0/src -s libs -e "SHELL=CMD" "COMPILER=mb-gcc" "ARCHIVER=mb-ar" "COMPILER_FLAGS= -O2 -c -mcpu=v9.3 -mhard-float -mlittle-endian -mno-xl-soft-div -mno-xl-soft-mul -mxl-barrel-shift" "EXTRA_COMPILER_FLAGS=-g -ffunction-sections -fdata-sections"
"Compiling tmrctr"
make[2]: Entering directory `C:/Projetos_git/repo/sdk_projects/project_uBlaze-AES/AES_tests_bsp/microblaze_0/libsrc/tmrctr_v3_0/src'
rm -rf *.o 
make[2]: Leaving directory `C:/Projetos_git/repo/sdk_projects/project_uBlaze-AES/AES_tests_bsp/microblaze_0/libsrc/tmrctr_v3_0/src'
"Running Make libs in microblaze_0/libsrc/uartlite_v3_0/src"
make -C microblaze_0/libsrc/uartlite_v3_0/src -s libs -e "SHELL=CMD" "COMPILER=mb-gcc" "ARCHIVER=mb-ar" "COMPILER_FLAGS= -O2 -c -mcpu=v9.3 -mhard-float -mlittle-endian -mno-xl-soft-div -mno-xl-soft-mul -mxl-barrel-shift" "EXTRA_COMPILER_FLAGS=-g -ffunction-sections -fdata-sections"
"Compiling uartlite"
make[2]: Entering directory `C:/Projetos_git/repo/sdk_projects/project_uBlaze-AES/AES_tests_bsp/microblaze_0/libsrc/uartlite_v3_0/src'
rm -rf *.o 
make[2]: Leaving directory `C:/Projetos_git/repo/sdk_projects/project_uBlaze-AES/AES_tests_bsp/microblaze_0/libsrc/uartlite_v3_0/src'
'Finished building libraries'
19:33:07 **** Auto Build of configuration Debug for project AES_tests ****
make all 
make: Nothing to be done for `all'.
19:34:09 **** Auto Build of configuration Debug for project AES_tests ****
make all 
'Building file: ../src/helloworld.c'
'Invoking: MicroBlaze gcc compiler'
mb-gcc -Wall -O0 -g3 -c -fmessage-length=0 -I../../AES_tests_bsp/microblaze_0/include -mlittle-endian -mxl-barrel-shift -mno-xl-soft-div -mcpu=v9.3 -mno-xl-soft-mul -mhard-float -Wl,--no-relax -ffunction-sections -fdata-sections -MMD -MP -MF"src/helloworld.d" -MT"src/helloworld.d" -o "src/helloworld.o" "../src/helloworld.c"
'Finished building: ../src/helloworld.c'
' '
'Building target: AES_tests.elf'
'Invoking: MicroBlaze gcc linker'
mb-gcc -Wl,-T -Wl,../src/lscript.ld -L../../AES_tests_bsp/microblaze_0/lib -mlittle-endian -mxl-barrel-shift -mno-xl-soft-div -mcpu=v9.3 -mno-xl-soft-mul -mhard-float -Wl,--no-relax -Wl,--gc-sections -o "AES_tests.elf"  ./src/helloworld.o ./src/platform.o   -Wl,--start-group,-lxil,-lgcc,-lc,--end-group
'Finished building target: AES_tests.elf'
' '
'Invoking: MicroBlaze Print Size'
mb-size AES_tests.elf  |tee "AES_tests.elf.size"
   text	   data	    bss	    dec	    hex	filename
 128192	   1492	   2164	 131848	  20308	AES_tests.elf
'Finished building: AES_tests.elf.size'
' '
19:34:33 **** Auto Build of project AES_tests_bsp ****
make -k all 
"Running Make include in microblaze_0/libsrc/bram_v4_0/src"
make -C microblaze_0/libsrc/bram_v4_0/src -s include -e "SHELL=CMD" "COMPILER=mb-gcc" "ARCHIVER=mb-ar" "COMPILER_FLAGS= -O2 -c -mcpu=v9.3 -mhard-float -mlittle-endian -mno-xl-soft-div -mno-xl-soft-mul -mxl-barrel-shift" "EXTRA_COMPILER_FLAGS=-g -ffunction-sections -fdata-sections"
"Running Make include in microblaze_0/libsrc/cpu_v2_0/src"
make -C microblaze_0/libsrc/cpu_v2_0/src -s include -e "SHELL=CMD" "COMPILER=mb-gcc" "ARCHIVER=mb-ar" "COMPILER_FLAGS= -O2 -c -mcpu=v9.3 -mhard-float -mlittle-endian -mno-xl-soft-div -mno-xl-soft-mul -mxl-barrel-shift" "EXTRA_COMPILER_FLAGS=-g -ffunction-sections -fdata-sections"
"Running Make include in microblaze_0/libsrc/intc_v3_0/src"
make -C microblaze_0/libsrc/intc_v3_0/src -s include -e "SHELL=CMD" "COMPILER=mb-gcc" "ARCHIVER=mb-ar" "COMPILER_FLAGS= -O2 -c -mcpu=v9.3 -mhard-float -mlittle-endian -mno-xl-soft-div -mno-xl-soft-mul -mxl-barrel-shift" "EXTRA_COMPILER_FLAGS=-g -ffunction-sections -fdata-sections"
"Running Make include in microblaze_0/libsrc/standalone_v4_0/src"
make -C microblaze_0/libsrc/standalone_v4_0/src -s include -e "SHELL=CMD" "COMPILER=mb-gcc" "ARCHIVER=mb-ar" "COMPILER_FLAGS= -O2 -c -mcpu=v9.3 -mhard-float -mlittle-endian -mno-xl-soft-div -mno-xl-soft-mul -mxl-barrel-shift" "EXTRA_COMPILER_FLAGS=-g -ffunction-sections -fdata-sections"
make[2]: Entering directory `C:/Projetos_git/repo/sdk_projects/project_uBlaze-AES/AES_tests_bsp/microblaze_0/libsrc/standalone_v4_0/src/profile'
cp -rf profile.h mblaze_nt_types.h _profile_timer_hw.h ../../../../include
make[2]: Leaving directory `C:/Projetos_git/repo/sdk_projects/project_uBlaze-AES/AES_tests_bsp/microblaze_0/libsrc/standalone_v4_0/src/profile'
"Running Make include in microblaze_0/libsrc/tmrctr_v3_0/src"
make -C microblaze_0/libsrc/tmrctr_v3_0/src -s include -e "SHELL=CMD" "COMPILER=mb-gcc" "ARCHIVER=mb-ar" "COMPILER_FLAGS= -O2 -c -mcpu=v9.3 -mhard-float -mlittle-endian -mno-xl-soft-div -mno-xl-soft-mul -mxl-barrel-shift" "EXTRA_COMPILER_FLAGS=-g -ffunction-sections -fdata-sections"
"Running Make include in microblaze_0/libsrc/uartlite_v3_0/src"
make -C microblaze_0/libsrc/uartlite_v3_0/src -s include -e "SHELL=CMD" "COMPILER=mb-gcc" "ARCHIVER=mb-ar" "COMPILER_FLAGS= -O2 -c -mcpu=v9.3 -mhard-float -mlittle-endian -mno-xl-soft-div -mno-xl-soft-mul -mxl-barrel-shift" "EXTRA_COMPILER_FLAGS=-g -ffunction-sections -fdata-sections"
"Running Make libs in microblaze_0/libsrc/bram_v4_0/src"
make -C microblaze_0/libsrc/bram_v4_0/src -s libs -e "SHELL=CMD" "COMPILER=mb-gcc" "ARCHIVER=mb-ar" "COMPILER_FLAGS= -O2 -c -mcpu=v9.3 -mhard-float -mlittle-endian -mno-xl-soft-div -mno-xl-soft-mul -mxl-barrel-shift" "EXTRA_COMPILER_FLAGS=-g -ffunction-sections -fdata-sections"
"Compiling bram"
make[2]: Entering directory `C:/Projetos_git/repo/sdk_projects/project_uBlaze-AES/AES_tests_bsp/microblaze_0/libsrc/bram_v4_0/src'
rm -rf *.o 
make[2]: Leaving directory `C:/Projetos_git/repo/sdk_projects/project_uBlaze-AES/AES_tests_bsp/microblaze_0/libsrc/bram_v4_0/src'
"Running Make libs in microblaze_0/libsrc/cpu_v2_0/src"
make -C microblaze_0/libsrc/cpu_v2_0/src -s libs -e "SHELL=CMD" "COMPILER=mb-gcc" "ARCHIVER=mb-ar" "COMPILER_FLAGS= -O2 -c -mcpu=v9.3 -mhard-float -mlittle-endian -mno-xl-soft-div -mno-xl-soft-mul -mxl-barrel-shift" "EXTRA_COMPILER_FLAGS=-g -ffunction-sections -fdata-sections"
"Compiling cpu"
make[2]: Entering directory `C:/Projetos_git/repo/sdk_projects/project_uBlaze-AES/AES_tests_bsp/microblaze_0/libsrc/cpu_v2_0/src'
rm -rf *.o
make[2]: Leaving directory `C:/Projetos_git/repo/sdk_projects/project_uBlaze-AES/AES_tests_bsp/microblaze_0/libsrc/cpu_v2_0/src'
"Running Make libs in microblaze_0/libsrc/intc_v3_0/src"
make -C microblaze_0/libsrc/intc_v3_0/src -s libs -e "SHELL=CMD" "COMPILER=mb-gcc" "ARCHIVER=mb-ar" "COMPILER_FLAGS= -O2 -c -mcpu=v9.3 -mhard-float -mlittle-endian -mno-xl-soft-div -mno-xl-soft-mul -mxl-barrel-shift" "EXTRA_COMPILER_FLAGS=-g -ffunction-sections -fdata-sections"
"Compiling intc"
make[2]: Entering directory `C:/Projetos_git/repo/sdk_projects/project_uBlaze-AES/AES_tests_bsp/microblaze_0/libsrc/intc_v3_0/src'
rm -rf *.o 
make[2]: Leaving directory `C:/Projetos_git/repo/sdk_projects/project_uBlaze-AES/AES_tests_bsp/microblaze_0/libsrc/intc_v3_0/src'
"Running Make libs in microblaze_0/libsrc/standalone_v4_0/src"
make -C microblaze_0/libsrc/standalone_v4_0/src -s libs -e "SHELL=CMD" "COMPILER=mb-gcc" "ARCHIVER=mb-ar" "COMPILER_FLAGS= -O2 -c -mcpu=v9.3 -mhard-float -mlittle-endian -mno-xl-soft-div -mno-xl-soft-mul -mxl-barrel-shift" "EXTRA_COMPILER_FLAGS=-g -ffunction-sections -fdata-sections"
"Compiling standalone";
"Running Make libs in microblaze_0/libsrc/tmrctr_v3_0/src"
make -C microblaze_0/libsrc/tmrctr_v3_0/src -s libs -e "SHELL=CMD" "COMPILER=mb-gcc" "ARCHIVER=mb-ar" "COMPILER_FLAGS= -O2 -c -mcpu=v9.3 -mhard-float -mlittle-endian -mno-xl-soft-div -mno-xl-soft-mul -mxl-barrel-shift" "EXTRA_COMPILER_FLAGS=-g -ffunction-sections -fdata-sections"
"Compiling tmrctr"
make[2]: Entering directory `C:/Projetos_git/repo/sdk_projects/project_uBlaze-AES/AES_tests_bsp/microblaze_0/libsrc/tmrctr_v3_0/src'
rm -rf *.o 
make[2]: Leaving directory `C:/Projetos_git/repo/sdk_projects/project_uBlaze-AES/AES_tests_bsp/microblaze_0/libsrc/tmrctr_v3_0/src'
"Running Make libs in microblaze_0/libsrc/uartlite_v3_0/src"
make -C microblaze_0/libsrc/uartlite_v3_0/src -s libs -e "SHELL=CMD" "COMPILER=mb-gcc" "ARCHIVER=mb-ar" "COMPILER_FLAGS= -O2 -c -mcpu=v9.3 -mhard-float -mlittle-endian -mno-xl-soft-div -mno-xl-soft-mul -mxl-barrel-shift" "EXTRA_COMPILER_FLAGS=-g -ffunction-sections -fdata-sections"
"Compiling uartlite"
make[2]: Entering directory `C:/Projetos_git/repo/sdk_projects/project_uBlaze-AES/AES_tests_bsp/microblaze_0/libsrc/uartlite_v3_0/src'
rm -rf *.o 
make[2]: Leaving directory `C:/Projetos_git/repo/sdk_projects/project_uBlaze-AES/AES_tests_bsp/microblaze_0/libsrc/uartlite_v3_0/src'
'Finished building libraries'
19:34:40 **** Auto Build of configuration Debug for project AES_tests ****
make all 
make: Nothing to be done for `all'.
19:35:43 **** Auto Build of configuration Debug for project AES_tests ****
make all 
'Building file: ../src/helloworld.c'
'Invoking: MicroBlaze gcc compiler'
mb-gcc -Wall -O0 -g3 -c -fmessage-length=0 -I../../AES_tests_bsp/microblaze_0/include -mlittle-endian -mxl-barrel-shift -mno-xl-soft-div -mcpu=v9.3 -mno-xl-soft-mul -mhard-float -Wl,--no-relax -ffunction-sections -fdata-sections -MMD -MP -MF"src/helloworld.d" -MT"src/helloworld.d" -o "src/helloworld.o" "../src/helloworld.c"
'Finished building: ../src/helloworld.c'
' '
'Building target: AES_tests.elf'
'Invoking: MicroBlaze gcc linker'
mb-gcc -Wl,-T -Wl,../src/lscript.ld -L../../AES_tests_bsp/microblaze_0/lib -mlittle-endian -mxl-barrel-shift -mno-xl-soft-div -mcpu=v9.3 -mno-xl-soft-mul -mhard-float -Wl,--no-relax -Wl,--gc-sections -o "AES_tests.elf"  ./src/helloworld.o ./src/platform.o   -Wl,--start-group,-lxil,-lgcc,-lc,--end-group
'Finished building target: AES_tests.elf'
' '
'Invoking: MicroBlaze Print Size'
mb-size AES_tests.elf  |tee "AES_tests.elf.size"
   text	   data	    bss	    dec	    hex	filename
 128192	   1492	   2164	 131848	  20308	AES_tests.elf
'Finished building: AES_tests.elf.size'
' '
19:35:57 **** Auto Build of project AES_tests_bsp ****
make -k all 
"Running Make include in microblaze_0/libsrc/bram_v4_0/src"
make -C microblaze_0/libsrc/bram_v4_0/src -s include -e "SHELL=CMD" "COMPILER=mb-gcc" "ARCHIVER=mb-ar" "COMPILER_FLAGS= -O2 -c -mcpu=v9.3 -mhard-float -mlittle-endian -mno-xl-soft-div -mno-xl-soft-mul -mxl-barrel-shift" "EXTRA_COMPILER_FLAGS=-g -ffunction-sections -fdata-sections"
"Running Make include in microblaze_0/libsrc/cpu_v2_0/src"
make -C microblaze_0/libsrc/cpu_v2_0/src -s include -e "SHELL=CMD" "COMPILER=mb-gcc" "ARCHIVER=mb-ar" "COMPILER_FLAGS= -O2 -c -mcpu=v9.3 -mhard-float -mlittle-endian -mno-xl-soft-div -mno-xl-soft-mul -mxl-barrel-shift" "EXTRA_COMPILER_FLAGS=-g -ffunction-sections -fdata-sections"
"Running Make include in microblaze_0/libsrc/intc_v3_0/src"
make -C microblaze_0/libsrc/intc_v3_0/src -s include -e "SHELL=CMD" "COMPILER=mb-gcc" "ARCHIVER=mb-ar" "COMPILER_FLAGS= -O2 -c -mcpu=v9.3 -mhard-float -mlittle-endian -mno-xl-soft-div -mno-xl-soft-mul -mxl-barrel-shift" "EXTRA_COMPILER_FLAGS=-g -ffunction-sections -fdata-sections"
"Running Make include in microblaze_0/libsrc/standalone_v4_0/src"
make -C microblaze_0/libsrc/standalone_v4_0/src -s include -e "SHELL=CMD" "COMPILER=mb-gcc" "ARCHIVER=mb-ar" "COMPILER_FLAGS= -O2 -c -mcpu=v9.3 -mhard-float -mlittle-endian -mno-xl-soft-div -mno-xl-soft-mul -mxl-barrel-shift" "EXTRA_COMPILER_FLAGS=-g -ffunction-sections -fdata-sections"
make[2]: Entering directory `C:/Projetos_git/repo/sdk_projects/project_uBlaze-AES/AES_tests_bsp/microblaze_0/libsrc/standalone_v4_0/src/profile'
cp -rf profile.h mblaze_nt_types.h _profile_timer_hw.h ../../../../include
make[2]: Leaving directory `C:/Projetos_git/repo/sdk_projects/project_uBlaze-AES/AES_tests_bsp/microblaze_0/libsrc/standalone_v4_0/src/profile'
"Running Make include in microblaze_0/libsrc/tmrctr_v3_0/src"
make -C microblaze_0/libsrc/tmrctr_v3_0/src -s include -e "SHELL=CMD" "COMPILER=mb-gcc" "ARCHIVER=mb-ar" "COMPILER_FLAGS= -O2 -c -mcpu=v9.3 -mhard-float -mlittle-endian -mno-xl-soft-div -mno-xl-soft-mul -mxl-barrel-shift" "EXTRA_COMPILER_FLAGS=-g -ffunction-sections -fdata-sections"
"Running Make include in microblaze_0/libsrc/uartlite_v3_0/src"
make -C microblaze_0/libsrc/uartlite_v3_0/src -s include -e "SHELL=CMD" "COMPILER=mb-gcc" "ARCHIVER=mb-ar" "COMPILER_FLAGS= -O2 -c -mcpu=v9.3 -mhard-float -mlittle-endian -mno-xl-soft-div -mno-xl-soft-mul -mxl-barrel-shift" "EXTRA_COMPILER_FLAGS=-g -ffunction-sections -fdata-sections"
"Running Make libs in microblaze_0/libsrc/bram_v4_0/src"
make -C microblaze_0/libsrc/bram_v4_0/src -s libs -e "SHELL=CMD" "COMPILER=mb-gcc" "ARCHIVER=mb-ar" "COMPILER_FLAGS= -O2 -c -mcpu=v9.3 -mhard-float -mlittle-endian -mno-xl-soft-div -mno-xl-soft-mul -mxl-barrel-shift" "EXTRA_COMPILER_FLAGS=-g -ffunction-sections -fdata-sections"
"Compiling bram"
make[2]: Entering directory `C:/Projetos_git/repo/sdk_projects/project_uBlaze-AES/AES_tests_bsp/microblaze_0/libsrc/bram_v4_0/src'
rm -rf *.o 
make[2]: Leaving directory `C:/Projetos_git/repo/sdk_projects/project_uBlaze-AES/AES_tests_bsp/microblaze_0/libsrc/bram_v4_0/src'
"Running Make libs in microblaze_0/libsrc/cpu_v2_0/src"
make -C microblaze_0/libsrc/cpu_v2_0/src -s libs -e "SHELL=CMD" "COMPILER=mb-gcc" "ARCHIVER=mb-ar" "COMPILER_FLAGS= -O2 -c -mcpu=v9.3 -mhard-float -mlittle-endian -mno-xl-soft-div -mno-xl-soft-mul -mxl-barrel-shift" "EXTRA_COMPILER_FLAGS=-g -ffunction-sections -fdata-sections"
"Compiling cpu"
make[2]: Entering directory `C:/Projetos_git/repo/sdk_projects/project_uBlaze-AES/AES_tests_bsp/microblaze_0/libsrc/cpu_v2_0/src'
rm -rf *.o
make[2]: Leaving directory `C:/Projetos_git/repo/sdk_projects/project_uBlaze-AES/AES_tests_bsp/microblaze_0/libsrc/cpu_v2_0/src'
"Running Make libs in microblaze_0/libsrc/intc_v3_0/src"
make -C microblaze_0/libsrc/intc_v3_0/src -s libs -e "SHELL=CMD" "COMPILER=mb-gcc" "ARCHIVER=mb-ar" "COMPILER_FLAGS= -O2 -c -mcpu=v9.3 -mhard-float -mlittle-endian -mno-xl-soft-div -mno-xl-soft-mul -mxl-barrel-shift" "EXTRA_COMPILER_FLAGS=-g -ffunction-sections -fdata-sections"
"Compiling intc"
make[2]: Entering directory `C:/Projetos_git/repo/sdk_projects/project_uBlaze-AES/AES_tests_bsp/microblaze_0/libsrc/intc_v3_0/src'
rm -rf *.o 
make[2]: Leaving directory `C:/Projetos_git/repo/sdk_projects/project_uBlaze-AES/AES_tests_bsp/microblaze_0/libsrc/intc_v3_0/src'
"Running Make libs in microblaze_0/libsrc/standalone_v4_0/src"
make -C microblaze_0/libsrc/standalone_v4_0/src -s libs -e "SHELL=CMD" "COMPILER=mb-gcc" "ARCHIVER=mb-ar" "COMPILER_FLAGS= -O2 -c -mcpu=v9.3 -mhard-float -mlittle-endian -mno-xl-soft-div -mno-xl-soft-mul -mxl-barrel-shift" "EXTRA_COMPILER_FLAGS=-g -ffunction-sections -fdata-sections"
"Compiling standalone";
"Running Make libs in microblaze_0/libsrc/tmrctr_v3_0/src"
make -C microblaze_0/libsrc/tmrctr_v3_0/src -s libs -e "SHELL=CMD" "COMPILER=mb-gcc" "ARCHIVER=mb-ar" "COMPILER_FLAGS= -O2 -c -mcpu=v9.3 -mhard-float -mlittle-endian -mno-xl-soft-div -mno-xl-soft-mul -mxl-barrel-shift" "EXTRA_COMPILER_FLAGS=-g -ffunction-sections -fdata-sections"
"Compiling tmrctr"
make[2]: Entering directory `C:/Projetos_git/repo/sdk_projects/project_uBlaze-AES/AES_tests_bsp/microblaze_0/libsrc/tmrctr_v3_0/src'
rm -rf *.o 
make[2]: Leaving directory `C:/Projetos_git/repo/sdk_projects/project_uBlaze-AES/AES_tests_bsp/microblaze_0/libsrc/tmrctr_v3_0/src'
"Running Make libs in microblaze_0/libsrc/uartlite_v3_0/src"
make -C microblaze_0/libsrc/uartlite_v3_0/src -s libs -e "SHELL=CMD" "COMPILER=mb-gcc" "ARCHIVER=mb-ar" "COMPILER_FLAGS= -O2 -c -mcpu=v9.3 -mhard-float -mlittle-endian -mno-xl-soft-div -mno-xl-soft-mul -mxl-barrel-shift" "EXTRA_COMPILER_FLAGS=-g -ffunction-sections -fdata-sections"
"Compiling uartlite"
make[2]: Entering directory `C:/Projetos_git/repo/sdk_projects/project_uBlaze-AES/AES_tests_bsp/microblaze_0/libsrc/uartlite_v3_0/src'
rm -rf *.o 
make[2]: Leaving directory `C:/Projetos_git/repo/sdk_projects/project_uBlaze-AES/AES_tests_bsp/microblaze_0/libsrc/uartlite_v3_0/src'
'Finished building libraries'
19:36:04 **** Auto Build of configuration Debug for project AES_tests ****
make all 
make: Nothing to be done for `all'.
19:36:59 **** Auto Build of configuration Debug for project AES_tests ****
make all 
'Building file: ../src/helloworld.c'
'Invoking: MicroBlaze gcc compiler'
mb-gcc -Wall -O0 -g3 -c -fmessage-length=0 -I../../AES_tests_bsp/microblaze_0/include -mlittle-endian -mxl-barrel-shift -mno-xl-soft-div -mcpu=v9.3 -mno-xl-soft-mul -mhard-float -Wl,--no-relax -ffunction-sections -fdata-sections -MMD -MP -MF"src/helloworld.d" -MT"src/helloworld.d" -o "src/helloworld.o" "../src/helloworld.c"
'Finished building: ../src/helloworld.c'
' '
'Building target: AES_tests.elf'
'Invoking: MicroBlaze gcc linker'
mb-gcc -Wl,-T -Wl,../src/lscript.ld -L../../AES_tests_bsp/microblaze_0/lib -mlittle-endian -mxl-barrel-shift -mno-xl-soft-div -mcpu=v9.3 -mno-xl-soft-mul -mhard-float -Wl,--no-relax -Wl,--gc-sections -o "AES_tests.elf"  ./src/helloworld.o ./src/platform.o   -Wl,--start-group,-lxil,-lgcc,-lc,--end-group
'Finished building target: AES_tests.elf'
' '
'Invoking: MicroBlaze Print Size'
mb-size AES_tests.elf  |tee "AES_tests.elf.size"
   text	   data	    bss	    dec	    hex	filename
 128560	   1492	   2164	 132216	  20478	AES_tests.elf
'Finished building: AES_tests.elf.size'
' '
19:37:13 **** Auto Build of project AES_tests_bsp ****
make -k all 
"Running Make include in microblaze_0/libsrc/bram_v4_0/src"
make -C microblaze_0/libsrc/bram_v4_0/src -s include -e "SHELL=CMD" "COMPILER=mb-gcc" "ARCHIVER=mb-ar" "COMPILER_FLAGS= -O2 -c -mcpu=v9.3 -mhard-float -mlittle-endian -mno-xl-soft-div -mno-xl-soft-mul -mxl-barrel-shift" "EXTRA_COMPILER_FLAGS=-g -ffunction-sections -fdata-sections"
"Running Make include in microblaze_0/libsrc/cpu_v2_0/src"
make -C microblaze_0/libsrc/cpu_v2_0/src -s include -e "SHELL=CMD" "COMPILER=mb-gcc" "ARCHIVER=mb-ar" "COMPILER_FLAGS= -O2 -c -mcpu=v9.3 -mhard-float -mlittle-endian -mno-xl-soft-div -mno-xl-soft-mul -mxl-barrel-shift" "EXTRA_COMPILER_FLAGS=-g -ffunction-sections -fdata-sections"
"Running Make include in microblaze_0/libsrc/intc_v3_0/src"
make -C microblaze_0/libsrc/intc_v3_0/src -s include -e "SHELL=CMD" "COMPILER=mb-gcc" "ARCHIVER=mb-ar" "COMPILER_FLAGS= -O2 -c -mcpu=v9.3 -mhard-float -mlittle-endian -mno-xl-soft-div -mno-xl-soft-mul -mxl-barrel-shift" "EXTRA_COMPILER_FLAGS=-g -ffunction-sections -fdata-sections"
"Running Make include in microblaze_0/libsrc/standalone_v4_0/src"
make -C microblaze_0/libsrc/standalone_v4_0/src -s include -e "SHELL=CMD" "COMPILER=mb-gcc" "ARCHIVER=mb-ar" "COMPILER_FLAGS= -O2 -c -mcpu=v9.3 -mhard-float -mlittle-endian -mno-xl-soft-div -mno-xl-soft-mul -mxl-barrel-shift" "EXTRA_COMPILER_FLAGS=-g -ffunction-sections -fdata-sections"
make[2]: Entering directory `C:/Projetos_git/repo/sdk_projects/project_uBlaze-AES/AES_tests_bsp/microblaze_0/libsrc/standalone_v4_0/src/profile'
cp -rf profile.h mblaze_nt_types.h _profile_timer_hw.h ../../../../include
make[2]: Leaving directory `C:/Projetos_git/repo/sdk_projects/project_uBlaze-AES/AES_tests_bsp/microblaze_0/libsrc/standalone_v4_0/src/profile'
"Running Make include in microblaze_0/libsrc/tmrctr_v3_0/src"
make -C microblaze_0/libsrc/tmrctr_v3_0/src -s include -e "SHELL=CMD" "COMPILER=mb-gcc" "ARCHIVER=mb-ar" "COMPILER_FLAGS= -O2 -c -mcpu=v9.3 -mhard-float -mlittle-endian -mno-xl-soft-div -mno-xl-soft-mul -mxl-barrel-shift" "EXTRA_COMPILER_FLAGS=-g -ffunction-sections -fdata-sections"
"Running Make include in microblaze_0/libsrc/uartlite_v3_0/src"
make -C microblaze_0/libsrc/uartlite_v3_0/src -s include -e "SHELL=CMD" "COMPILER=mb-gcc" "ARCHIVER=mb-ar" "COMPILER_FLAGS= -O2 -c -mcpu=v9.3 -mhard-float -mlittle-endian -mno-xl-soft-div -mno-xl-soft-mul -mxl-barrel-shift" "EXTRA_COMPILER_FLAGS=-g -ffunction-sections -fdata-sections"
"Running Make libs in microblaze_0/libsrc/bram_v4_0/src"
make -C microblaze_0/libsrc/bram_v4_0/src -s libs -e "SHELL=CMD" "COMPILER=mb-gcc" "ARCHIVER=mb-ar" "COMPILER_FLAGS= -O2 -c -mcpu=v9.3 -mhard-float -mlittle-endian -mno-xl-soft-div -mno-xl-soft-mul -mxl-barrel-shift" "EXTRA_COMPILER_FLAGS=-g -ffunction-sections -fdata-sections"
"Compiling bram"
make[2]: Entering directory `C:/Projetos_git/repo/sdk_projects/project_uBlaze-AES/AES_tests_bsp/microblaze_0/libsrc/bram_v4_0/src'
rm -rf *.o 
make[2]: Leaving directory `C:/Projetos_git/repo/sdk_projects/project_uBlaze-AES/AES_tests_bsp/microblaze_0/libsrc/bram_v4_0/src'
"Running Make libs in microblaze_0/libsrc/cpu_v2_0/src"
make -C microblaze_0/libsrc/cpu_v2_0/src -s libs -e "SHELL=CMD" "COMPILER=mb-gcc" "ARCHIVER=mb-ar" "COMPILER_FLAGS= -O2 -c -mcpu=v9.3 -mhard-float -mlittle-endian -mno-xl-soft-div -mno-xl-soft-mul -mxl-barrel-shift" "EXTRA_COMPILER_FLAGS=-g -ffunction-sections -fdata-sections"
"Compiling cpu"
make[2]: Entering directory `C:/Projetos_git/repo/sdk_projects/project_uBlaze-AES/AES_tests_bsp/microblaze_0/libsrc/cpu_v2_0/src'
rm -rf *.o
make[2]: Leaving directory `C:/Projetos_git/repo/sdk_projects/project_uBlaze-AES/AES_tests_bsp/microblaze_0/libsrc/cpu_v2_0/src'
"Running Make libs in microblaze_0/libsrc/intc_v3_0/src"
make -C microblaze_0/libsrc/intc_v3_0/src -s libs -e "SHELL=CMD" "COMPILER=mb-gcc" "ARCHIVER=mb-ar" "COMPILER_FLAGS= -O2 -c -mcpu=v9.3 -mhard-float -mlittle-endian -mno-xl-soft-div -mno-xl-soft-mul -mxl-barrel-shift" "EXTRA_COMPILER_FLAGS=-g -ffunction-sections -fdata-sections"
"Compiling intc"
make[2]: Entering directory `C:/Projetos_git/repo/sdk_projects/project_uBlaze-AES/AES_tests_bsp/microblaze_0/libsrc/intc_v3_0/src'
rm -rf *.o 
make[2]: Leaving directory `C:/Projetos_git/repo/sdk_projects/project_uBlaze-AES/AES_tests_bsp/microblaze_0/libsrc/intc_v3_0/src'
"Running Make libs in microblaze_0/libsrc/standalone_v4_0/src"
make -C microblaze_0/libsrc/standalone_v4_0/src -s libs -e "SHELL=CMD" "COMPILER=mb-gcc" "ARCHIVER=mb-ar" "COMPILER_FLAGS= -O2 -c -mcpu=v9.3 -mhard-float -mlittle-endian -mno-xl-soft-div -mno-xl-soft-mul -mxl-barrel-shift" "EXTRA_COMPILER_FLAGS=-g -ffunction-sections -fdata-sections"
"Compiling standalone";
"Running Make libs in microblaze_0/libsrc/tmrctr_v3_0/src"
make -C microblaze_0/libsrc/tmrctr_v3_0/src -s libs -e "SHELL=CMD" "COMPILER=mb-gcc" "ARCHIVER=mb-ar" "COMPILER_FLAGS= -O2 -c -mcpu=v9.3 -mhard-float -mlittle-endian -mno-xl-soft-div -mno-xl-soft-mul -mxl-barrel-shift" "EXTRA_COMPILER_FLAGS=-g -ffunction-sections -fdata-sections"
"Compiling tmrctr"
make[2]: Entering directory `C:/Projetos_git/repo/sdk_projects/project_uBlaze-AES/AES_tests_bsp/microblaze_0/libsrc/tmrctr_v3_0/src'
rm -rf *.o 
make[2]: Leaving directory `C:/Projetos_git/repo/sdk_projects/project_uBlaze-AES/AES_tests_bsp/microblaze_0/libsrc/tmrctr_v3_0/src'
"Running Make libs in microblaze_0/libsrc/uartlite_v3_0/src"
make -C microblaze_0/libsrc/uartlite_v3_0/src -s libs -e "SHELL=CMD" "COMPILER=mb-gcc" "ARCHIVER=mb-ar" "COMPILER_FLAGS= -O2 -c -mcpu=v9.3 -mhard-float -mlittle-endian -mno-xl-soft-div -mno-xl-soft-mul -mxl-barrel-shift" "EXTRA_COMPILER_FLAGS=-g -ffunction-sections -fdata-sections"
"Compiling uartlite"
make[2]: Entering directory `C:/Projetos_git/repo/sdk_projects/project_uBlaze-AES/AES_tests_bsp/microblaze_0/libsrc/uartlite_v3_0/src'
rm -rf *.o 
make[2]: Leaving directory `C:/Projetos_git/repo/sdk_projects/project_uBlaze-AES/AES_tests_bsp/microblaze_0/libsrc/uartlite_v3_0/src'
'Finished building libraries'
19:37:19 **** Auto Build of configuration Debug for project AES_tests ****
make all 
make: Nothing to be done for `all'.
19:38:30 **** Auto Build of configuration Debug for project AES_tests ****
make all 
'Building file: ../src/helloworld.c'
'Invoking: MicroBlaze gcc compiler'
mb-gcc -Wall -O0 -g3 -c -fmessage-length=0 -I../../AES_tests_bsp/microblaze_0/include -mlittle-endian -mxl-barrel-shift -mno-xl-soft-div -mcpu=v9.3 -mno-xl-soft-mul -mhard-float -Wl,--no-relax -ffunction-sections -fdata-sections -MMD -MP -MF"src/helloworld.d" -MT"src/helloworld.d" -o "src/helloworld.o" "../src/helloworld.c"
'Finished building: ../src/helloworld.c'
' '
'Building target: AES_tests.elf'
'Invoking: MicroBlaze gcc linker'
mb-gcc -Wl,-T -Wl,../src/lscript.ld -L../../AES_tests_bsp/microblaze_0/lib -mlittle-endian -mxl-barrel-shift -mno-xl-soft-div -mcpu=v9.3 -mno-xl-soft-mul -mhard-float -Wl,--no-relax -Wl,--gc-sections -o "AES_tests.elf"  ./src/helloworld.o ./src/platform.o   -Wl,--start-group,-lxil,-lgcc,-lc,--end-group
'Finished building target: AES_tests.elf'
' '
'Invoking: MicroBlaze Print Size'
mb-size AES_tests.elf  |tee "AES_tests.elf.size"
   text	   data	    bss	    dec	    hex	filename
 128556	   1492	   2168	 132216	  20478	AES_tests.elf
'Finished building: AES_tests.elf.size'
' '
19:38:43 **** Auto Build of project AES_tests_bsp ****
make -k all 
"Running Make include in microblaze_0/libsrc/bram_v4_0/src"
make -C microblaze_0/libsrc/bram_v4_0/src -s include -e "SHELL=CMD" "COMPILER=mb-gcc" "ARCHIVER=mb-ar" "COMPILER_FLAGS= -O2 -c -mcpu=v9.3 -mhard-float -mlittle-endian -mno-xl-soft-div -mno-xl-soft-mul -mxl-barrel-shift" "EXTRA_COMPILER_FLAGS=-g -ffunction-sections -fdata-sections"
"Running Make include in microblaze_0/libsrc/cpu_v2_0/src"
make -C microblaze_0/libsrc/cpu_v2_0/src -s include -e "SHELL=CMD" "COMPILER=mb-gcc" "ARCHIVER=mb-ar" "COMPILER_FLAGS= -O2 -c -mcpu=v9.3 -mhard-float -mlittle-endian -mno-xl-soft-div -mno-xl-soft-mul -mxl-barrel-shift" "EXTRA_COMPILER_FLAGS=-g -ffunction-sections -fdata-sections"
"Running Make include in microblaze_0/libsrc/intc_v3_0/src"
make -C microblaze_0/libsrc/intc_v3_0/src -s include -e "SHELL=CMD" "COMPILER=mb-gcc" "ARCHIVER=mb-ar" "COMPILER_FLAGS= -O2 -c -mcpu=v9.3 -mhard-float -mlittle-endian -mno-xl-soft-div -mno-xl-soft-mul -mxl-barrel-shift" "EXTRA_COMPILER_FLAGS=-g -ffunction-sections -fdata-sections"
"Running Make include in microblaze_0/libsrc/standalone_v4_0/src"
make -C microblaze_0/libsrc/standalone_v4_0/src -s include -e "SHELL=CMD" "COMPILER=mb-gcc" "ARCHIVER=mb-ar" "COMPILER_FLAGS= -O2 -c -mcpu=v9.3 -mhard-float -mlittle-endian -mno-xl-soft-div -mno-xl-soft-mul -mxl-barrel-shift" "EXTRA_COMPILER_FLAGS=-g -ffunction-sections -fdata-sections"
make[2]: Entering directory `C:/Projetos_git/repo/sdk_projects/project_uBlaze-AES/AES_tests_bsp/microblaze_0/libsrc/standalone_v4_0/src/profile'
cp -rf profile.h mblaze_nt_types.h _profile_timer_hw.h ../../../../include
make[2]: Leaving directory `C:/Projetos_git/repo/sdk_projects/project_uBlaze-AES/AES_tests_bsp/microblaze_0/libsrc/standalone_v4_0/src/profile'
"Running Make include in microblaze_0/libsrc/tmrctr_v3_0/src"
make -C microblaze_0/libsrc/tmrctr_v3_0/src -s include -e "SHELL=CMD" "COMPILER=mb-gcc" "ARCHIVER=mb-ar" "COMPILER_FLAGS= -O2 -c -mcpu=v9.3 -mhard-float -mlittle-endian -mno-xl-soft-div -mno-xl-soft-mul -mxl-barrel-shift" "EXTRA_COMPILER_FLAGS=-g -ffunction-sections -fdata-sections"
"Running Make include in microblaze_0/libsrc/uartlite_v3_0/src"
make -C microblaze_0/libsrc/uartlite_v3_0/src -s include -e "SHELL=CMD" "COMPILER=mb-gcc" "ARCHIVER=mb-ar" "COMPILER_FLAGS= -O2 -c -mcpu=v9.3 -mhard-float -mlittle-endian -mno-xl-soft-div -mno-xl-soft-mul -mxl-barrel-shift" "EXTRA_COMPILER_FLAGS=-g -ffunction-sections -fdata-sections"
"Running Make libs in microblaze_0/libsrc/bram_v4_0/src"
make -C microblaze_0/libsrc/bram_v4_0/src -s libs -e "SHELL=CMD" "COMPILER=mb-gcc" "ARCHIVER=mb-ar" "COMPILER_FLAGS= -O2 -c -mcpu=v9.3 -mhard-float -mlittle-endian -mno-xl-soft-div -mno-xl-soft-mul -mxl-barrel-shift" "EXTRA_COMPILER_FLAGS=-g -ffunction-sections -fdata-sections"
"Compiling bram"
make[2]: Entering directory `C:/Projetos_git/repo/sdk_projects/project_uBlaze-AES/AES_tests_bsp/microblaze_0/libsrc/bram_v4_0/src'
rm -rf *.o 
make[2]: Leaving directory `C:/Projetos_git/repo/sdk_projects/project_uBlaze-AES/AES_tests_bsp/microblaze_0/libsrc/bram_v4_0/src'
"Running Make libs in microblaze_0/libsrc/cpu_v2_0/src"
make -C microblaze_0/libsrc/cpu_v2_0/src -s libs -e "SHELL=CMD" "COMPILER=mb-gcc" "ARCHIVER=mb-ar" "COMPILER_FLAGS= -O2 -c -mcpu=v9.3 -mhard-float -mlittle-endian -mno-xl-soft-div -mno-xl-soft-mul -mxl-barrel-shift" "EXTRA_COMPILER_FLAGS=-g -ffunction-sections -fdata-sections"
"Compiling cpu"
make[2]: Entering directory `C:/Projetos_git/repo/sdk_projects/project_uBlaze-AES/AES_tests_bsp/microblaze_0/libsrc/cpu_v2_0/src'
rm -rf *.o
make[2]: Leaving directory `C:/Projetos_git/repo/sdk_projects/project_uBlaze-AES/AES_tests_bsp/microblaze_0/libsrc/cpu_v2_0/src'
"Running Make libs in microblaze_0/libsrc/intc_v3_0/src"
make -C microblaze_0/libsrc/intc_v3_0/src -s libs -e "SHELL=CMD" "COMPILER=mb-gcc" "ARCHIVER=mb-ar" "COMPILER_FLAGS= -O2 -c -mcpu=v9.3 -mhard-float -mlittle-endian -mno-xl-soft-div -mno-xl-soft-mul -mxl-barrel-shift" "EXTRA_COMPILER_FLAGS=-g -ffunction-sections -fdata-sections"
"Compiling intc"
make[2]: Entering directory `C:/Projetos_git/repo/sdk_projects/project_uBlaze-AES/AES_tests_bsp/microblaze_0/libsrc/intc_v3_0/src'
rm -rf *.o 
make[2]: Leaving directory `C:/Projetos_git/repo/sdk_projects/project_uBlaze-AES/AES_tests_bsp/microblaze_0/libsrc/intc_v3_0/src'
"Running Make libs in microblaze_0/libsrc/standalone_v4_0/src"
make -C microblaze_0/libsrc/standalone_v4_0/src -s libs -e "SHELL=CMD" "COMPILER=mb-gcc" "ARCHIVER=mb-ar" "COMPILER_FLAGS= -O2 -c -mcpu=v9.3 -mhard-float -mlittle-endian -mno-xl-soft-div -mno-xl-soft-mul -mxl-barrel-shift" "EXTRA_COMPILER_FLAGS=-g -ffunction-sections -fdata-sections"
"Compiling standalone";
"Running Make libs in microblaze_0/libsrc/tmrctr_v3_0/src"
make -C microblaze_0/libsrc/tmrctr_v3_0/src -s libs -e "SHELL=CMD" "COMPILER=mb-gcc" "ARCHIVER=mb-ar" "COMPILER_FLAGS= -O2 -c -mcpu=v9.3 -mhard-float -mlittle-endian -mno-xl-soft-div -mno-xl-soft-mul -mxl-barrel-shift" "EXTRA_COMPILER_FLAGS=-g -ffunction-sections -fdata-sections"
"Compiling tmrctr"
make[2]: Entering directory `C:/Projetos_git/repo/sdk_projects/project_uBlaze-AES/AES_tests_bsp/microblaze_0/libsrc/tmrctr_v3_0/src'
rm -rf *.o 
make[2]: Leaving directory `C:/Projetos_git/repo/sdk_projects/project_uBlaze-AES/AES_tests_bsp/microblaze_0/libsrc/tmrctr_v3_0/src'
"Running Make libs in microblaze_0/libsrc/uartlite_v3_0/src"
make -C microblaze_0/libsrc/uartlite_v3_0/src -s libs -e "SHELL=CMD" "COMPILER=mb-gcc" "ARCHIVER=mb-ar" "COMPILER_FLAGS= -O2 -c -mcpu=v9.3 -mhard-float -mlittle-endian -mno-xl-soft-div -mno-xl-soft-mul -mxl-barrel-shift" "EXTRA_COMPILER_FLAGS=-g -ffunction-sections -fdata-sections"
"Compiling uartlite"
make[2]: Entering directory `C:/Projetos_git/repo/sdk_projects/project_uBlaze-AES/AES_tests_bsp/microblaze_0/libsrc/uartlite_v3_0/src'
rm -rf *.o 
make[2]: Leaving directory `C:/Projetos_git/repo/sdk_projects/project_uBlaze-AES/AES_tests_bsp/microblaze_0/libsrc/uartlite_v3_0/src'
'Finished building libraries'
19:38:50 **** Auto Build of configuration Debug for project AES_tests ****
make all 
make: Nothing to be done for `all'.
19:41:44 **** Auto Build of configuration Debug for project AES_tests ****
make all 
'Building file: ../src/helloworld.c'
'Invoking: MicroBlaze gcc compiler'
mb-gcc -Wall -O0 -g3 -c -fmessage-length=0 -I../../AES_tests_bsp/microblaze_0/include -mlittle-endian -mxl-barrel-shift -mno-xl-soft-div -mcpu=v9.3 -mno-xl-soft-mul -mhard-float -Wl,--no-relax -ffunction-sections -fdata-sections -MMD -MP -MF"src/helloworld.d" -MT"src/helloworld.d" -o "src/helloworld.o" "../src/helloworld.c"
'Finished building: ../src/helloworld.c'
' '
'Building target: AES_tests.elf'
'Invoking: MicroBlaze gcc linker'
mb-gcc -Wl,-T -Wl,../src/lscript.ld -L../../AES_tests_bsp/microblaze_0/lib -mlittle-endian -mxl-barrel-shift -mno-xl-soft-div -mcpu=v9.3 -mno-xl-soft-mul -mhard-float -Wl,--no-relax -Wl,--gc-sections -o "AES_tests.elf"  ./src/helloworld.o ./src/platform.o   -Wl,--start-group,-lxil,-lgcc,-lc,--end-group
'Finished building target: AES_tests.elf'
' '
'Invoking: MicroBlaze Print Size'
mb-size AES_tests.elf  |tee "AES_tests.elf.size"
   text	   data	    bss	    dec	    hex	filename
 128632	   1492	   2164	 132288	  204c0	AES_tests.elf
'Finished building: AES_tests.elf.size'
' '
19:41:57 **** Auto Build of project AES_tests_bsp ****
make -k all 
"Running Make include in microblaze_0/libsrc/bram_v4_0/src"
make -C microblaze_0/libsrc/bram_v4_0/src -s include -e "SHELL=CMD" "COMPILER=mb-gcc" "ARCHIVER=mb-ar" "COMPILER_FLAGS= -O2 -c -mcpu=v9.3 -mhard-float -mlittle-endian -mno-xl-soft-div -mno-xl-soft-mul -mxl-barrel-shift" "EXTRA_COMPILER_FLAGS=-g -ffunction-sections -fdata-sections"
"Running Make include in microblaze_0/libsrc/cpu_v2_0/src"
make -C microblaze_0/libsrc/cpu_v2_0/src -s include -e "SHELL=CMD" "COMPILER=mb-gcc" "ARCHIVER=mb-ar" "COMPILER_FLAGS= -O2 -c -mcpu=v9.3 -mhard-float -mlittle-endian -mno-xl-soft-div -mno-xl-soft-mul -mxl-barrel-shift" "EXTRA_COMPILER_FLAGS=-g -ffunction-sections -fdata-sections"
"Running Make include in microblaze_0/libsrc/intc_v3_0/src"
make -C microblaze_0/libsrc/intc_v3_0/src -s include -e "SHELL=CMD" "COMPILER=mb-gcc" "ARCHIVER=mb-ar" "COMPILER_FLAGS= -O2 -c -mcpu=v9.3 -mhard-float -mlittle-endian -mno-xl-soft-div -mno-xl-soft-mul -mxl-barrel-shift" "EXTRA_COMPILER_FLAGS=-g -ffunction-sections -fdata-sections"
"Running Make include in microblaze_0/libsrc/standalone_v4_0/src"
make -C microblaze_0/libsrc/standalone_v4_0/src -s include -e "SHELL=CMD" "COMPILER=mb-gcc" "ARCHIVER=mb-ar" "COMPILER_FLAGS= -O2 -c -mcpu=v9.3 -mhard-float -mlittle-endian -mno-xl-soft-div -mno-xl-soft-mul -mxl-barrel-shift" "EXTRA_COMPILER_FLAGS=-g -ffunction-sections -fdata-sections"
make[2]: Entering directory `C:/Projetos_git/repo/sdk_projects/project_uBlaze-AES/AES_tests_bsp/microblaze_0/libsrc/standalone_v4_0/src/profile'
cp -rf profile.h mblaze_nt_types.h _profile_timer_hw.h ../../../../include
make[2]: Leaving directory `C:/Projetos_git/repo/sdk_projects/project_uBlaze-AES/AES_tests_bsp/microblaze_0/libsrc/standalone_v4_0/src/profile'
"Running Make include in microblaze_0/libsrc/tmrctr_v3_0/src"
make -C microblaze_0/libsrc/tmrctr_v3_0/src -s include -e "SHELL=CMD" "COMPILER=mb-gcc" "ARCHIVER=mb-ar" "COMPILER_FLAGS= -O2 -c -mcpu=v9.3 -mhard-float -mlittle-endian -mno-xl-soft-div -mno-xl-soft-mul -mxl-barrel-shift" "EXTRA_COMPILER_FLAGS=-g -ffunction-sections -fdata-sections"
"Running Make include in microblaze_0/libsrc/uartlite_v3_0/src"
make -C microblaze_0/libsrc/uartlite_v3_0/src -s include -e "SHELL=CMD" "COMPILER=mb-gcc" "ARCHIVER=mb-ar" "COMPILER_FLAGS= -O2 -c -mcpu=v9.3 -mhard-float -mlittle-endian -mno-xl-soft-div -mno-xl-soft-mul -mxl-barrel-shift" "EXTRA_COMPILER_FLAGS=-g -ffunction-sections -fdata-sections"
"Running Make libs in microblaze_0/libsrc/bram_v4_0/src"
make -C microblaze_0/libsrc/bram_v4_0/src -s libs -e "SHELL=CMD" "COMPILER=mb-gcc" "ARCHIVER=mb-ar" "COMPILER_FLAGS= -O2 -c -mcpu=v9.3 -mhard-float -mlittle-endian -mno-xl-soft-div -mno-xl-soft-mul -mxl-barrel-shift" "EXTRA_COMPILER_FLAGS=-g -ffunction-sections -fdata-sections"
"Compiling bram"
make[2]: Entering directory `C:/Projetos_git/repo/sdk_projects/project_uBlaze-AES/AES_tests_bsp/microblaze_0/libsrc/bram_v4_0/src'
rm -rf *.o 
make[2]: Leaving directory `C:/Projetos_git/repo/sdk_projects/project_uBlaze-AES/AES_tests_bsp/microblaze_0/libsrc/bram_v4_0/src'
"Running Make libs in microblaze_0/libsrc/cpu_v2_0/src"
make -C microblaze_0/libsrc/cpu_v2_0/src -s libs -e "SHELL=CMD" "COMPILER=mb-gcc" "ARCHIVER=mb-ar" "COMPILER_FLAGS= -O2 -c -mcpu=v9.3 -mhard-float -mlittle-endian -mno-xl-soft-div -mno-xl-soft-mul -mxl-barrel-shift" "EXTRA_COMPILER_FLAGS=-g -ffunction-sections -fdata-sections"
"Compiling cpu"
make[2]: Entering directory `C:/Projetos_git/repo/sdk_projects/project_uBlaze-AES/AES_tests_bsp/microblaze_0/libsrc/cpu_v2_0/src'
rm -rf *.o
make[2]: Leaving directory `C:/Projetos_git/repo/sdk_projects/project_uBlaze-AES/AES_tests_bsp/microblaze_0/libsrc/cpu_v2_0/src'
"Running Make libs in microblaze_0/libsrc/intc_v3_0/src"
make -C microblaze_0/libsrc/intc_v3_0/src -s libs -e "SHELL=CMD" "COMPILER=mb-gcc" "ARCHIVER=mb-ar" "COMPILER_FLAGS= -O2 -c -mcpu=v9.3 -mhard-float -mlittle-endian -mno-xl-soft-div -mno-xl-soft-mul -mxl-barrel-shift" "EXTRA_COMPILER_FLAGS=-g -ffunction-sections -fdata-sections"
"Compiling intc"
make[2]: Entering directory `C:/Projetos_git/repo/sdk_projects/project_uBlaze-AES/AES_tests_bsp/microblaze_0/libsrc/intc_v3_0/src'
rm -rf *.o 
make[2]: Leaving directory `C:/Projetos_git/repo/sdk_projects/project_uBlaze-AES/AES_tests_bsp/microblaze_0/libsrc/intc_v3_0/src'
"Running Make libs in microblaze_0/libsrc/standalone_v4_0/src"
make -C microblaze_0/libsrc/standalone_v4_0/src -s libs -e "SHELL=CMD" "COMPILER=mb-gcc" "ARCHIVER=mb-ar" "COMPILER_FLAGS= -O2 -c -mcpu=v9.3 -mhard-float -mlittle-endian -mno-xl-soft-div -mno-xl-soft-mul -mxl-barrel-shift" "EXTRA_COMPILER_FLAGS=-g -ffunction-sections -fdata-sections"
"Compiling standalone";
"Running Make libs in microblaze_0/libsrc/tmrctr_v3_0/src"
make -C microblaze_0/libsrc/tmrctr_v3_0/src -s libs -e "SHELL=CMD" "COMPILER=mb-gcc" "ARCHIVER=mb-ar" "COMPILER_FLAGS= -O2 -c -mcpu=v9.3 -mhard-float -mlittle-endian -mno-xl-soft-div -mno-xl-soft-mul -mxl-barrel-shift" "EXTRA_COMPILER_FLAGS=-g -ffunction-sections -fdata-sections"
"Compiling tmrctr"
make[2]: Entering directory `C:/Projetos_git/repo/sdk_projects/project_uBlaze-AES/AES_tests_bsp/microblaze_0/libsrc/tmrctr_v3_0/src'
rm -rf *.o 
make[2]: Leaving directory `C:/Projetos_git/repo/sdk_projects/project_uBlaze-AES/AES_tests_bsp/microblaze_0/libsrc/tmrctr_v3_0/src'
"Running Make libs in microblaze_0/libsrc/uartlite_v3_0/src"
make -C microblaze_0/libsrc/uartlite_v3_0/src -s libs -e "SHELL=CMD" "COMPILER=mb-gcc" "ARCHIVER=mb-ar" "COMPILER_FLAGS= -O2 -c -mcpu=v9.3 -mhard-float -mlittle-endian -mno-xl-soft-div -mno-xl-soft-mul -mxl-barrel-shift" "EXTRA_COMPILER_FLAGS=-g -ffunction-sections -fdata-sections"
"Compiling uartlite"
make[2]: Entering directory `C:/Projetos_git/repo/sdk_projects/project_uBlaze-AES/AES_tests_bsp/microblaze_0/libsrc/uartlite_v3_0/src'
rm -rf *.o 
make[2]: Leaving directory `C:/Projetos_git/repo/sdk_projects/project_uBlaze-AES/AES_tests_bsp/microblaze_0/libsrc/uartlite_v3_0/src'
'Finished building libraries'
19:42:03 **** Auto Build of configuration Debug for project AES_tests ****
make all 
make: Nothing to be done for `all'.
19:42:36 **** Auto Build of configuration Debug for project AES_tests ****
make all 
'Building file: ../src/helloworld.c'
'Invoking: MicroBlaze gcc compiler'
mb-gcc -Wall -O0 -g3 -c -fmessage-length=0 -I../../AES_tests_bsp/microblaze_0/include -mlittle-endian -mxl-barrel-shift -mno-xl-soft-div -mcpu=v9.3 -mno-xl-soft-mul -mhard-float -Wl,--no-relax -ffunction-sections -fdata-sections -MMD -MP -MF"src/helloworld.d" -MT"src/helloworld.d" -o "src/helloworld.o" "../src/helloworld.c"
'Finished building: ../src/helloworld.c'
' '
'Building target: AES_tests.elf'
'Invoking: MicroBlaze gcc linker'
mb-gcc -Wl,-T -Wl,../src/lscript.ld -L../../AES_tests_bsp/microblaze_0/lib -mlittle-endian -mxl-barrel-shift -mno-xl-soft-div -mcpu=v9.3 -mno-xl-soft-mul -mhard-float -Wl,--no-relax -Wl,--gc-sections -o "AES_tests.elf"  ./src/helloworld.o ./src/platform.o   -Wl,--start-group,-lxil,-lgcc,-lc,--end-group
'Finished building target: AES_tests.elf'
' '
'Invoking: MicroBlaze Print Size'
mb-size AES_tests.elf  |tee "AES_tests.elf.size"
   text	   data	    bss	    dec	    hex	filename
 128628	   1492	   2168	 132288	  204c0	AES_tests.elf
'Finished building: AES_tests.elf.size'
' '
19:42:50 **** Auto Build of project AES_tests_bsp ****
make -k all 
"Running Make include in microblaze_0/libsrc/bram_v4_0/src"
make -C microblaze_0/libsrc/bram_v4_0/src -s include -e "SHELL=CMD" "COMPILER=mb-gcc" "ARCHIVER=mb-ar" "COMPILER_FLAGS= -O2 -c -mcpu=v9.3 -mhard-float -mlittle-endian -mno-xl-soft-div -mno-xl-soft-mul -mxl-barrel-shift" "EXTRA_COMPILER_FLAGS=-g -ffunction-sections -fdata-sections"
"Running Make include in microblaze_0/libsrc/cpu_v2_0/src"
make -C microblaze_0/libsrc/cpu_v2_0/src -s include -e "SHELL=CMD" "COMPILER=mb-gcc" "ARCHIVER=mb-ar" "COMPILER_FLAGS= -O2 -c -mcpu=v9.3 -mhard-float -mlittle-endian -mno-xl-soft-div -mno-xl-soft-mul -mxl-barrel-shift" "EXTRA_COMPILER_FLAGS=-g -ffunction-sections -fdata-sections"
"Running Make include in microblaze_0/libsrc/intc_v3_0/src"
make -C microblaze_0/libsrc/intc_v3_0/src -s include -e "SHELL=CMD" "COMPILER=mb-gcc" "ARCHIVER=mb-ar" "COMPILER_FLAGS= -O2 -c -mcpu=v9.3 -mhard-float -mlittle-endian -mno-xl-soft-div -mno-xl-soft-mul -mxl-barrel-shift" "EXTRA_COMPILER_FLAGS=-g -ffunction-sections -fdata-sections"
"Running Make include in microblaze_0/libsrc/standalone_v4_0/src"
make -C microblaze_0/libsrc/standalone_v4_0/src -s include -e "SHELL=CMD" "COMPILER=mb-gcc" "ARCHIVER=mb-ar" "COMPILER_FLAGS= -O2 -c -mcpu=v9.3 -mhard-float -mlittle-endian -mno-xl-soft-div -mno-xl-soft-mul -mxl-barrel-shift" "EXTRA_COMPILER_FLAGS=-g -ffunction-sections -fdata-sections"
make[2]: Entering directory `C:/Projetos_git/repo/sdk_projects/project_uBlaze-AES/AES_tests_bsp/microblaze_0/libsrc/standalone_v4_0/src/profile'
cp -rf profile.h mblaze_nt_types.h _profile_timer_hw.h ../../../../include
make[2]: Leaving directory `C:/Projetos_git/repo/sdk_projects/project_uBlaze-AES/AES_tests_bsp/microblaze_0/libsrc/standalone_v4_0/src/profile'
"Running Make include in microblaze_0/libsrc/tmrctr_v3_0/src"
make -C microblaze_0/libsrc/tmrctr_v3_0/src -s include -e "SHELL=CMD" "COMPILER=mb-gcc" "ARCHIVER=mb-ar" "COMPILER_FLAGS= -O2 -c -mcpu=v9.3 -mhard-float -mlittle-endian -mno-xl-soft-div -mno-xl-soft-mul -mxl-barrel-shift" "EXTRA_COMPILER_FLAGS=-g -ffunction-sections -fdata-sections"
"Running Make include in microblaze_0/libsrc/uartlite_v3_0/src"
make -C microblaze_0/libsrc/uartlite_v3_0/src -s include -e "SHELL=CMD" "COMPILER=mb-gcc" "ARCHIVER=mb-ar" "COMPILER_FLAGS= -O2 -c -mcpu=v9.3 -mhard-float -mlittle-endian -mno-xl-soft-div -mno-xl-soft-mul -mxl-barrel-shift" "EXTRA_COMPILER_FLAGS=-g -ffunction-sections -fdata-sections"
"Running Make libs in microblaze_0/libsrc/bram_v4_0/src"
make -C microblaze_0/libsrc/bram_v4_0/src -s libs -e "SHELL=CMD" "COMPILER=mb-gcc" "ARCHIVER=mb-ar" "COMPILER_FLAGS= -O2 -c -mcpu=v9.3 -mhard-float -mlittle-endian -mno-xl-soft-div -mno-xl-soft-mul -mxl-barrel-shift" "EXTRA_COMPILER_FLAGS=-g -ffunction-sections -fdata-sections"
"Compiling bram"
make[2]: Entering directory `C:/Projetos_git/repo/sdk_projects/project_uBlaze-AES/AES_tests_bsp/microblaze_0/libsrc/bram_v4_0/src'
rm -rf *.o 
make[2]: Leaving directory `C:/Projetos_git/repo/sdk_projects/project_uBlaze-AES/AES_tests_bsp/microblaze_0/libsrc/bram_v4_0/src'
"Running Make libs in microblaze_0/libsrc/cpu_v2_0/src"
make -C microblaze_0/libsrc/cpu_v2_0/src -s libs -e "SHELL=CMD" "COMPILER=mb-gcc" "ARCHIVER=mb-ar" "COMPILER_FLAGS= -O2 -c -mcpu=v9.3 -mhard-float -mlittle-endian -mno-xl-soft-div -mno-xl-soft-mul -mxl-barrel-shift" "EXTRA_COMPILER_FLAGS=-g -ffunction-sections -fdata-sections"
"Compiling cpu"
make[2]: Entering directory `C:/Projetos_git/repo/sdk_projects/project_uBlaze-AES/AES_tests_bsp/microblaze_0/libsrc/cpu_v2_0/src'
rm -rf *.o
make[2]: Leaving directory `C:/Projetos_git/repo/sdk_projects/project_uBlaze-AES/AES_tests_bsp/microblaze_0/libsrc/cpu_v2_0/src'
"Running Make libs in microblaze_0/libsrc/intc_v3_0/src"
make -C microblaze_0/libsrc/intc_v3_0/src -s libs -e "SHELL=CMD" "COMPILER=mb-gcc" "ARCHIVER=mb-ar" "COMPILER_FLAGS= -O2 -c -mcpu=v9.3 -mhard-float -mlittle-endian -mno-xl-soft-div -mno-xl-soft-mul -mxl-barrel-shift" "EXTRA_COMPILER_FLAGS=-g -ffunction-sections -fdata-sections"
"Compiling intc"
make[2]: Entering directory `C:/Projetos_git/repo/sdk_projects/project_uBlaze-AES/AES_tests_bsp/microblaze_0/libsrc/intc_v3_0/src'
rm -rf *.o 
make[2]: Leaving directory `C:/Projetos_git/repo/sdk_projects/project_uBlaze-AES/AES_tests_bsp/microblaze_0/libsrc/intc_v3_0/src'
"Running Make libs in microblaze_0/libsrc/standalone_v4_0/src"
make -C microblaze_0/libsrc/standalone_v4_0/src -s libs -e "SHELL=CMD" "COMPILER=mb-gcc" "ARCHIVER=mb-ar" "COMPILER_FLAGS= -O2 -c -mcpu=v9.3 -mhard-float -mlittle-endian -mno-xl-soft-div -mno-xl-soft-mul -mxl-barrel-shift" "EXTRA_COMPILER_FLAGS=-g -ffunction-sections -fdata-sections"
"Compiling standalone";
"Running Make libs in microblaze_0/libsrc/tmrctr_v3_0/src"
make -C microblaze_0/libsrc/tmrctr_v3_0/src -s libs -e "SHELL=CMD" "COMPILER=mb-gcc" "ARCHIVER=mb-ar" "COMPILER_FLAGS= -O2 -c -mcpu=v9.3 -mhard-float -mlittle-endian -mno-xl-soft-div -mno-xl-soft-mul -mxl-barrel-shift" "EXTRA_COMPILER_FLAGS=-g -ffunction-sections -fdata-sections"
"Compiling tmrctr"
make[2]: Entering directory `C:/Projetos_git/repo/sdk_projects/project_uBlaze-AES/AES_tests_bsp/microblaze_0/libsrc/tmrctr_v3_0/src'
rm -rf *.o 
make[2]: Leaving directory `C:/Projetos_git/repo/sdk_projects/project_uBlaze-AES/AES_tests_bsp/microblaze_0/libsrc/tmrctr_v3_0/src'
"Running Make libs in microblaze_0/libsrc/uartlite_v3_0/src"
make -C microblaze_0/libsrc/uartlite_v3_0/src -s libs -e "SHELL=CMD" "COMPILER=mb-gcc" "ARCHIVER=mb-ar" "COMPILER_FLAGS= -O2 -c -mcpu=v9.3 -mhard-float -mlittle-endian -mno-xl-soft-div -mno-xl-soft-mul -mxl-barrel-shift" "EXTRA_COMPILER_FLAGS=-g -ffunction-sections -fdata-sections"
"Compiling uartlite"
make[2]: Entering directory `C:/Projetos_git/repo/sdk_projects/project_uBlaze-AES/AES_tests_bsp/microblaze_0/libsrc/uartlite_v3_0/src'
rm -rf *.o 
make[2]: Leaving directory `C:/Projetos_git/repo/sdk_projects/project_uBlaze-AES/AES_tests_bsp/microblaze_0/libsrc/uartlite_v3_0/src'
'Finished building libraries'
19:42:56 **** Auto Build of configuration Debug for project AES_tests ****
make all 
make: Nothing to be done for `all'.
19:43:26 **** Auto Build of configuration Debug for project AES_tests ****
make all 
'Building file: ../src/helloworld.c'
'Invoking: MicroBlaze gcc compiler'
mb-gcc -Wall -O0 -g3 -c -fmessage-length=0 -I../../AES_tests_bsp/microblaze_0/include -mlittle-endian -mxl-barrel-shift -mno-xl-soft-div -mcpu=v9.3 -mno-xl-soft-mul -mhard-float -Wl,--no-relax -ffunction-sections -fdata-sections -MMD -MP -MF"src/helloworld.d" -MT"src/helloworld.d" -o "src/helloworld.o" "../src/helloworld.c"
'Finished building: ../src/helloworld.c'
' '
'Building target: AES_tests.elf'
'Invoking: MicroBlaze gcc linker'
mb-gcc -Wl,-T -Wl,../src/lscript.ld -L../../AES_tests_bsp/microblaze_0/lib -mlittle-endian -mxl-barrel-shift -mno-xl-soft-div -mcpu=v9.3 -mno-xl-soft-mul -mhard-float -Wl,--no-relax -Wl,--gc-sections -o "AES_tests.elf"  ./src/helloworld.o ./src/platform.o   -Wl,--start-group,-lxil,-lgcc,-lc,--end-group
'Finished building target: AES_tests.elf'
' '
'Invoking: MicroBlaze Print Size'
mb-size AES_tests.elf  |tee "AES_tests.elf.size"
   text	   data	    bss	    dec	    hex	filename
  77052	   1484	   2168	  80704	  13b40	AES_tests.elf
'Finished building: AES_tests.elf.size'
' '
19:43:39 **** Auto Build of project AES_tests_bsp ****
make -k all 
"Running Make include in microblaze_0/libsrc/bram_v4_0/src"
make -C microblaze_0/libsrc/bram_v4_0/src -s include -e "SHELL=CMD" "COMPILER=mb-gcc" "ARCHIVER=mb-ar" "COMPILER_FLAGS= -O2 -c -mcpu=v9.3 -mhard-float -mlittle-endian -mno-xl-soft-div -mno-xl-soft-mul -mxl-barrel-shift" "EXTRA_COMPILER_FLAGS=-g -ffunction-sections -fdata-sections"
"Running Make include in microblaze_0/libsrc/cpu_v2_0/src"
make -C microblaze_0/libsrc/cpu_v2_0/src -s include -e "SHELL=CMD" "COMPILER=mb-gcc" "ARCHIVER=mb-ar" "COMPILER_FLAGS= -O2 -c -mcpu=v9.3 -mhard-float -mlittle-endian -mno-xl-soft-div -mno-xl-soft-mul -mxl-barrel-shift" "EXTRA_COMPILER_FLAGS=-g -ffunction-sections -fdata-sections"
"Running Make include in microblaze_0/libsrc/intc_v3_0/src"
make -C microblaze_0/libsrc/intc_v3_0/src -s include -e "SHELL=CMD" "COMPILER=mb-gcc" "ARCHIVER=mb-ar" "COMPILER_FLAGS= -O2 -c -mcpu=v9.3 -mhard-float -mlittle-endian -mno-xl-soft-div -mno-xl-soft-mul -mxl-barrel-shift" "EXTRA_COMPILER_FLAGS=-g -ffunction-sections -fdata-sections"
"Running Make include in microblaze_0/libsrc/standalone_v4_0/src"
make -C microblaze_0/libsrc/standalone_v4_0/src -s include -e "SHELL=CMD" "COMPILER=mb-gcc" "ARCHIVER=mb-ar" "COMPILER_FLAGS= -O2 -c -mcpu=v9.3 -mhard-float -mlittle-endian -mno-xl-soft-div -mno-xl-soft-mul -mxl-barrel-shift" "EXTRA_COMPILER_FLAGS=-g -ffunction-sections -fdata-sections"
make[2]: Entering directory `C:/Projetos_git/repo/sdk_projects/project_uBlaze-AES/AES_tests_bsp/microblaze_0/libsrc/standalone_v4_0/src/profile'
cp -rf profile.h mblaze_nt_types.h _profile_timer_hw.h ../../../../include
make[2]: Leaving directory `C:/Projetos_git/repo/sdk_projects/project_uBlaze-AES/AES_tests_bsp/microblaze_0/libsrc/standalone_v4_0/src/profile'
"Running Make include in microblaze_0/libsrc/tmrctr_v3_0/src"
make -C microblaze_0/libsrc/tmrctr_v3_0/src -s include -e "SHELL=CMD" "COMPILER=mb-gcc" "ARCHIVER=mb-ar" "COMPILER_FLAGS= -O2 -c -mcpu=v9.3 -mhard-float -mlittle-endian -mno-xl-soft-div -mno-xl-soft-mul -mxl-barrel-shift" "EXTRA_COMPILER_FLAGS=-g -ffunction-sections -fdata-sections"
"Running Make include in microblaze_0/libsrc/uartlite_v3_0/src"
make -C microblaze_0/libsrc/uartlite_v3_0/src -s include -e "SHELL=CMD" "COMPILER=mb-gcc" "ARCHIVER=mb-ar" "COMPILER_FLAGS= -O2 -c -mcpu=v9.3 -mhard-float -mlittle-endian -mno-xl-soft-div -mno-xl-soft-mul -mxl-barrel-shift" "EXTRA_COMPILER_FLAGS=-g -ffunction-sections -fdata-sections"
"Running Make libs in microblaze_0/libsrc/bram_v4_0/src"
make -C microblaze_0/libsrc/bram_v4_0/src -s libs -e "SHELL=CMD" "COMPILER=mb-gcc" "ARCHIVER=mb-ar" "COMPILER_FLAGS= -O2 -c -mcpu=v9.3 -mhard-float -mlittle-endian -mno-xl-soft-div -mno-xl-soft-mul -mxl-barrel-shift" "EXTRA_COMPILER_FLAGS=-g -ffunction-sections -fdata-sections"
"Compiling bram"
make[2]: Entering directory `C:/Projetos_git/repo/sdk_projects/project_uBlaze-AES/AES_tests_bsp/microblaze_0/libsrc/bram_v4_0/src'
rm -rf *.o 
make[2]: Leaving directory `C:/Projetos_git/repo/sdk_projects/project_uBlaze-AES/AES_tests_bsp/microblaze_0/libsrc/bram_v4_0/src'
"Running Make libs in microblaze_0/libsrc/cpu_v2_0/src"
make -C microblaze_0/libsrc/cpu_v2_0/src -s libs -e "SHELL=CMD" "COMPILER=mb-gcc" "ARCHIVER=mb-ar" "COMPILER_FLAGS= -O2 -c -mcpu=v9.3 -mhard-float -mlittle-endian -mno-xl-soft-div -mno-xl-soft-mul -mxl-barrel-shift" "EXTRA_COMPILER_FLAGS=-g -ffunction-sections -fdata-sections"
"Compiling cpu"
make[2]: Entering directory `C:/Projetos_git/repo/sdk_projects/project_uBlaze-AES/AES_tests_bsp/microblaze_0/libsrc/cpu_v2_0/src'
rm -rf *.o
make[2]: Leaving directory `C:/Projetos_git/repo/sdk_projects/project_uBlaze-AES/AES_tests_bsp/microblaze_0/libsrc/cpu_v2_0/src'
"Running Make libs in microblaze_0/libsrc/intc_v3_0/src"
make -C microblaze_0/libsrc/intc_v3_0/src -s libs -e "SHELL=CMD" "COMPILER=mb-gcc" "ARCHIVER=mb-ar" "COMPILER_FLAGS= -O2 -c -mcpu=v9.3 -mhard-float -mlittle-endian -mno-xl-soft-div -mno-xl-soft-mul -mxl-barrel-shift" "EXTRA_COMPILER_FLAGS=-g -ffunction-sections -fdata-sections"
"Compiling intc"
make[2]: Entering directory `C:/Projetos_git/repo/sdk_projects/project_uBlaze-AES/AES_tests_bsp/microblaze_0/libsrc/intc_v3_0/src'
rm -rf *.o 
make[2]: Leaving directory `C:/Projetos_git/repo/sdk_projects/project_uBlaze-AES/AES_tests_bsp/microblaze_0/libsrc/intc_v3_0/src'
"Running Make libs in microblaze_0/libsrc/standalone_v4_0/src"
make -C microblaze_0/libsrc/standalone_v4_0/src -s libs -e "SHELL=CMD" "COMPILER=mb-gcc" "ARCHIVER=mb-ar" "COMPILER_FLAGS= -O2 -c -mcpu=v9.3 -mhard-float -mlittle-endian -mno-xl-soft-div -mno-xl-soft-mul -mxl-barrel-shift" "EXTRA_COMPILER_FLAGS=-g -ffunction-sections -fdata-sections"
"Compiling standalone";
"Running Make libs in microblaze_0/libsrc/tmrctr_v3_0/src"
make -C microblaze_0/libsrc/tmrctr_v3_0/src -s libs -e "SHELL=CMD" "COMPILER=mb-gcc" "ARCHIVER=mb-ar" "COMPILER_FLAGS= -O2 -c -mcpu=v9.3 -mhard-float -mlittle-endian -mno-xl-soft-div -mno-xl-soft-mul -mxl-barrel-shift" "EXTRA_COMPILER_FLAGS=-g -ffunction-sections -fdata-sections"
"Compiling tmrctr"
make[2]: Entering directory `C:/Projetos_git/repo/sdk_projects/project_uBlaze-AES/AES_tests_bsp/microblaze_0/libsrc/tmrctr_v3_0/src'
rm -rf *.o 
make[2]: Leaving directory `C:/Projetos_git/repo/sdk_projects/project_uBlaze-AES/AES_tests_bsp/microblaze_0/libsrc/tmrctr_v3_0/src'
"Running Make libs in microblaze_0/libsrc/uartlite_v3_0/src"
make -C microblaze_0/libsrc/uartlite_v3_0/src -s libs -e "SHELL=CMD" "COMPILER=mb-gcc" "ARCHIVER=mb-ar" "COMPILER_FLAGS= -O2 -c -mcpu=v9.3 -mhard-float -mlittle-endian -mno-xl-soft-div -mno-xl-soft-mul -mxl-barrel-shift" "EXTRA_COMPILER_FLAGS=-g -ffunction-sections -fdata-sections"
"Compiling uartlite"
make[2]: Entering directory `C:/Projetos_git/repo/sdk_projects/project_uBlaze-AES/AES_tests_bsp/microblaze_0/libsrc/uartlite_v3_0/src'
rm -rf *.o 
make[2]: Leaving directory `C:/Projetos_git/repo/sdk_projects/project_uBlaze-AES/AES_tests_bsp/microblaze_0/libsrc/uartlite_v3_0/src'
[...]
make[2]: Entering directory `C:/Projetos_git/repo/sdk_projects/project_uBlaze-AES/AES_tests_bsp/microblaze_0/libsrc/standalone_v4_0/src/profile'
cp -rf profile.h mblaze_nt_types.h _profile_timer_hw.h ../../../../include
make[2]: Leaving directory `C:/Projetos_git/repo/sdk_projects/project_uBlaze-AES/AES_tests_bsp/microblaze_0/libsrc/standalone_v4_0/src/profile'
"Running Make include in microblaze_0/libsrc/tmrctr_v3_0/src"
make -C microblaze_0/libsrc/tmrctr_v3_0/src -s include -e "SHELL=CMD" "COMPILER=mb-gcc" "ARCHIVER=mb-ar" "COMPILER_FLAGS= -O2 -c -mcpu=v9.3 -mhard-float -mlittle-endian -mno-xl-soft-div -mno-xl-soft-mul -mxl-barrel-shift" "EXTRA_COMPILER_FLAGS=-g -ffunction-sections -fdata-sections"
"Running Make include in microblaze_0/libsrc/uartlite_v3_0/src"
make -C microblaze_0/libsrc/uartlite_v3_0/src -s include -e "SHELL=CMD" "COMPILER=mb-gcc" "ARCHIVER=mb-ar" "COMPILER_FLAGS= -O2 -c -mcpu=v9.3 -mhard-float -mlittle-endian -mno-xl-soft-div -mno-xl-soft-mul -mxl-barrel-shift" "EXTRA_COMPILER_FLAGS=-g -ffunction-sections -fdata-sections"
"Running Make libs in microblaze_0/libsrc/bram_v4_0/src"
make -C microblaze_0/libsrc/bram_v4_0/src -s libs -e "SHELL=CMD" "COMPILER=mb-gcc" "ARCHIVER=mb-ar" "COMPILER_FLAGS= -O2 -c -mcpu=v9.3 -mhard-float -mlittle-endian -mno-xl-soft-div -mno-xl-soft-mul -mxl-barrel-shift" "EXTRA_COMPILER_FLAGS=-g -ffunction-sections -fdata-sections"
"Compiling bram"
make[2]: Entering directory `C:/Projetos_git/repo/sdk_projects/project_uBlaze-AES/AES_tests_bsp/microblaze_0/libsrc/bram_v4_0/src'
rm -rf *.o 
make[2]: Leaving directory `C:/Projetos_git/repo/sdk_projects/project_uBlaze-AES/AES_tests_bsp/microblaze_0/libsrc/bram_v4_0/src'
"Running Make libs in microblaze_0/libsrc/cpu_v2_0/src"
make -C microblaze_0/libsrc/cpu_v2_0/src -s libs -e "SHELL=CMD" "COMPILER=mb-gcc" "ARCHIVER=mb-ar" "COMPILER_FLAGS= -O2 -c -mcpu=v9.3 -mhard-float -mlittle-endian -mno-xl-soft-div -mno-xl-soft-mul -mxl-barrel-shift" "EXTRA_COMPILER_FLAGS=-g -ffunction-sections -fdata-sections"
"Compiling cpu"
make[2]: Entering directory `C:/Projetos_git/repo/sdk_projects/project_uBlaze-AES/AES_tests_bsp/microblaze_0/libsrc/cpu_v2_0/src'
rm -rf *.o
make[2]: Leaving directory `C:/Projetos_git/repo/sdk_projects/project_uBlaze-AES/AES_tests_bsp/microblaze_0/libsrc/cpu_v2_0/src'
"Running Make libs in microblaze_0/libsrc/intc_v3_0/src"
make -C microblaze_0/libsrc/intc_v3_0/src -s libs -e "SHELL=CMD" "COMPILER=mb-gcc" "ARCHIVER=mb-ar" "COMPILER_FLAGS= -O2 -c -mcpu=v9.3 -mhard-float -mlittle-endian -mno-xl-soft-div -mno-xl-soft-mul -mxl-barrel-shift" "EXTRA_COMPILER_FLAGS=-g -ffunction-sections -fdata-sections"
"Compiling intc"
make[2]: Entering directory `C:/Projetos_git/repo/sdk_projects/project_uBlaze-AES/AES_tests_bsp/microblaze_0/libsrc/intc_v3_0/src'
rm -rf *.o 
make[2]: Leaving directory `C:/Projetos_git/repo/sdk_projects/project_uBlaze-AES/AES_tests_bsp/microblaze_0/libsrc/intc_v3_0/src'
"Running Make libs in microblaze_0/libsrc/standalone_v4_0/src"
make -C microblaze_0/libsrc/standalone_v4_0/src -s libs -e "SHELL=CMD" "COMPILER=mb-gcc" "ARCHIVER=mb-ar" "COMPILER_FLAGS= -O2 -c -mcpu=v9.3 -mhard-float -mlittle-endian -mno-xl-soft-div -mno-xl-soft-mul -mxl-barrel-shift" "EXTRA_COMPILER_FLAGS=-g -ffunction-sections -fdata-sections"
"Compiling standalone";
"Running Make libs in microblaze_0/libsrc/tmrctr_v3_0/src"
make -C microblaze_0/libsrc/tmrctr_v3_0/src -s libs -e "SHELL=CMD" "COMPILER=mb-gcc" "ARCHIVER=mb-ar" "COMPILER_FLAGS= -O2 -c -mcpu=v9.3 -mhard-float -mlittle-endian -mno-xl-soft-div -mno-xl-soft-mul -mxl-barrel-shift" "EXTRA_COMPILER_FLAGS=-g -ffunction-sections -fdata-sections"
"Compiling tmrctr"
make[2]: Entering directory `C:/Projetos_git/repo/sdk_projects/project_uBlaze-AES/AES_tests_bsp/microblaze_0/libsrc/tmrctr_v3_0/src'
rm -rf *.o 
make[2]: Leaving directory `C:/Projetos_git/repo/sdk_projects/project_uBlaze-AES/AES_tests_bsp/microblaze_0/libsrc/tmrctr_v3_0/src'
"Running Make libs in microblaze_0/libsrc/uartlite_v3_0/src"
make -C microblaze_0/libsrc/uartlite_v3_0/src -s libs -e "SHELL=CMD" "COMPILER=mb-gcc" "ARCHIVER=mb-ar" "COMPILER_FLAGS= -O2 -c -mcpu=v9.3 -mhard-float -mlittle-endian -mno-xl-soft-div -mno-xl-soft-mul -mxl-barrel-shift" "EXTRA_COMPILER_FLAGS=-g -ffunction-sections -fdata-sections"
"Compiling uartlite"
make[2]: Entering directory `C:/Projetos_git/repo/sdk_projects/project_uBlaze-AES/AES_tests_bsp/microblaze_0/libsrc/uartlite_v3_0/src'
rm -rf *.o 
make[2]: Leaving directory `C:/Projetos_git/repo/sdk_projects/project_uBlaze-AES/AES_tests_bsp/microblaze_0/libsrc/uartlite_v3_0/src'
'Finished building libraries'
19:55:18 **** Auto Build of configuration Debug for project AES_tests ****
make all 
make: Nothing to be done for `all'.
19:56:17 **** Auto Build of configuration Debug for project AES_tests ****
make all 
'Building file: ../src/helloworld.c'
'Invoking: MicroBlaze gcc compiler'
mb-gcc -Wall -O0 -g3 -c -fmessage-length=0 -I../../AES_tests_bsp/microblaze_0/include -mlittle-endian -mxl-barrel-shift -mno-xl-soft-div -mcpu=v9.3 -mno-xl-soft-mul -mhard-float -Wl,--no-relax -ffunction-sections -fdata-sections -MMD -MP -MF"src/helloworld.d" -MT"src/helloworld.d" -o "src/helloworld.o" "../src/helloworld.c"
../src/helloworld.c: In function 'encripta':
../src/helloworld.c:130:6: warning: unused variable 'i' [-Wunused-variable]
  int i;
      ^
'Finished building: ../src/helloworld.c'
' '
'Building target: AES_tests.elf'
'Invoking: MicroBlaze gcc linker'
mb-gcc -Wl,-T -Wl,../src/lscript.ld -L../../AES_tests_bsp/microblaze_0/lib -mlittle-endian -mxl-barrel-shift -mno-xl-soft-div -mcpu=v9.3 -mno-xl-soft-mul -mhard-float -Wl,--no-relax -Wl,--gc-sections -o "AES_tests.elf"  ./src/helloworld.o ./src/platform.o   -Wl,--start-group,-lxil,-lgcc,-lc,--end-group
'Finished building target: AES_tests.elf'
' '
'Invoking: MicroBlaze Print Size'
mb-size AES_tests.elf  |tee "AES_tests.elf.size"
   text	   data	    bss	    dec	    hex	filename
  76096	   1484	   2164	  79744	  13780	AES_tests.elf
'Finished building: AES_tests.elf.size'
' '
19:56:30 **** Auto Build of project AES_tests_bsp ****
make -k all 
"Running Make include in microblaze_0/libsrc/bram_v4_0/src"
make -C microblaze_0/libsrc/bram_v4_0/src -s include -e "SHELL=CMD" "COMPILER=mb-gcc" "ARCHIVER=mb-ar" "COMPILER_FLAGS= -O2 -c -mcpu=v9.3 -mhard-float -mlittle-endian -mno-xl-soft-div -mno-xl-soft-mul -mxl-barrel-shift" "EXTRA_COMPILER_FLAGS=-g -ffunction-sections -fdata-sections"
"Running Make include in microblaze_0/libsrc/cpu_v2_0/src"
make -C microblaze_0/libsrc/cpu_v2_0/src -s include -e "SHELL=CMD" "COMPILER=mb-gcc" "ARCHIVER=mb-ar" "COMPILER_FLAGS= -O2 -c -mcpu=v9.3 -mhard-float -mlittle-endian -mno-xl-soft-div -mno-xl-soft-mul -mxl-barrel-shift" "EXTRA_COMPILER_FLAGS=-g -ffunction-sections -fdata-sections"
"Running Make include in microblaze_0/libsrc/intc_v3_0/src"
make -C microblaze_0/libsrc/intc_v3_0/src -s include -e "SHELL=CMD" "COMPILER=mb-gcc" "ARCHIVER=mb-ar" "COMPILER_FLAGS= -O2 -c -mcpu=v9.3 -mhard-float -mlittle-endian -mno-xl-soft-div -mno-xl-soft-mul -mxl-barrel-shift" "EXTRA_COMPILER_FLAGS=-g -ffunction-sections -fdata-sections"
"Running Make include in microblaze_0/libsrc/standalone_v4_0/src"
make -C microblaze_0/libsrc/standalone_v4_0/src -s include -e "SHELL=CMD" "COMPILER=mb-gcc" "ARCHIVER=mb-ar" "COMPILER_FLAGS= -O2 -c -mcpu=v9.3 -mhard-float -mlittle-endian -mno-xl-soft-div -mno-xl-soft-mul -mxl-barrel-shift" "EXTRA_COMPILER_FLAGS=-g -ffunction-sections -fdata-sections"
make[2]: Entering directory `C:/Projetos_git/repo/sdk_projects/project_uBlaze-AES/AES_tests_bsp/microblaze_0/libsrc/standalone_v4_0/src/profile'
cp -rf profile.h mblaze_nt_types.h _profile_timer_hw.h ../../../../include
make[2]: Leaving directory `C:/Projetos_git/repo/sdk_projects/project_uBlaze-AES/AES_tests_bsp/microblaze_0/libsrc/standalone_v4_0/src/profile'
"Running Make include in microblaze_0/libsrc/tmrctr_v3_0/src"
make -C microblaze_0/libsrc/tmrctr_v3_0/src -s include -e "SHELL=CMD" "COMPILER=mb-gcc" "ARCHIVER=mb-ar" "COMPILER_FLAGS= -O2 -c -mcpu=v9.3 -mhard-float -mlittle-endian -mno-xl-soft-div -mno-xl-soft-mul -mxl-barrel-shift" "EXTRA_COMPILER_FLAGS=-g -ffunction-sections -fdata-sections"
"Running Make include in microblaze_0/libsrc/uartlite_v3_0/src"
make -C microblaze_0/libsrc/uartlite_v3_0/src -s include -e "SHELL=CMD" "COMPILER=mb-gcc" "ARCHIVER=mb-ar" "COMPILER_FLAGS= -O2 -c -mcpu=v9.3 -mhard-float -mlittle-endian -mno-xl-soft-div -mno-xl-soft-mul -mxl-barrel-shift" "EXTRA_COMPILER_FLAGS=-g -ffunction-sections -fdata-sections"
"Running Make libs in microblaze_0/libsrc/bram_v4_0/src"
make -C microblaze_0/libsrc/bram_v4_0/src -s libs -e "SHELL=CMD" "COMPILER=mb-gcc" "ARCHIVER=mb-ar" "COMPILER_FLAGS= -O2 -c -mcpu=v9.3 -mhard-float -mlittle-endian -mno-xl-soft-div -mno-xl-soft-mul -mxl-barrel-shift" "EXTRA_COMPILER_FLAGS=-g -ffunction-sections -fdata-sections"
"Compiling bram"
make[2]: Entering directory `C:/Projetos_git/repo/sdk_projects/project_uBlaze-AES/AES_tests_bsp/microblaze_0/libsrc/bram_v4_0/src'
rm -rf *.o 
make[2]: Leaving directory `C:/Projetos_git/repo/sdk_projects/project_uBlaze-AES/AES_tests_bsp/microblaze_0/libsrc/bram_v4_0/src'
"Running Make libs in microblaze_0/libsrc/cpu_v2_0/src"
make -C microblaze_0/libsrc/cpu_v2_0/src -s libs -e "SHELL=CMD" "COMPILER=mb-gcc" "ARCHIVER=mb-ar" "COMPILER_FLAGS= -O2 -c -mcpu=v9.3 -mhard-float -mlittle-endian -mno-xl-soft-div -mno-xl-soft-mul -mxl-barrel-shift" "EXTRA_COMPILER_FLAGS=-g -ffunction-sections -fdata-sections"
"Compiling cpu"
make[2]: Entering directory `C:/Projetos_git/repo/sdk_projects/project_uBlaze-AES/AES_tests_bsp/microblaze_0/libsrc/cpu_v2_0/src'
rm -rf *.o
make[2]: Leaving directory `C:/Projetos_git/repo/sdk_projects/project_uBlaze-AES/AES_tests_bsp/microblaze_0/libsrc/cpu_v2_0/src'
"Running Make libs in microblaze_0/libsrc/intc_v3_0/src"
make -C microblaze_0/libsrc/intc_v3_0/src -s libs -e "SHELL=CMD" "COMPILER=mb-gcc" "ARCHIVER=mb-ar" "COMPILER_FLAGS= -O2 -c -mcpu=v9.3 -mhard-float -mlittle-endian -mno-xl-soft-div -mno-xl-soft-mul -mxl-barrel-shift" "EXTRA_COMPILER_FLAGS=-g -ffunction-sections -fdata-sections"
"Compiling intc"
make[2]: Entering directory `C:/Projetos_git/repo/sdk_projects/project_uBlaze-AES/AES_tests_bsp/microblaze_0/libsrc/intc_v3_0/src'
rm -rf *.o 
make[2]: Leaving directory `C:/Projetos_git/repo/sdk_projects/project_uBlaze-AES/AES_tests_bsp/microblaze_0/libsrc/intc_v3_0/src'
"Running Make libs in microblaze_0/libsrc/standalone_v4_0/src"
make -C microblaze_0/libsrc/standalone_v4_0/src -s libs -e "SHELL=CMD" "COMPILER=mb-gcc" "ARCHIVER=mb-ar" "COMPILER_FLAGS= -O2 -c -mcpu=v9.3 -mhard-float -mlittle-endian -mno-xl-soft-div -mno-xl-soft-mul -mxl-barrel-shift" "EXTRA_COMPILER_FLAGS=-g -ffunction-sections -fdata-sections"
"Compiling standalone";
"Running Make libs in microblaze_0/libsrc/tmrctr_v3_0/src"
make -C microblaze_0/libsrc/tmrctr_v3_0/src -s libs -e "SHELL=CMD" "COMPILER=mb-gcc" "ARCHIVER=mb-ar" "COMPILER_FLAGS= -O2 -c -mcpu=v9.3 -mhard-float -mlittle-endian -mno-xl-soft-div -mno-xl-soft-mul -mxl-barrel-shift" "EXTRA_COMPILER_FLAGS=-g -ffunction-sections -fdata-sections"
"Compiling tmrctr"
make[2]: Entering directory `C:/Projetos_git/repo/sdk_projects/project_uBlaze-AES/AES_tests_bsp/microblaze_0/libsrc/tmrctr_v3_0/src'
rm -rf *.o 
make[2]: Leaving directory `C:/Projetos_git/repo/sdk_projects/project_uBlaze-AES/AES_tests_bsp/microblaze_0/libsrc/tmrctr_v3_0/src'
"Running Make libs in microblaze_0/libsrc/uartlite_v3_0/src"
make -C microblaze_0/libsrc/uartlite_v3_0/src -s libs -e "SHELL=CMD" "COMPILER=mb-gcc" "ARCHIVER=mb-ar" "COMPILER_FLAGS= -O2 -c -mcpu=v9.3 -mhard-float -mlittle-endian -mno-xl-soft-div -mno-xl-soft-mul -mxl-barrel-shift" "EXTRA_COMPILER_FLAGS=-g -ffunction-sections -fdata-sections"
"Compiling uartlite"
make[2]: Entering directory `C:/Projetos_git/repo/sdk_projects/project_uBlaze-AES/AES_tests_bsp/microblaze_0/libsrc/uartlite_v3_0/src'
rm -rf *.o 
make[2]: Leaving directory `C:/Projetos_git/repo/sdk_projects/project_uBlaze-AES/AES_tests_bsp/microblaze_0/libsrc/uartlite_v3_0/src'
'Finished building libraries'
19:56:36 **** Auto Build of configuration Debug for project AES_tests ****
make all 
make: Nothing to be done for `all'.
20:01:19 **** Auto Build of configuration Debug for project AES_tests ****
make all 
'Building file: ../src/helloworld.c'
'Invoking: MicroBlaze gcc compiler'
mb-gcc -Wall -O0 -g3 -c -fmessage-length=0 -I../../AES_tests_bsp/microblaze_0/include -mlittle-endian -mxl-barrel-shift -mno-xl-soft-div -mcpu=v9.3 -mno-xl-soft-mul -mhard-float -Wl,--no-relax -ffunction-sections -fdata-sections -MMD -MP -MF"src/helloworld.d" -MT"src/helloworld.d" -o "src/helloworld.o" "../src/helloworld.c"
../src/helloworld.c: In function 'encripta':
../src/helloworld.c:130:6: warning: unused variable 'i' [-Wunused-variable]
  int i;
      ^
'Finished building: ../src/helloworld.c'
' '
'Building target: AES_tests.elf'
'Invoking: MicroBlaze gcc linker'
mb-gcc -Wl,-T -Wl,../src/lscript.ld -L../../AES_tests_bsp/microblaze_0/lib -mlittle-endian -mxl-barrel-shift -mno-xl-soft-div -mcpu=v9.3 -mno-xl-soft-mul -mhard-float -Wl,--no-relax -Wl,--gc-sections -o "AES_tests.elf"  ./src/helloworld.o ./src/platform.o   -Wl,--start-group,-lxil,-lgcc,-lc,--end-group
'Finished building target: AES_tests.elf'
' '
'Invoking: MicroBlaze Print Size'
mb-size AES_tests.elf  |tee "AES_tests.elf.size"
   text	   data	    bss	    dec	    hex	filename
  76116	   1484	   2168	  79768	  13798	AES_tests.elf
'Finished building: AES_tests.elf.size'
' '
20:01:38 **** Auto Build of project AES_tests_bsp ****
make -k all 
"Running Make include in microblaze_0/libsrc/bram_v4_0/src"
make -C microblaze_0/libsrc/bram_v4_0/src -s include -e "SHELL=CMD" "COMPILER=mb-gcc" "ARCHIVER=mb-ar" "COMPILER_FLAGS= -O2 -c -mcpu=v9.3 -mhard-float -mlittle-endian -mno-xl-soft-div -mno-xl-soft-mul -mxl-barrel-shift" "EXTRA_COMPILER_FLAGS=-g -ffunction-sections -fdata-sections"
"Running Make include in microblaze_0/libsrc/cpu_v2_0/src"
make -C microblaze_0/libsrc/cpu_v2_0/src -s include -e "SHELL=CMD" "COMPILER=mb-gcc" "ARCHIVER=mb-ar" "COMPILER_FLAGS= -O2 -c -mcpu=v9.3 -mhard-float -mlittle-endian -mno-xl-soft-div -mno-xl-soft-mul -mxl-barrel-shift" "EXTRA_COMPILER_FLAGS=-g -ffunction-sections -fdata-sections"
"Running Make include in microblaze_0/libsrc/intc_v3_0/src"
make -C microblaze_0/libsrc/intc_v3_0/src -s include -e "SHELL=CMD" "COMPILER=mb-gcc" "ARCHIVER=mb-ar" "COMPILER_FLAGS= -O2 -c -mcpu=v9.3 -mhard-float -mlittle-endian -mno-xl-soft-div -mno-xl-soft-mul -mxl-barrel-shift" "EXTRA_COMPILER_FLAGS=-g -ffunction-sections -fdata-sections"
"Running Make include in microblaze_0/libsrc/standalone_v4_0/src"
make -C microblaze_0/libsrc/standalone_v4_0/src -s include -e "SHELL=CMD" "COMPILER=mb-gcc" "ARCHIVER=mb-ar" "COMPILER_FLAGS= -O2 -c -mcpu=v9.3 -mhard-float -mlittle-endian -mno-xl-soft-div -mno-xl-soft-mul -mxl-barrel-shift" "EXTRA_COMPILER_FLAGS=-g -ffunction-sections -fdata-sections"
make[2]: Entering directory `C:/Projetos_git/repo/sdk_projects/project_uBlaze-AES/AES_tests_bsp/microblaze_0/libsrc/standalone_v4_0/src/profile'
cp -rf profile.h mblaze_nt_types.h _profile_timer_hw.h ../../../../include
make[2]: Leaving directory `C:/Projetos_git/repo/sdk_projects/project_uBlaze-AES/AES_tests_bsp/microblaze_0/libsrc/standalone_v4_0/src/profile'
"Running Make include in microblaze_0/libsrc/tmrctr_v3_0/src"
make -C microblaze_0/libsrc/tmrctr_v3_0/src -s include -e "SHELL=CMD" "COMPILER=mb-gcc" "ARCHIVER=mb-ar" "COMPILER_FLAGS= -O2 -c -mcpu=v9.3 -mhard-float -mlittle-endian -mno-xl-soft-div -mno-xl-soft-mul -mxl-barrel-shift" "EXTRA_COMPILER_FLAGS=-g -ffunction-sections -fdata-sections"
"Running Make include in microblaze_0/libsrc/uartlite_v3_0/src"
make -C microblaze_0/libsrc/uartlite_v3_0/src -s include -e "SHELL=CMD" "COMPILER=mb-gcc" "ARCHIVER=mb-ar" "COMPILER_FLAGS= -O2 -c -mcpu=v9.3 -mhard-float -mlittle-endian -mno-xl-soft-div -mno-xl-soft-mul -mxl-barrel-shift" "EXTRA_COMPILER_FLAGS=-g -ffunction-sections -fdata-sections"
"Running Make libs in microblaze_0/libsrc/bram_v4_0/src"
make -C microblaze_0/libsrc/bram_v4_0/src -s libs -e "SHELL=CMD" "COMPILER=mb-gcc" "ARCHIVER=mb-ar" "COMPILER_FLAGS= -O2 -c -mcpu=v9.3 -mhard-float -mlittle-endian -mno-xl-soft-div -mno-xl-soft-mul -mxl-barrel-shift" "EXTRA_COMPILER_FLAGS=-g -ffunction-sections -fdata-sections"
"Compiling bram"
make[2]: Entering directory `C:/Projetos_git/repo/sdk_projects/project_uBlaze-AES/AES_tests_bsp/microblaze_0/libsrc/bram_v4_0/src'
rm -rf *.o 
make[2]: Leaving directory `C:/Projetos_git/repo/sdk_projects/project_uBlaze-AES/AES_tests_bsp/microblaze_0/libsrc/bram_v4_0/src'
"Running Make libs in microblaze_0/libsrc/cpu_v2_0/src"
make -C microblaze_0/libsrc/cpu_v2_0/src -s libs -e "SHELL=CMD" "COMPILER=mb-gcc" "ARCHIVER=mb-ar" "COMPILER_FLAGS= -O2 -c -mcpu=v9.3 -mhard-float -mlittle-endian -mno-xl-soft-div -mno-xl-soft-mul -mxl-barrel-shift" "EXTRA_COMPILER_FLAGS=-g -ffunction-sections -fdata-sections"
"Compiling cpu"
make[2]: Entering directory `C:/Projetos_git/repo/sdk_projects/project_uBlaze-AES/AES_tests_bsp/microblaze_0/libsrc/cpu_v2_0/src'
rm -rf *.o
make[2]: Leaving directory `C:/Projetos_git/repo/sdk_projects/project_uBlaze-AES/AES_tests_bsp/microblaze_0/libsrc/cpu_v2_0/src'
"Running Make libs in microblaze_0/libsrc/intc_v3_0/src"
make -C microblaze_0/libsrc/intc_v3_0/src -s libs -e "SHELL=CMD" "COMPILER=mb-gcc" "ARCHIVER=mb-ar" "COMPILER_FLAGS= -O2 -c -mcpu=v9.3 -mhard-float -mlittle-endian -mno-xl-soft-div -mno-xl-soft-mul -mxl-barrel-shift" "EXTRA_COMPILER_FLAGS=-g -ffunction-sections -fdata-sections"
"Compiling intc"
make[2]: Entering directory `C:/Projetos_git/repo/sdk_projects/project_uBlaze-AES/AES_tests_bsp/microblaze_0/libsrc/intc_v3_0/src'
rm -rf *.o 
make[2]: Leaving directory `C:/Projetos_git/repo/sdk_projects/project_uBlaze-AES/AES_tests_bsp/microblaze_0/libsrc/intc_v3_0/src'
"Running Make libs in microblaze_0/libsrc/standalone_v4_0/src"
make -C microblaze_0/libsrc/standalone_v4_0/src -s libs -e "SHELL=CMD" "COMPILER=mb-gcc" "ARCHIVER=mb-ar" "COMPILER_FLAGS= -O2 -c -mcpu=v9.3 -mhard-float -mlittle-endian -mno-xl-soft-div -mno-xl-soft-mul -mxl-barrel-shift" "EXTRA_COMPILER_FLAGS=-g -ffunction-sections -fdata-sections"
"Compiling standalone";
"Running Make libs in microblaze_0/libsrc/tmrctr_v3_0/src"
make -C microblaze_0/libsrc/tmrctr_v3_0/src -s libs -e "SHELL=CMD" "COMPILER=mb-gcc" "ARCHIVER=mb-ar" "COMPILER_FLAGS= -O2 -c -mcpu=v9.3 -mhard-float -mlittle-endian -mno-xl-soft-div -mno-xl-soft-mul -mxl-barrel-shift" "EXTRA_COMPILER_FLAGS=-g -ffunction-sections -fdata-sections"
"Compiling tmrctr"
make[2]: Entering directory `C:/Projetos_git/repo/sdk_projects/project_uBlaze-AES/AES_tests_bsp/microblaze_0/libsrc/tmrctr_v3_0/src'
rm -rf *.o 
make[2]: Leaving directory `C:/Projetos_git/repo/sdk_projects/project_uBlaze-AES/AES_tests_bsp/microblaze_0/libsrc/tmrctr_v3_0/src'
"Running Make libs in microblaze_0/libsrc/uartlite_v3_0/src"
make -C microblaze_0/libsrc/uartlite_v3_0/src -s libs -e "SHELL=CMD" "COMPILER=mb-gcc" "ARCHIVER=mb-ar" "COMPILER_FLAGS= -O2 -c -mcpu=v9.3 -mhard-float -mlittle-endian -mno-xl-soft-div -mno-xl-soft-mul -mxl-barrel-shift" "EXTRA_COMPILER_FLAGS=-g -ffunction-sections -fdata-sections"
"Compiling uartlite"
make[2]: Entering directory `C:/Projetos_git/repo/sdk_projects/project_uBlaze-AES/AES_tests_bsp/microblaze_0/libsrc/uartlite_v3_0/src'
rm -rf *.o 
make[2]: Leaving directory `C:/Projetos_git/repo/sdk_projects/project_uBlaze-AES/AES_tests_bsp/microblaze_0/libsrc/uartlite_v3_0/src'
'Finished building libraries'
20:01:44 **** Auto Build of configuration Debug for project AES_tests ****
make all 
make: Nothing to be done for `all'.
