12:06:02 **** Auto Build of configuration Debug for project aestest-xilinx-linux ****
make all 
'Building file: ../src/helloworld.c'
'Invoking: MBEL Linux gcc compiler'
microblazeel-xilinx-linux-gnu-gcc -Wall -O0 -g3 -c -fmessage-length=0 -MMD -MP -MF"src/helloworld.d" -MT"src/helloworld.d" -o "src/helloworld.o" "../src/helloworld.c"
../src/helloworld.c: In function 'main':
../src/helloworld.c:324:2: warning: passing argument 2 of 'RingBuffer_write' from incompatible pointer type [enabled by default]
  RingBuffer_write(bufs.channel_master_to_slave,init_channel,CHANNEL_SIZE/2);
  ^
In file included from ../src/main.h:11:0,
                 from ../src/helloworld.c:289:
../src/RingBuffer.h:30:5: note: expected 'uint8_t *' but argument is of type 'uint8_t **'
 int RingBuffer_write(RingBuffer *buffer, uint8_t *data, int length);
     ^
../src/helloworld.c:325:2: warning: passing argument 2 of 'RingBuffer_write' from incompatible pointer type [enabled by default]
  RingBuffer_write(bufs.channel_slave_to_master,init_channel,CHANNEL_SIZE/2);
  ^
In file included from ../src/main.h:11:0,
                 from ../src/helloworld.c:289:
../src/RingBuffer.h:30:5: note: expected 'uint8_t *' but argument is of type 'uint8_t **'
 int RingBuffer_write(RingBuffer *buffer, uint8_t *data, int length);
     ^
../src/helloworld.c:457:2: warning: passing argument 1 of 'pthread_mutex_destroy' from incompatible pointer type [enabled by default]
  pthread_mutex_destroy(&mutexattr_ms);
  ^
In file included from ../src/helloworld.c:284:0:
c:\xilinx\sdk\2014.2\gnu\microblaze\linux_toolchain\nt64_le\microblazeel-xilinx-linux-gnu\sys-root\usr\include\pthread.h:765:12: note: expected 'union pthread_mutex_t *' but argument is of type 'union pthread_mutexattr_t *'
 extern int pthread_mutex_destroy (pthread_mutex_t *__mutex)
            ^
../src/helloworld.c:418:64: warning: unused variable 'policy_slave' [-Wunused-variable]
  int policy_master_transc, policy_slave_transc, policy_master, policy_slave;
                                                                ^
../src/helloworld.c:418:49: warning: unused variable 'policy_master' [-Wunused-variable]
  int policy_master_transc, policy_slave_transc, policy_master, policy_slave;
                                                 ^
../src/helloworld.c:418:28: warning: unused variable 'policy_slave_transc' [-Wunused-variable]
  int policy_master_transc, policy_slave_transc, policy_master, policy_slave;
                            ^
../src/helloworld.c:418:6: warning: unused variable 'policy_master_transc' [-Wunused-variable]
  int policy_master_transc, policy_slave_transc, policy_master, policy_slave;
      ^
../src/helloworld.c:303:30: warning: unused variable 'attr_slave' [-Wunused-variable]
  pthread_attr_t attr_master, attr_slave;
                              ^
../src/helloworld.c:303:17: warning: unused variable 'attr_master' [-Wunused-variable]
  pthread_attr_t attr_master, attr_slave;
                 ^
../src/helloworld.c: In function 'thr_func_main':
../src/helloworld.c:560:3: warning: pointer targets in passing argument 3 of 'send_payload' differ in signedness [-Wpointer-sign]
   send_payload(&bufs,&frame_id_master,msg_master,30);
   ^
In file included from ../src/helloworld.c:289:0:
../src/main.h:109:5: note: expected 'uint8_t *' but argument is of type 'char *'
 int send_payload( unit_bufs *bufs, uint8_t *frame_id, uint8_t *payload, int length ); // generate frame, send frame and verify ack. If, after a period, it doesn't receive an ACK, it sends again
     ^
../src/helloworld.c:567:3: warning: pointer targets in passing argument 3 of 'send_payload' differ in signedness [-Wpointer-sign]
   send_payload(&bufs,&frame_id_master,msg_master2,30);
   ^
In file included from ../src/helloworld.c:289:0:
../src/main.h:109:5: note: expected 'uint8_t *' but argument is of type 'char *'
 int send_payload( unit_bufs *bufs, uint8_t *frame_id, uint8_t *payload, int length ); // generate frame, send frame and verify ack. If, after a period, it doesn't receive an ACK, it sends again
     ^
../src/helloworld.c:595:3: warning: pointer targets in passing argument 3 of 'send_payload' differ in signedness [-Wpointer-sign]
   send_payload(&bufs,&frame_id_slave,msg_slave,45);
   ^
In file included from ../src/helloworld.c:289:0:
../src/main.h:109:5: note: expected 'uint8_t *' but argument is of type 'char *'
 int send_payload( unit_bufs *bufs, uint8_t *frame_id, uint8_t *payload, int length ); // generate frame, send frame and verify ack. If, after a period, it doesn't receive an ACK, it sends again
     ^
../src/helloworld.c:547:6: warning: unused variable 'length' [-Wunused-variable]
  int length;
      ^
../src/helloworld.c:544:14: warning: unused variable 'frame' [-Wunused-variable]
  frame_data *frame;
              ^
../src/helloworld.c: In function 'f_timer_transc':
../src/helloworld.c:657:6: warning: variable 'id' set but not used [-Wunused-but-set-variable]
  int id;
      ^
../src/helloworld.c: In function 'timer_start_transc':
../src/helloworld.c:768:5: warning: implicit declaration of function 'memset' [-Wimplicit-function-declaration]
     memset(&sigev, 0, sizeof (struct sigevent));
     ^
../src/helloworld.c:768:5: warning: incompatible implicit declaration of built-in function 'memset' [enabled by default]
../src/helloworld.c:777:9: warning: implicit declaration of function 'strerror' [-Wimplicit-function-declaration]
         fprintf(stderr, "[%d]: %s\n", __LINE__, strerror(erno));
         ^
../src/helloworld.c:777:9: warning: format '%s' expects argument of type 'char *', but argument 4 has type 'int' [-Wformat=]
../src/helloworld.c:783:9: warning: format '%s' expects argument of type 'char *', but argument 4 has type 'int' [-Wformat=]
         fprintf(stderr, "[%d]: %s\n", __LINE__, strerror(erno));
         ^
../src/helloworld.c: In function 'timer_stop_transc':
../src/helloworld.c:799:6: warning: 'return' with a value, in function returning void [enabled by default]
      return FAILURE;//exit(erno);
      ^
../src/helloworld.c: In function 'extract_frame':
../src/helloworld.c:1003:6: warning: suggest parentheses around assignment used as truth value [-Wparentheses]
      if ( err = RingBuffer_read(buf_fh, last_bits, 1) )
      ^
../src/helloworld.c:1025:7: warning: suggest parentheses around assignment used as truth value [-Wparentheses]
       if ( err = RingBuffer_read(buf_fh, last_bits, 1) )
       ^
../src/helloworld.c:1051:7: warning: suggest parentheses around assignment used as truth value [-Wparentheses]
       if ( err = RingBuffer_read(buf_fh, last_bits, 1) )
       ^
../src/helloworld.c:1063:7: warning: suggest parentheses around assignment used as truth value [-Wparentheses]
       if ( err = RingBuffer_read(buf_fh, last_bits, 1) )
       ^
../src/helloworld.c:1091:7: warning: suggest parentheses around assignment used as truth value [-Wparentheses]
       if ( err = RingBuffer_read(buf_fh, last_bits, 1) )
       ^
../src/helloworld.c:1113:7: warning: suggest parentheses around assignment used as truth value [-Wparentheses]
       if ( err = RingBuffer_read(buf_fh, last_bits, 1) )
       ^
../src/helloworld.c: In function 'send_payload':
../src/helloworld.c:1185:5: warning: incompatible implicit declaration of built-in function 'memset' [enabled by default]
     memset(&sigev, 0, sizeof (struct sigevent));
     ^
../src/helloworld.c:1171:17: warning: unused variable 'buf_fh' [-Wunused-variable]
     RingBuffer *buf_fh = bufs->buf_fh;
                 ^
../src/helloworld.c:1170:17: warning: unused variable 'buf_rx' [-Wunused-variable]
     RingBuffer *buf_rx = bufs->buf_rx;
                 ^
../src/helloworld.c:1163:9: warning: unused variable 'erno' [-Wunused-variable]
     int erno = 0;
         ^
../src/helloworld.c: In function 'receive_payload':
../src/helloworld.c:1257:17: warning: unused variable 'buf_fh' [-Wunused-variable]
     RingBuffer *buf_fh = bufs->buf_fh;
                 ^
../src/helloworld.c:1256:17: warning: unused variable 'buf_rx' [-Wunused-variable]
     RingBuffer *buf_rx = bufs->buf_rx;
                 ^
../src/helloworld.c: In function 'f_timer_ms':
../src/helloworld.c:1313:6: warning: unused variable 'i' [-Wunused-variable]
  int i;
      ^
../src/helloworld.c: In function 'timer_start_ms':
../src/helloworld.c:1341:5: warning: incompatible implicit declaration of built-in function 'memset' [enabled by default]
     memset(&sigev, 0, sizeof (struct sigevent));
     ^
../src/helloworld.c:1350:9: warning: format '%s' expects argument of type 'char *', but argument 4 has type 'int' [-Wformat=]
         fprintf(stderr, "[%d]: %s\n", __LINE__, strerror(erno));
         ^
../src/helloworld.c:1356:9: warning: format '%s' expects argument of type 'char *', but argument 4 has type 'int' [-Wformat=]
         fprintf(stderr, "[%d]: %s\n", __LINE__, strerror(erno));
         ^
../src/helloworld.c: In function 'timer_stop_ms':
../src/helloworld.c:1372:6: warning: 'return' with a value, in function returning void [enabled by default]
      return FAILURE;//exit(erno);
      ^
'Finished building: ../src/helloworld.c'
' '
'Building target: aestest-xilinx-linux.elf'
'Invoking: MBEL Linux gcc linker'
microblazeel-xilinx-linux-gnu-gcc -L"C:\Xilinx\SDK\2014.2\gnu\microblaze\linux_toolchain\nt64_le\microblazeel-xilinx-linux-gnu\sys-root\usr\lib\usr_lib" -L"C:\Xilinx\SDK\2014.2\gnu\microblaze\linux_toolchain\nt64_le\microblazeel-xilinx-linux-gnu\sys-root\usr\lib\usr_lib\lib" -o "aestest-xilinx-linux.elf"  ./src/ad9361_iiostream.o ./src/aes_driver.o ./src/crc.o ./src/dh.o ./src/fhss.o ./src/helloworld.o ./src/ringbuffer.o   -lresolv -lrt -lutil -lxml2 -lc -lcrypt -ldl -lgcc_s -lm -lnsl -lnss_dns -lnss_files -lpthread -lcrypto -liio -lssl -lz
'Finished building target: aestest-xilinx-linux.elf'
' '
'Invoking: MBEL Linux Print Size'
microblazeel-xilinx-linux-gnu-size aestest-xilinx-linux.elf  |tee "aestest-xilinx-linux.elf.size"
   text	   data	    bss	    dec	    hex	filename
  32666	    684	   9496	  42846	   a75e	aestest-xilinx-linux.elf
'Finished building: aestest-xilinx-linux.elf.size'
' '

12:06:03 Build Finished (took 1s.539ms)

