21:20:35 **** Auto Build of configuration Debug for project aestest-xilinx-linux ****
make all 
'Building file: ../src/fhss.c'
'Invoking: MBEL Linux gcc compiler'
microblazeel-xilinx-linux-gnu-gcc -Wall -O0 -g3 -c -fmessage-length=0 -MMD -MP -MF"src/fhss.d" -MT"src/fhss.d" -o "src/fhss.o" "../src/fhss.c"
'Finished building: ../src/fhss.c'
' '
'Building file: ../src/helloworld.c'
'Invoking: MBEL Linux gcc compiler'
microblazeel-xilinx-linux-gnu-gcc -Wall -O0 -g3 -c -fmessage-length=0 -MMD -MP -MF"src/helloworld.d" -MT"src/helloworld.d" -o "src/helloworld.o" "../src/helloworld.c"
../src/helloworld.c: In function 'main':
../src/helloworld.c:382:2: warning: passing argument 2 of 'RingBuffer_write' from incompatible pointer type [enabled by default]
  RingBuffer_write(channel_master_to_slave,init_channel,CHANNEL_SIZE/2);
  ^
In file included from ../src/aes_driver.h:15:0,
                 from ../src/helloworld.c:289:
../src/ringbuffer.h:30:5: note: expected 'uint8_t *' but argument is of type 'uint8_t **'
 int RingBuffer_write(RingBuffer *buffer, uint8_t *data, int length);
     ^
../src/helloworld.c:383:2: warning: passing argument 2 of 'RingBuffer_write' from incompatible pointer type [enabled by default]
  RingBuffer_write(channel_slave_to_master,init_channel,CHANNEL_SIZE/2);
  ^
In file included from ../src/aes_driver.h:15:0,
                 from ../src/helloworld.c:289:
../src/ringbuffer.h:30:5: note: expected 'uint8_t *' but argument is of type 'uint8_t **'
 int RingBuffer_write(RingBuffer *buffer, uint8_t *data, int length);
     ^
../src/helloworld.c:433:2: warning: passing argument 1 of 'pthread_cond_init' from incompatible pointer type [enabled by default]
  pthread_cond_init(&cond_transc, NULL);
  ^
In file included from ../src/helloworld.c:284:0:
c:\xilinx\sdk\2014.2\gnu\microblaze\linux_toolchain\nt64_le\microblazeel-xilinx-linux-gnu\sys-root\usr\include\pthread.h:979:12: note: expected 'union pthread_cond_t * __restrict__' but argument is of type 'union pthread_cond_t (*)[2]'
 extern int pthread_cond_init (pthread_cond_t *__restrict __cond,
            ^
../src/helloworld.c:413:21: warning: variable 'thr_slave_sched_param' set but not used [-Wunused-but-set-variable]
  struct sched_param thr_slave_sched_param;
                     ^
../src/helloworld.c:412:21: warning: variable 'thr_master_sched_param' set but not used [-Wunused-but-set-variable]
  struct sched_param thr_master_sched_param;
                     ^
../src/helloworld.c:411:21: warning: variable 'thr_slave_transc_sched_param' set but not used [-Wunused-but-set-variable]
  struct sched_param thr_slave_transc_sched_param;
                     ^
../src/helloworld.c:410:21: warning: variable 'thr_master_transc_sched_param' set but not used [-Wunused-but-set-variable]
  struct sched_param thr_master_transc_sched_param;
                     ^
../src/helloworld.c: In function 'thr_func_transc':
../src/helloworld.c:531:6: warning: return makes pointer from integer without a cast [enabled by default]
      return FAILURE;
      ^
../src/helloworld.c:540:5: warning: return makes pointer from integer without a cast [enabled by default]
     return FAILURE;
     ^
../src/helloworld.c:548:6: warning: return makes pointer from integer without a cast [enabled by default]
      return FAILURE;
      ^
../src/helloworld.c:554:5: warning: return makes pointer from integer without a cast [enabled by default]
     return FAILURE;
     ^
../src/helloworld.c: In function 'thr_func_main':
../src/helloworld.c:585:3: warning: pointer targets in passing argument 1 of 'generate_frame' differ in signedness [-Wpointer-sign]
   frame = generate_frame(msg_master,30);
   ^
../src/helloworld.c:339:13: note: expected 'uint8_t *' but argument is of type 'char *'
 frame_data* generate_frame( uint8_t *payload, int length );
             ^
../src/helloworld.c:606:3: warning: pointer targets in passing argument 1 of 'generate_frame' differ in signedness [-Wpointer-sign]
   frame = generate_frame(msg_slave,45);
   ^
../src/helloworld.c:339:13: note: expected 'uint8_t *' but argument is of type 'char *'
 frame_data* generate_frame( uint8_t *payload, int length );
             ^
../src/helloworld.c:572:7: warning: unused variable 'msg_master2' [-Wunused-variable]
  char msg_master2[31] = " e decriptografá-la em seguida!";
       ^
../src/helloworld.c: In function 'f_timer_transc':
../src/helloworld.c:656:6: warning: unused variable 'err' [-Wunused-variable]
  int err;
      ^
../src/helloworld.c: In function 'timer_start_transc':
../src/helloworld.c:721:5: warning: implicit declaration of function 'memset' [-Wimplicit-function-declaration]
     memset(&sigev, 0, sizeof (struct sigevent));
     ^
../src/helloworld.c:721:5: warning: incompatible implicit declaration of built-in function 'memset' [enabled by default]
../src/helloworld.c:730:9: warning: implicit declaration of function 'strerror' [-Wimplicit-function-declaration]
         fprintf(stderr, "[%d]: %s\n", __LINE__, strerror(erno));
         ^
../src/helloworld.c:730:9: warning: format '%s' expects argument of type 'char *', but argument 4 has type 'int' [-Wformat=]
../src/helloworld.c:736:9: warning: format '%s' expects argument of type 'char *', but argument 4 has type 'int' [-Wformat=]
         fprintf(stderr, "[%d]: %s\n", __LINE__, strerror(erno));
         ^
../src/helloworld.c: In function 'send_frame':
../src/helloworld.c:803:6: warning: unused variable 'i' [-Wunused-variable]
  int i;
      ^
../src/helloworld.c: In function 'generate_frame':
../src/helloworld.c:837:10: warning: unused variable 'size_8' [-Wunused-variable]
  uint8_t size_8[SIZE_BYTES];
          ^
../src/helloworld.c:836:10: warning: unused variable 'crc_result_8' [-Wunused-variable]
  uint8_t crc_result_8[CRC_BYTES];
          ^
../src/helloworld.c:833:11: warning: unused variable 'err' [-Wunused-variable]
  int i,j, err;
           ^
../src/helloworld.c: In function 'extract_payload':
../src/helloworld.c:937:6: warning: suggest parentheses around assignment used as truth value [-Wparentheses]
      if ( err = RingBuffer_read(buf_fh, last_bits, 1) )
      ^
../src/helloworld.c:955:6: warning: suggest parentheses around assignment used as truth value [-Wparentheses]
      if ( err = RingBuffer_read(buf_fh, last_bits, 1) )
      ^
../src/helloworld.c:973:7: warning: suggest parentheses around assignment used as truth value [-Wparentheses]
       if ( err = RingBuffer_read(buf_fh, last_bits, 1) )
       ^
../src/helloworld.c:994:7: warning: suggest parentheses around assignment used as truth value [-Wparentheses]
       if ( err = RingBuffer_read(buf_fh, last_bits, 1) )
       ^
../src/helloworld.c:1010:7: warning: suggest parentheses around assignment used as truth value [-Wparentheses]
       if ( err = RingBuffer_read(buf_fh, last_bits, 1) )
       ^
../src/helloworld.c:1030:7: warning: suggest parentheses around assignment used as truth value [-Wparentheses]
       if ( err = RingBuffer_read(buf_fh, last_bits, 1) )
       ^
'Finished building: ../src/helloworld.c'
' '
'Building target: aestest-xilinx-linux.elf'
'Invoking: MBEL Linux gcc linker'
microblazeel-xilinx-linux-gnu-gcc -L"C:\Xilinx\SDK\2014.2\gnu\microblaze\linux_toolchain\nt64_le\microblazeel-xilinx-linux-gnu\sys-root\usr\lib\usr_lib" -L"C:\Xilinx\SDK\2014.2\gnu\microblaze\linux_toolchain\nt64_le\microblazeel-xilinx-linux-gnu\sys-root\usr\lib\usr_lib\lib" -o "aestest-xilinx-linux.elf"  ./src/ad9361_iiostream.o ./src/aes_driver.o ./src/crc.o ./src/dh.o ./src/fhss.o ./src/helloworld.o ./src/ringbuffer.o   -lresolv -lrt -lutil -lxml2 -lc -lcrypt -ldl -lgcc_s -lm -lnsl -lnss_dns -lnss_files -lpthread -lcrypto -liio -lssl -lz
'Finished building target: aestest-xilinx-linux.elf'
' '
'Invoking: MBEL Linux Print Size'
microblazeel-xilinx-linux-gnu-size aestest-xilinx-linux.elf  |tee "aestest-xilinx-linux.elf.size"
   text	   data	    bss	    dec	    hex	filename
  28949	    632	   9548	  39129	   98d9	aestest-xilinx-linux.elf
'Finished building: aestest-xilinx-linux.elf.size'
' '

21:20:37 Build Finished (took 1s.732ms)

