20:40:18 **** Build of configuration Debug for project aestest-xilinx-linux ****
make all 
'Building file: ../src/helloworld.c'
'Invoking: MBEL Linux gcc compiler'
microblazeel-xilinx-linux-gnu-gcc -Wall -O0 -g3 -c -fmessage-length=0 -MMD -MP -MF"src/helloworld.d" -MT"src/helloworld.d" -o "src/helloworld.o" "../src/helloworld.c"
'Finished building: ../src/helloworld.c'
' '
'Building target: aestest-xilinx-linux.elf'
'Invoking: MBEL Linux gcc linker'
microblazeel-xilinx-linux-gnu-gcc  -o "aestest-xilinx-linux.elf"  ./src/helloworld.o   
'Finished building target: aestest-xilinx-linux.elf'
' '
'Invoking: MBEL Linux Print Size'
microblazeel-xilinx-linux-gnu-size aestest-xilinx-linux.elf  |tee "aestest-xilinx-linux.elf.size"
   text	   data	    bss	    dec	    hex	filename
   1385	    280	      8	   1673	    689	aestest-xilinx-linux.elf
'Finished building: aestest-xilinx-linux.elf.size'
' '
20:46:12 **** Auto Build of configuration Debug for project aestest-xilinx-linux ****
make all 
'Building file: ../src/aes_driver.c'
'Invoking: MBEL Linux gcc compiler'
microblazeel-xilinx-linux-gnu-gcc -Wall -O0 -g3 -c -fmessage-length=0 -MMD -MP -MF"src/aes_driver.d" -MT"src/aes_driver.d" -o "src/aes_driver.o" "../src/aes_driver.c"
'Finished building: ../src/aes_driver.c'
' '
'Building target: aestest-xilinx-linux.elf'
'Invoking: MBEL Linux gcc linker'
microblazeel-xilinx-linux-gnu-gcc  -o "aestest-xilinx-linux.elf"  ./src/aes_driver.o ./src/helloworld.o   
'Finished building target: aestest-xilinx-linux.elf'
' '
'Invoking: MBEL Linux Print Size'
microblazeel-xilinx-linux-gnu-size aestest-xilinx-linux.elf  |tee "aestest-xilinx-linux.elf.size"
   text	   data	    bss	    dec	    hex	filename
   1385	    280	      8	   1673	    689	aestest-xilinx-linux.elf
'Finished building: aestest-xilinx-linux.elf.size'
' '
20:46:22 **** Auto Build of configuration Debug for project aestest-xilinx-linux ****
make all 
make: Nothing to be done for `all'.
20:47:30 **** Auto Build of configuration Debug for project aestest-xilinx-linux ****
make all 
'Building file: ../src/helloworld.c'
'Invoking: MBEL Linux gcc compiler'
microblazeel-xilinx-linux-gnu-gcc -Wall -O0 -g3 -c -fmessage-length=0 -MMD -MP -MF"src/helloworld.d" -MT"src/helloworld.d" -o "src/helloworld.o" "../src/helloworld.c"
../src/helloworld.c:19:3: warning: return type defaults to 'int' [-Wreturn-type]
 * Copyright (c) 2009-2012 Xilinx, Inc.  All rights reserved.
   ^
../src/helloworld.c: In function 'Copyright':
../src/helloworld.c:19:17: error: expected declaration specifiers before numeric constant
 * Copyright (c) 2009-2012 Xilinx, Inc.  All rights reserved.
                 ^
In file included from c:\xilinx\sdk\2014.2\gnu\microblaze\linux_toolchain\nt64_le\microblazeel-xilinx-linux-gnu\sys-root\usr\include\stdio.h:35:0,
                 from ../src/helloworld.c:55:
c:\xilinx\sdk\2014.2\gnu\microblaze\linux_toolchain\nt64_le\microblazeel-xilinx-linux-gnu\sys-root\usr\include\bits\types.h:30:23: error: storage class specified for parameter '__u_char'
 typedef unsigned char __u_char;
                       ^
c:\xilinx\sdk\2014.2\gnu\microblaze\linux_toolchain\nt64_le\microblazeel-xilinx-linux-gnu\sys-root\usr\include\bits\types.h:31:28: error: storage class specified for parameter '__u_short'
 typedef unsigned short int __u_short;
                            ^
c:\xilinx\sdk\2014.2\gnu\microblaze\linux_toolchain\nt64_le\microblazeel-xilinx-linux-gnu\sys-root\usr\include\bits\types.h:32:22: error: storage class specified for parameter '__u_int'
 typedef unsigned int __u_int;
                      ^
c:\xilinx\sdk\2014.2\gnu\microblaze\linux_toolchain\nt64_le\microblazeel-xilinx-linux-gnu\sys-root\usr\include\bits\types.h:33:27: error: storage class specified for parameter '__u_long'
 typedef unsigned long int __u_long;
                           ^
c:\xilinx\sdk\2014.2\gnu\microblaze\linux_toolchain\nt64_le\microblazeel-xilinx-linux-gnu\sys-root\usr\include\bits\types.h:36:21: error: storage class specified for parameter '__int8_t'
 typedef signed char __int8_t;
                     ^
c:\xilinx\sdk\2014.2\gnu\microblaze\linux_toolchain\nt64_le\microblazeel-xilinx-linux-gnu\sys-root\usr\include\bits\types.h:37:23: error: storage class specified for parameter '__uint8_t'
 typedef unsigned char __uint8_t;
                       ^
c:\xilinx\sdk\2014.2\gnu\microblaze\linux_toolchain\nt64_le\microblazeel-xilinx-linux-gnu\sys-root\usr\include\bits\types.h:38:26: error: storage class specified for parameter '__int16_t'
 typedef signed short int __int16_t;
                          ^
c:\xilinx\sdk\2014.2\gnu\microblaze\linux_toolchain\nt64_le\microblazeel-xilinx-linux-gnu\sys-root\usr\include\bits\types.h:39:28: error: storage class specified for parameter '__uint16_t'
 typedef unsigned short int __uint16_t;
                            ^
c:\xilinx\sdk\2014.2\gnu\microblaze\linux_toolchain\nt64_le\microblazeel-xilinx-linux-gnu\sys-root\usr\include\bits\types.h:40:20: error: storage class specified for parameter '__int32_t'
 typedef signed int __int32_t;
                    ^
c:\xilinx\sdk\2014.2\gnu\microblaze\linux_toolchain\nt64_le\microblazeel-xilinx-linux-gnu\sys-root\usr\include\bits\types.h:41:22: error: storage class specified for parameter '__uint32_t'
 typedef unsigned int __uint32_t;
                      ^
c:\xilinx\sdk\2014.2\gnu\microblaze\linux_toolchain\nt64_le\microblazeel-xilinx-linux-gnu\sys-root\usr\include\bits\types.h:46:1: error: expected declaration specifiers before '__extension__'
 __extension__ typedef signed long long int __int64_t;
 ^
c:\xilinx\sdk\2014.2\gnu\microblaze\linux_toolchain\nt64_le\microblazeel-xilinx-linux-gnu\sys-root\usr\include\bits\types.h:47:1: error: expected declaration specifiers before '__extension__'
 __extension__ typedef unsigned long long int __uint64_t;
 ^
c:\xilinx\sdk\2014.2\gnu\microblaze\linux_toolchain\nt64_le\microblazeel-xilinx-linux-gnu\sys-root\usr\include\bits\types.h:55:1: error: expected declaration specifiers before '__extension__'
 __extension__ typedef long long int __quad_t;
 ^
c:\xilinx\sdk\2014.2\gnu\microblaze\linux_toolchain\nt64_le\microblazeel-xilinx-linux-gnu\sys-root\usr\include\bits\types.h:56:1: error: expected declaration specifiers before '__extension__'
 __extension__ typedef unsigned long long int __u_quad_t;
 ^
c:\xilinx\sdk\2014.2\gnu\microblaze\linux_toolchain\nt64_le\microblazeel-xilinx-linux-gnu\sys-root\usr\include\bits\types.h:124:1: error: expected declaration specifiers before '__extension__'
 __STD_TYPE __DEV_T_TYPE __dev_t; /* Type of device numbers.  */
 ^
c:\xilinx\sdk\2014.2\gnu\microblaze\linux_toolchain\nt64_le\microblazeel-xilinx-linux-gnu\sys-root\usr\include\bits\types.h:125:1: error: expected declaration specifiers before '__extension__'
 __STD_TYPE __UID_T_TYPE __uid_t; /* Type of user identifications.  */
 ^
c:\xilinx\sdk\2014.2\gnu\microblaze\linux_toolchain\nt64_le\microblazeel-xilinx-linux-gnu\sys-root\usr\include\bits\types.h:126:1: error: expected declaration specifiers before '__extension__'
 __STD_TYPE __GID_T_TYPE __gid_t; /* Type of group identifications.  */
 ^
c:\xilinx\sdk\2014.2\gnu\microblaze\linux_toolchain\nt64_le\microblazeel-xilinx-linux-gnu\sys-root\usr\include\bits\types.h:127:1: error: expected declaration specifiers before '__extension__'
 __STD_TYPE __INO_T_TYPE __ino_t; /* Type of file serial numbers.  */
 ^
c:\xilinx\sdk\2014.2\gnu\microblaze\linux_toolchain\nt64_le\microblazeel-xilinx-linux-gnu\sys-root\usr\include\bits\types.h:128:1: error: expected declaration specifiers before '__extension__'
 __STD_TYPE __INO64_T_TYPE __ino64_t; /* Type of file serial numbers (LFS).*/
 ^
c:\xilinx\sdk\2014.2\gnu\microblaze\linux_toolchain\nt64_le\microblazeel-xilinx-linux-gnu\sys-root\usr\include\bits\types.h:129:1: error: expected declaration specifiers before '__extension__'
 __STD_TYPE __MODE_T_TYPE __mode_t; /* Type of file attribute bitmasks.  */
 ^
c:\xilinx\sdk\2014.2\gnu\microblaze\linux_toolchain\nt64_le\microblazeel-xilinx-linux-gnu\sys-root\usr\include\bits\types.h:130:1: error: expected declaration specifiers before '__extension__'
 __STD_TYPE __NLINK_T_TYPE __nlink_t; /* Type of file link counts.  */
 ^
c:\xilinx\sdk\2014.2\gnu\microblaze\linux_toolchain\nt64_le\microblazeel-xilinx-linux-gnu\sys-root\usr\include\bits\types.h:131:1: error: expected declaration specifiers before '__extension__'
 __STD_TYPE __OFF_T_TYPE __off_t; /* Type of file sizes and offsets.  */
 ^
c:\xilinx\sdk\2014.2\gnu\microblaze\linux_toolchain\nt64_le\microblazeel-xilinx-linux-gnu\sys-root\usr\include\bits\types.h:132:1: error: expected declaration specifiers before '__extension__'
 __STD_TYPE __OFF64_T_TYPE __off64_t; /* Type of file sizes and offsets (LFS).  */
 ^
c:\xilinx\sdk\2014.2\gnu\microblaze\linux_toolchain\nt64_le\microblazeel-xilinx-linux-gnu\sys-root\usr\include\bits\types.h:133:1: error: expected declaration specifiers before '__extension__'
 __STD_TYPE __PID_T_TYPE __pid_t; /* Type of process identifications.  */
 ^
c:\xilinx\sdk\2014.2\gnu\microblaze\linux_toolchain\nt64_le\microblazeel-xilinx-linux-gnu\sys-root\usr\include\bits\types.h:134:1: error: expected declaration specifiers before '__extension__'
 __STD_TYPE __FSID_T_TYPE __fsid_t; /* Type of file system IDs.  */
 ^
In file included from c:\xilinx\sdk\2014.2\gnu\microblaze\linux_toolchain\nt64_le\microblazeel-xilinx-linux-gnu\sys-root\usr\include\stdio.h:35:0,
                 from ../src/helloworld.c:55:
c:\xilinx\sdk\2014.2\gnu\microblaze\linux_toolchain\nt64_le\microblazeel-xilinx-linux-gnu\sys-root\usr\include\bits\types.h:134:26: error: expected declaration specifiers before '__fsid_t'
 __STD_TYPE __FSID_T_TYPE __fsid_t; /* Type of file system IDs.  */
                          ^
In file included from c:\xilinx\sdk\2014.2\gnu\microblaze\linux_toolchain\nt64_le\microblazeel-xilinx-linux-gnu\sys-root\usr\include\stdio.h:35:0,
                 from ../src/helloworld.c:55:
c:\xilinx\sdk\2014.2\gnu\microblaze\linux_toolchain\nt64_le\microblazeel-xilinx-linux-gnu\sys-root\usr\include\bits\types.h:135:1: error: expected declaration specifiers before '__extension__'
 __STD_TYPE __CLOCK_T_TYPE __clock_t; /* Type of CPU usage counts.  */
 ^
c:\xilinx\sdk\2014.2\gnu\microblaze\linux_toolchain\nt64_le\microblazeel-xilinx-linux-gnu\sys-root\usr\include\bits\types.h:136:1: error: expected declaration specifiers before '__extension__'
 __STD_TYPE __RLIM_T_TYPE __rlim_t; /* Type for resource measurement.  */
 ^
c:\xilinx\sdk\2014.2\gnu\microblaze\linux_toolchain\nt64_le\microblazeel-xilinx-linux-gnu\sys-root\usr\include\bits\types.h:137:1: error: expected declaration specifiers before '__extension__'
 __STD_TYPE __RLIM64_T_TYPE __rlim64_t; /* Type for resource measurement (LFS).  */
 ^
c:\xilinx\sdk\2014.2\gnu\microblaze\linux_toolchain\nt64_le\microblazeel-xilinx-linux-gnu\sys-root\usr\include\bits\types.h:138:1: error: expected declaration specifiers before '__extension__'
 __STD_TYPE __ID_T_TYPE __id_t;  /* General type for IDs.  */
 ^
c:\xilinx\sdk\2014.2\gnu\microblaze\linux_toolchain\nt64_le\microblazeel-xilinx-linux-gnu\sys-root\usr\include\bits\types.h:139:1: error: expected declaration specifiers before '__extension__'
 __STD_TYPE __TIME_T_TYPE __time_t; /* Seconds since the Epoch.  */
 ^
c:\xilinx\sdk\2014.2\gnu\microblaze\linux_toolchain\nt64_le\microblazeel-xilinx-linux-gnu\sys-root\usr\include\bits\types.h:140:1: error: expected declaration specifiers before '__extension__'
 __STD_TYPE __USECONDS_T_TYPE __useconds_t; /* Count of microseconds.  */
 ^
c:\xilinx\sdk\2014.2\gnu\microblaze\linux_toolchain\nt64_le\microblazeel-xilinx-linux-gnu\sys-root\usr\include\bits\types.h:141:1: error: expected declaration specifiers before '__extension__'
 __STD_TYPE __SUSECONDS_T_TYPE __suseconds_t; /* Signed count of microseconds.  */
 ^
c:\xilinx\sdk\2014.2\gnu\microblaze\linux_toolchain\nt64_le\microblazeel-xilinx-linux-gnu\sys-root\usr\include\bits\types.h:143:1: error: expected declaration specifiers before '__extension__'
 __STD_TYPE __DADDR_T_TYPE __daddr_t; /* The type of a disk address.  */
 ^
c:\xilinx\sdk\2014.2\gnu\microblaze\linux_toolchain\nt64_le\microblazeel-xilinx-linux-gnu\sys-root\usr\include\bits\types.h:144:1: error: expected declaration specifiers before '__extension__'
 __STD_TYPE __KEY_T_TYPE __key_t; /* Type of an IPC key.  */
 ^
c:\xilinx\sdk\2014.2\gnu\microblaze\linux_toolchain\nt64_le\microblazeel-xilinx-linux-gnu\sys-root\usr\include\bits\types.h:147:1: error: expected declaration specifiers before '__extension__'
 __STD_TYPE __CLOCKID_T_TYPE __clockid_t;
 ^
c:\xilinx\sdk\2014.2\gnu\microblaze\linux_toolchain\nt64_le\microblazeel-xilinx-linux-gnu\sys-root\usr\include\bits\types.h:150:1: error: expected declaration specifiers before '__extension__'
 __STD_TYPE __TIMER_T_TYPE __timer_t;
 ^
c:\xilinx\sdk\2014.2\gnu\microblaze\linux_toolchain\nt64_le\microblazeel-xilinx-linux-gnu\sys-root\usr\include\bits\types.h:153:1: error: expected declaration specifiers before '__extension__'
 __STD_TYPE __BLKSIZE_T_TYPE __blksize_t;
 ^
c:\xilinx\sdk\2014.2\gnu\microblaze\linux_toolchain\nt64_le\microblazeel-xilinx-linux-gnu\sys-root\usr\include\bits\types.h:158:1: error: expected declaration specifiers before '__extension__'
 __STD_TYPE __BLKCNT_T_TYPE __blkcnt_t;
 ^
c:\xilinx\sdk\2014.2\gnu\microblaze\linux_toolchain\nt64_le\microblazeel-xilinx-linux-gnu\sys-root\usr\include\bits\types.h:159:1: error: expected declaration specifiers before '__extension__'
 __STD_TYPE __BLKCNT64_T_TYPE __blkcnt64_t;
 ^
c:\xilinx\sdk\2014.2\gnu\microblaze\linux_toolchain\nt64_le\microblazeel-xilinx-linux-gnu\sys-root\usr\include\bits\types.h:162:1: error: expected declaration specifiers before '__extension__'
 __STD_TYPE __FSBLKCNT_T_TYPE __fsblkcnt_t;
 ^
c:\xilinx\sdk\2014.2\gnu\microblaze\linux_toolchain\nt64_le\microblazeel-xilinx-linux-gnu\sys-root\usr\include\bits\types.h:163:1: error: expected declaration specifiers before '__extension__'
 __STD_TYPE __FSBLKCNT64_T_TYPE __fsblkcnt64_t;
 ^
c:\xilinx\sdk\2014.2\gnu\microblaze\linux_toolchain\nt64_le\microblazeel-xilinx-linux-gnu\sys-root\usr\include\bits\types.h:166:1: error: expected declaration specifiers before '__extension__'
 __STD_TYPE __FSFILCNT_T_TYPE __fsfilcnt_t;
 ^
c:\xilinx\sdk\2014.2\gnu\microblaze\linux_toolchain\nt64_le\microblazeel-xilinx-linux-gnu\sys-root\usr\include\bits\types.h:167:1: error: expected declaration specifiers before '__extension__'
 __STD_TYPE __FSFILCNT64_T_TYPE __fsfilcnt64_t;
 ^
c:\xilinx\sdk\2014.2\gnu\microblaze\linux_toolchain\nt64_le\microblazeel-xilinx-linux-gnu\sys-root\usr\include\bits\types.h:170:1: error: expected declaration specifiers before '__extension__'
 __STD_TYPE __FSWORD_T_TYPE __fsword_t;
 ^
c:\xilinx\sdk\2014.2\gnu\microblaze\linux_toolchain\nt64_le\microblazeel-xilinx-linux-gnu\sys-root\usr\include\bits\types.h:172:1: error: expected declaration specifiers before '__extension__'
 __STD_TYPE __SSIZE_T_TYPE __ssize_t; /* Type of a byte count, or error.  */
 ^
c:\xilinx\sdk\2014.2\gnu\microblaze\linux_toolchain\nt64_le\microblazeel-xilinx-linux-gnu\sys-root\usr\include\bits\types.h:175:1: error: expected declaration specifiers before '__extension__'
 __STD_TYPE __SYSCALL_SLONG_TYPE __syscall_slong_t;
 ^
c:\xilinx\sdk\2014.2\gnu\microblaze\linux_toolchain\nt64_le\microblazeel-xilinx-linux-gnu\sys-root\usr\include\bits\types.h:177:1: error: expected declaration specifiers before '__extension__'
 __STD_TYPE __SYSCALL_ULONG_TYPE __syscall_ulong_t;
 ^
In file included from c:\xilinx\sdk\2014.2\gnu\microblaze\linux_toolchain\nt64_le\microblazeel-xilinx-linux-gnu\sys-root\usr\include\stdio.h:35:0,
                 from ../src/helloworld.c:55:
c:\xilinx\sdk\2014.2\gnu\microblaze\linux_toolchain\nt64_le\microblazeel-xilinx-linux-gnu\sys-root\usr\include\bits\types.h:181:1: error: unknown type name '__off64_t'
 typedef __off64_t __loff_t; /* Type of file sizes and offsets (LFS).  */
 ^
c:\xilinx\sdk\2014.2\gnu\microblaze\linux_toolchain\nt64_le\microblazeel-xilinx-linux-gnu\sys-root\usr\include\bits\types.h:181:19: error: storage class specified for parameter '__loff_t'
 typedef __off64_t __loff_t; /* Type of file sizes and offsets (LFS).  */
                   ^
c:\xilinx\sdk\2014.2\gnu\microblaze\linux_toolchain\nt64_le\microblazeel-xilinx-linux-gnu\sys-root\usr\include\bits\types.h:182:1: error: unknown type name '__quad_t'
 typedef __quad_t *__qaddr_t;
 ^
c:\xilinx\sdk\2014.2\gnu\microblaze\linux_toolchain\nt64_le\microblazeel-xilinx-linux-gnu\sys-root\usr\include\bits\types.h:182:19: error: storage class specified for parameter '__qaddr_t'
 typedef __quad_t *__qaddr_t;
                   ^
c:\xilinx\sdk\2014.2\gnu\microblaze\linux_toolchain\nt64_le\microblazeel-xilinx-linux-gnu\sys-root\usr\include\bits\types.h:183:15: error: storage class specified for parameter '__caddr_t'
 typedef char *__caddr_t;
               ^
In file included from c:\xilinx\sdk\2014.2\gnu\microblaze\linux_toolchain\nt64_le\microblazeel-xilinx-linux-gnu\sys-root\usr\include\stdio.h:35:0,
                 from ../src/helloworld.c:55:
c:\xilinx\sdk\2014.2\gnu\microblaze\linux_toolchain\nt64_le\microblazeel-xilinx-linux-gnu\sys-root\usr\include\bits\types.h:186:1: error: expected declaration specifiers before '__extension__'
 __STD_TYPE __SWORD_TYPE __intptr_t;
 ^
c:\xilinx\sdk\2014.2\gnu\microblaze\linux_toolchain\nt64_le\microblazeel-xilinx-linux-gnu\sys-root\usr\include\bits\types.h:189:1: error: expected declaration specifiers before '__extension__'
 __STD_TYPE __U32_TYPE __socklen_t;
 ^
In file included from ../src/helloworld.c:55:0:
c:\xilinx\sdk\2014.2\gnu\microblaze\linux_toolchain\nt64_le\microblazeel-xilinx-linux-gnu\sys-root\usr\include\stdio.h:48:25: error: storage class specified for parameter 'FILE'
 typedef struct _IO_FILE FILE;
                         ^
c:\xilinx\sdk\2014.2\gnu\microblaze\linux_toolchain\nt64_le\microblazeel-xilinx-linux-gnu\sys-root\usr\include\stdio.h:64:25: error: storage class specified for parameter '__FILE'
 typedef struct _IO_FILE __FILE;
                         ^
In file included from c:\xilinx\sdk\2014.2\gnu\microblaze\linux_toolchain\nt64_le\microblazeel-xilinx-linux-gnu\sys-root\usr\include\_g_config.h:20:0,
                 from c:\xilinx\sdk\2014.2\gnu\microblaze\linux_toolchain\nt64_le\microblazeel-xilinx-linux-gnu\sys-root\usr\include\libio.h:31,
                 from c:\xilinx\sdk\2014.2\gnu\microblaze\linux_toolchain\nt64_le\microblazeel-xilinx-linux-gnu\sys-root\usr\include\stdio.h:74,
                 from ../src/helloworld.c:55:
c:\xilinx\sdk\2014.2\gnu\microblaze\linux_toolchain\nt64_le\microblazeel-xilinx-linux-gnu\sys-root\usr\include\wchar.h:94:3: error: storage class specified for parameter '__mbstate_t'
 } __mbstate_t;
   ^
In file included from c:\xilinx\sdk\2014.2\gnu\microblaze\linux_toolchain\nt64_le\microblazeel-xilinx-linux-gnu\sys-root\usr\include\libio.h:31:0,
                 from c:\xilinx\sdk\2014.2\gnu\microblaze\linux_toolchain\nt64_le\microblazeel-xilinx-linux-gnu\sys-root\usr\include\stdio.h:74,
                 from ../src/helloworld.c:55:
c:\xilinx\sdk\2014.2\gnu\microblaze\linux_toolchain\nt64_le\microblazeel-xilinx-linux-gnu\sys-root\usr\include\_g_config.h:23:3: error: unknown type name '__off_t'
   __off_t __pos;
   ^
c:\xilinx\sdk\2014.2\gnu\microblaze\linux_toolchain\nt64_le\microblazeel-xilinx-linux-gnu\sys-root\usr\include\_g_config.h:24:3: error: expected specifier-qualifier-list before '__mbstate_t'
   __mbstate_t __state;
   ^
c:\xilinx\sdk\2014.2\gnu\microblaze\linux_toolchain\nt64_le\microblazeel-xilinx-linux-gnu\sys-root\usr\include\_g_config.h:25:3: error: storage class specified for parameter '_G_fpos_t'
 } _G_fpos_t;
   ^
c:\xilinx\sdk\2014.2\gnu\microblaze\linux_toolchain\nt64_le\microblazeel-xilinx-linux-gnu\sys-root\usr\include\_g_config.h:28:3: error: unknown type name '__off64_t'
   __off64_t __pos;
   ^
c:\xilinx\sdk\2014.2\gnu\microblaze\linux_toolchain\nt64_le\microblazeel-xilinx-linux-gnu\sys-root\usr\include\_g_config.h:29:3: error: expected specifier-qualifier-list before '__mbstate_t'
   __mbstate_t __state;
   ^
c:\xilinx\sdk\2014.2\gnu\microblaze\linux_toolchain\nt64_le\microblazeel-xilinx-linux-gnu\sys-root\usr\include\_g_config.h:30:3: error: storage class specified for parameter '_G_fpos64_t'
 } _G_fpos64_t;
   ^
In file included from c:\xilinx\sdk\2014.2\gnu\microblaze\linux_toolchain\nt64_le\microblazeel-xilinx-linux-gnu\sys-root\usr\include\libio.h:49:0,
                 from c:\xilinx\sdk\2014.2\gnu\microblaze\linux_toolchain\nt64_le\microblazeel-xilinx-linux-gnu\sys-root\usr\include\stdio.h:74,
                 from ../src/helloworld.c:55:
c:\xilinx\sdk\2014.2\gnu\microblaze\linux_toolchain\nt64_le\lib\gcc\microblazeel-xilinx-linux-gnu\4.8.3\include\stdarg.h:40:27: error: storage class specified for parameter '__gnuc_va_list'
 typedef __builtin_va_list __gnuc_va_list;
                           ^
In file included from c:\xilinx\sdk\2014.2\gnu\microblaze\linux_toolchain\nt64_le\microblazeel-xilinx-linux-gnu\sys-root\usr\include\stdio.h:74:0,
                 from ../src/helloworld.c:55:
c:\xilinx\sdk\2014.2\gnu\microblaze\linux_toolchain\nt64_le\microblazeel-xilinx-linux-gnu\sys-root\usr\include\libio.h:154:14: error: storage class specified for parameter '_IO_lock_t'
 typedef void _IO_lock_t;
              ^
c:\xilinx\sdk\2014.2\gnu\microblaze\linux_toolchain\nt64_le\microblazeel-xilinx-linux-gnu\sys-root\usr\include\libio.h:274:3: error: unknown type name '__off_t'
   _IO_off_t _old_offset; /* This used to be _offset but it's too small.  */
   ^
c:\xilinx\sdk\2014.2\gnu\microblaze\linux_toolchain\nt64_le\microblazeel-xilinx-linux-gnu\sys-root\usr\include\libio.h:284:3: error: expected specifier-qualifier-list before '_IO_lock_t'
   _IO_lock_t *_lock;
   ^
c:\xilinx\sdk\2014.2\gnu\microblaze\linux_toolchain\nt64_le\microblazeel-xilinx-linux-gnu\sys-root\usr\include\libio.h:315:25: error: storage class specified for parameter '_IO_FILE'
 typedef struct _IO_FILE _IO_FILE;
                         ^
c:\xilinx\sdk\2014.2\gnu\microblaze\linux_toolchain\nt64_le\microblazeel-xilinx-linux-gnu\sys-root\usr\include\libio.h:320:29: error: storage class specified for parameter '_IO_2_1_stdin_'
 extern struct _IO_FILE_plus _IO_2_1_stdin_;
                             ^
c:\xilinx\sdk\2014.2\gnu\microblaze\linux_toolchain\nt64_le\microblazeel-xilinx-linux-gnu\sys-root\usr\include\libio.h:321:29: error: storage class specified for parameter '_IO_2_1_stdout_'
 extern struct _IO_FILE_plus _IO_2_1_stdout_;
                             ^
c:\xilinx\sdk\2014.2\gnu\microblaze\linux_toolchain\nt64_le\microblazeel-xilinx-linux-gnu\sys-root\usr\include\libio.h:322:29: error: storage class specified for parameter '_IO_2_1_stderr_'
 extern struct _IO_FILE_plus _IO_2_1_stderr_;
                             ^
c:\xilinx\sdk\2014.2\gnu\microblaze\linux_toolchain\nt64_le\microblazeel-xilinx-linux-gnu\sys-root\usr\include\libio.h:338:1: error: unknown type name '__ssize_t'
 typedef __ssize_t __io_read_fn (void *__cookie, char *__buf, size_t __nbytes);
 ^
c:\xilinx\sdk\2014.2\gnu\microblaze\linux_toolchain\nt64_le\microblazeel-xilinx-linux-gnu\sys-root\usr\include\libio.h:338:62: error: unknown type name 'size_t'
 typedef __ssize_t __io_read_fn (void *__cookie, char *__buf, size_t __nbytes);
                                                              ^
c:\xilinx\sdk\2014.2\gnu\microblaze\linux_toolchain\nt64_le\microblazeel-xilinx-linux-gnu\sys-root\usr\include\libio.h:346:1: error: unknown type name '__ssize_t'
 typedef __ssize_t __io_write_fn (void *__cookie, const char *__buf,
 ^
c:\xilinx\sdk\2014.2\gnu\microblaze\linux_toolchain\nt64_le\microblazeel-xilinx-linux-gnu\sys-root\usr\include\libio.h:347:6: error: unknown type name 'size_t'
      size_t __n);
      ^
In file included from c:\xilinx\sdk\2014.2\gnu\microblaze\linux_toolchain\nt64_le\microblazeel-xilinx-linux-gnu\sys-root\usr\include\stdio.h:74:0,
                 from ../src/helloworld.c:55:
c:\xilinx\sdk\2014.2\gnu\microblaze\linux_toolchain\nt64_le\microblazeel-xilinx-linux-gnu\sys-root\usr\include\libio.h:355:43: error: unknown type name '__off64_t'
 typedef int __io_seek_fn (void *__cookie, _IO_off64_t *__pos, int __w);
                                           ^
In file included from c:\xilinx\sdk\2014.2\gnu\microblaze\linux_toolchain\nt64_le\microblazeel-xilinx-linux-gnu\sys-root\usr\include\stdio.h:74:0,
                 from ../src/helloworld.c:55:
c:\xilinx\sdk\2014.2\gnu\microblaze\linux_toolchain\nt64_le\microblazeel-xilinx-linux-gnu\sys-root\usr\include\libio.h:358:13: error: storage class specified for parameter '__io_close_fn'
 typedef int __io_close_fn (void *__cookie);
             ^
c:\xilinx\sdk\2014.2\gnu\microblaze\linux_toolchain\nt64_le\microblazeel-xilinx-linux-gnu\sys-root\usr\include\libio.h:390:25: error: expected declaration specifiers or '...' before '_IO_FILE'
 extern int __underflow (_IO_FILE *);
                         ^
c:\xilinx\sdk\2014.2\gnu\microblaze\linux_toolchain\nt64_le\microblazeel-xilinx-linux-gnu\sys-root\usr\include\libio.h:391:21: error: expected declaration specifiers or '...' before '_IO_FILE'
 extern int __uflow (_IO_FILE *);
                     ^
c:\xilinx\sdk\2014.2\gnu\microblaze\linux_toolchain\nt64_le\microblazeel-xilinx-linux-gnu\sys-root\usr\include\libio.h:392:24: error: expected declaration specifiers or '...' before '_IO_FILE'
 extern int __overflow (_IO_FILE *, int);
                        ^
c:\xilinx\sdk\2014.2\gnu\microblaze\linux_toolchain\nt64_le\microblazeel-xilinx-linux-gnu\sys-root\usr\include\libio.h:434:22: error: expected declaration specifiers or '...' before '_IO_FILE'
 extern int _IO_getc (_IO_FILE *__fp);
                      ^
c:\xilinx\sdk\2014.2\gnu\microblaze\linux_toolchain\nt64_le\microblazeel-xilinx-linux-gnu\sys-root\usr\include\libio.h:435:31: error: expected declaration specifiers or '...' before '_IO_FILE'
 extern int _IO_putc (int __c, _IO_FILE *__fp);
                               ^
c:\xilinx\sdk\2014.2\gnu\microblaze\linux_toolchain\nt64_le\microblazeel-xilinx-linux-gnu\sys-root\usr\include\libio.h:436:22: error: expected declaration specifiers or '...' before '_IO_FILE'
 extern int _IO_feof (_IO_FILE *__fp) __THROW;
                      ^
c:\xilinx\sdk\2014.2\gnu\microblaze\linux_toolchain\nt64_le\microblazeel-xilinx-linux-gnu\sys-root\usr\include\libio.h:437:24: error: expected declaration specifiers or '...' before '_IO_FILE'
 extern int _IO_ferror (_IO_FILE *__fp) __THROW;
                        ^
c:\xilinx\sdk\2014.2\gnu\microblaze\linux_toolchain\nt64_le\microblazeel-xilinx-linux-gnu\sys-root\usr\include\libio.h:439:30: error: expected declaration specifiers or '...' before '_IO_FILE'
 extern int _IO_peekc_locked (_IO_FILE *__fp);
                              ^
c:\xilinx\sdk\2014.2\gnu\microblaze\linux_toolchain\nt64_le\microblazeel-xilinx-linux-gnu\sys-root\usr\include\libio.h:445:28: error: expected declaration specifiers or '...' before '_IO_FILE'
 extern void _IO_flockfile (_IO_FILE *) __THROW;
                            ^
c:\xilinx\sdk\2014.2\gnu\microblaze\linux_toolchain\nt64_le\microblazeel-xilinx-linux-gnu\sys-root\usr\include\libio.h:446:30: error: expected declaration specifiers or '...' before '_IO_FILE'
 extern void _IO_funlockfile (_IO_FILE *) __THROW;
                              ^
c:\xilinx\sdk\2014.2\gnu\microblaze\linux_toolchain\nt64_le\microblazeel-xilinx-linux-gnu\sys-root\usr\include\libio.h:447:30: error: expected declaration specifiers or '...' before '_IO_FILE'
 extern int _IO_ftrylockfile (_IO_FILE *) __THROW;
                              ^
c:\xilinx\sdk\2014.2\gnu\microblaze\linux_toolchain\nt64_le\microblazeel-xilinx-linux-gnu\sys-root\usr\include\libio.h:464:25: error: expected declaration specifiers or '...' before '_IO_FILE'
 extern int _IO_vfscanf (_IO_FILE * __restrict, const char * __restrict,
                         ^
c:\xilinx\sdk\2014.2\gnu\microblaze\linux_toolchain\nt64_le\microblazeel-xilinx-linux-gnu\sys-root\usr\include\libio.h:465:4: error: expected declaration specifiers or '...' before '__gnuc_va_list'
    _IO_va_list, int *__restrict);
    ^
c:\xilinx\sdk\2014.2\gnu\microblaze\linux_toolchain\nt64_le\microblazeel-xilinx-linux-gnu\sys-root\usr\include\libio.h:466:26: error: expected declaration specifiers or '...' before '_IO_FILE'
 extern int _IO_vfprintf (_IO_FILE *__restrict, const char *__restrict,
                          ^
c:\xilinx\sdk\2014.2\gnu\microblaze\linux_toolchain\nt64_le\microblazeel-xilinx-linux-gnu\sys-root\usr\include\libio.h:467:5: error: expected declaration specifiers or '...' before '__gnuc_va_list'
     _IO_va_list);
     ^
c:\xilinx\sdk\2014.2\gnu\microblaze\linux_toolchain\nt64_le\microblazeel-xilinx-linux-gnu\sys-root\usr\include\libio.h:468:1: error: unknown type name '__ssize_t'
 extern _IO_ssize_t _IO_padn (_IO_FILE *, int, _IO_ssize_t);
 ^
c:\xilinx\sdk\2014.2\gnu\microblaze\linux_toolchain\nt64_le\microblazeel-xilinx-linux-gnu\sys-root\usr\include\libio.h:468:30: error: expected declaration specifiers or '...' before '_IO_FILE'
 extern _IO_ssize_t _IO_padn (_IO_FILE *, int, _IO_ssize_t);
                              ^
In file included from c:\xilinx\sdk\2014.2\gnu\microblaze\linux_toolchain\nt64_le\microblazeel-xilinx-linux-gnu\sys-root\usr\include\stdio.h:74:0,
                 from ../src/helloworld.c:55:
c:\xilinx\sdk\2014.2\gnu\microblaze\linux_toolchain\nt64_le\microblazeel-xilinx-linux-gnu\sys-root\usr\include\libio.h:468:47: error: unknown type name '__ssize_t'
 extern _IO_ssize_t _IO_padn (_IO_FILE *, int, _IO_ssize_t);
                                               ^
In file included from c:\xilinx\sdk\2014.2\gnu\microblaze\linux_toolchain\nt64_le\microblazeel-xilinx-linux-gnu\sys-root\usr\include\stdio.h:74:0,
                 from ../src/helloworld.c:55:
c:\xilinx\sdk\2014.2\gnu\microblaze\linux_toolchain\nt64_le\microblazeel-xilinx-linux-gnu\sys-root\usr\include\libio.h:469:1: error: unknown type name 'size_t'
 extern _IO_size_t _IO_sgetn (_IO_FILE *, void *, _IO_size_t);
 ^
c:\xilinx\sdk\2014.2\gnu\microblaze\linux_toolchain\nt64_le\microblazeel-xilinx-linux-gnu\sys-root\usr\include\libio.h:469:30: error: expected declaration specifiers or '...' before '_IO_FILE'
 extern _IO_size_t _IO_sgetn (_IO_FILE *, void *, _IO_size_t);
                              ^
In file included from c:\xilinx\sdk\2014.2\gnu\microblaze\linux_toolchain\nt64_le\microblazeel-xilinx-linux-gnu\sys-root\usr\include\stdio.h:74:0,
                 from ../src/helloworld.c:55:
c:\xilinx\sdk\2014.2\gnu\microblaze\linux_toolchain\nt64_le\microblazeel-xilinx-linux-gnu\sys-root\usr\include\libio.h:469:50: error: unknown type name 'size_t'
 extern _IO_size_t _IO_sgetn (_IO_FILE *, void *, _IO_size_t);
                                                  ^
In file included from c:\xilinx\sdk\2014.2\gnu\microblaze\linux_toolchain\nt64_le\microblazeel-xilinx-linux-gnu\sys-root\usr\include\stdio.h:74:0,
                 from ../src/helloworld.c:55:
c:\xilinx\sdk\2014.2\gnu\microblaze\linux_toolchain\nt64_le\microblazeel-xilinx-linux-gnu\sys-root\usr\include\libio.h:471:1: error: unknown type name '__off64_t'
 extern _IO_off64_t _IO_seekoff (_IO_FILE *, _IO_off64_t, int, int);
 ^
c:\xilinx\sdk\2014.2\gnu\microblaze\linux_toolchain\nt64_le\microblazeel-xilinx-linux-gnu\sys-root\usr\include\libio.h:471:33: error: expected declaration specifiers or '...' before '_IO_FILE'
 extern _IO_off64_t _IO_seekoff (_IO_FILE *, _IO_off64_t, int, int);
                                 ^
In file included from c:\xilinx\sdk\2014.2\gnu\microblaze\linux_toolchain\nt64_le\microblazeel-xilinx-linux-gnu\sys-root\usr\include\stdio.h:74:0,
                 from ../src/helloworld.c:55:
c:\xilinx\sdk\2014.2\gnu\microblaze\linux_toolchain\nt64_le\microblazeel-xilinx-linux-gnu\sys-root\usr\include\libio.h:471:45: error: unknown type name '__off64_t'
 extern _IO_off64_t _IO_seekoff (_IO_FILE *, _IO_off64_t, int, int);
                                             ^
In file included from c:\xilinx\sdk\2014.2\gnu\microblaze\linux_toolchain\nt64_le\microblazeel-xilinx-linux-gnu\sys-root\usr\include\stdio.h:74:0,
                 from ../src/helloworld.c:55:
c:\xilinx\sdk\2014.2\gnu\microblaze\linux_toolchain\nt64_le\microblazeel-xilinx-linux-gnu\sys-root\usr\include\libio.h:472:1: error: unknown type name '__off64_t'
 extern _IO_off64_t _IO_seekpos (_IO_FILE *, _IO_off64_t, int);
 ^
c:\xilinx\sdk\2014.2\gnu\microblaze\linux_toolchain\nt64_le\microblazeel-xilinx-linux-gnu\sys-root\usr\include\libio.h:472:33: error: expected declaration specifiers or '...' before '_IO_FILE'
 extern _IO_off64_t _IO_seekpos (_IO_FILE *, _IO_off64_t, int);
                                 ^
In file included from c:\xilinx\sdk\2014.2\gnu\microblaze\linux_toolchain\nt64_le\microblazeel-xilinx-linux-gnu\sys-root\usr\include\stdio.h:74:0,
                 from ../src/helloworld.c:55:
c:\xilinx\sdk\2014.2\gnu\microblaze\linux_toolchain\nt64_le\microblazeel-xilinx-linux-gnu\sys-root\usr\include\libio.h:472:45: error: unknown type name '__off64_t'
 extern _IO_off64_t _IO_seekpos (_IO_FILE *, _IO_off64_t, int);
                                             ^
In file included from c:\xilinx\sdk\2014.2\gnu\microblaze\linux_toolchain\nt64_le\microblazeel-xilinx-linux-gnu\sys-root\usr\include\stdio.h:74:0,
                 from ../src/helloworld.c:55:
c:\xilinx\sdk\2014.2\gnu\microblaze\linux_toolchain\nt64_le\microblazeel-xilinx-linux-gnu\sys-root\usr\include\libio.h:474:35: error: expected declaration specifiers or '...' before '_IO_FILE'
 extern void _IO_free_backup_area (_IO_FILE *) __THROW;
                                   ^
In file included from ../src/helloworld.c:55:0:
c:\xilinx\sdk\2014.2\gnu\microblaze\linux_toolchain\nt64_le\microblazeel-xilinx-linux-gnu\sys-root\usr\include\stdio.h:79:20: error: expected '=', ',', ';', 'asm' or '__attribute__' before 'va_list'
 typedef _G_va_list va_list;
                    ^
c:\xilinx\sdk\2014.2\gnu\microblaze\linux_toolchain\nt64_le\microblazeel-xilinx-linux-gnu\sys-root\usr\include\stdio.h:90:1: error: unknown type name '__off_t'
 typedef __off_t off_t;
 ^
c:\xilinx\sdk\2014.2\gnu\microblaze\linux_toolchain\nt64_le\microblazeel-xilinx-linux-gnu\sys-root\usr\include\stdio.h:90:17: error: storage class specified for parameter 'off_t'
 typedef __off_t off_t;
                 ^
c:\xilinx\sdk\2014.2\gnu\microblaze\linux_toolchain\nt64_le\microblazeel-xilinx-linux-gnu\sys-root\usr\include\stdio.h:102:1: error: unknown type name '__ssize_t'
 typedef __ssize_t ssize_t;
 ^
c:\xilinx\sdk\2014.2\gnu\microblaze\linux_toolchain\nt64_le\microblazeel-xilinx-linux-gnu\sys-root\usr\include\stdio.h:102:19: error: storage class specified for parameter 'ssize_t'
 typedef __ssize_t ssize_t;
                   ^
c:\xilinx\sdk\2014.2\gnu\microblaze\linux_toolchain\nt64_le\microblazeel-xilinx-linux-gnu\sys-root\usr\include\stdio.h:110:19: error: expected '=', ',', ';', 'asm' or '__attribute__' before 'fpos_t'
 typedef _G_fpos_t fpos_t;
                   ^
In file included from ../src/helloworld.c:55:0:
c:\xilinx\sdk\2014.2\gnu\microblaze\linux_toolchain\nt64_le\microblazeel-xilinx-linux-gnu\sys-root\usr\include\stdio.h:168:25: error: storage class specified for parameter 'stdin'
 extern struct _IO_FILE *stdin;  /* Standard input stream.  */
                         ^
c:\xilinx\sdk\2014.2\gnu\microblaze\linux_toolchain\nt64_le\microblazeel-xilinx-linux-gnu\sys-root\usr\include\stdio.h:169:25: error: storage class specified for parameter 'stdout'
 extern struct _IO_FILE *stdout;  /* Standard output stream.  */
                         ^
c:\xilinx\sdk\2014.2\gnu\microblaze\linux_toolchain\nt64_le\microblazeel-xilinx-linux-gnu\sys-root\usr\include\stdio.h:170:25: error: storage class specified for parameter 'stderr'
 extern struct _IO_FILE *stderr;  /* Standard error output stream.  */
                         ^
c:\xilinx\sdk\2014.2\gnu\microblaze\linux_toolchain\nt64_le\microblazeel-xilinx-linux-gnu\sys-root\usr\include\stdio.h:178:12: error: storage class specified for parameter 'remove'
 extern int remove (const char *__filename) __THROW;
            ^
c:\xilinx\sdk\2014.2\gnu\microblaze\linux_toolchain\nt64_le\microblazeel-xilinx-linux-gnu\sys-root\usr\include\stdio.h:180:12: error: storage class specified for parameter 'rename'
 extern int rename (const char *__old, const char *__new) __THROW;
            ^
c:\xilinx\sdk\2014.2\gnu\microblaze\linux_toolchain\nt64_le\microblazeel-xilinx-linux-gnu\sys-root\usr\include\stdio.h:185:12: error: storage class specified for parameter 'renameat'
 extern int renameat (int __oldfd, const char *__old, int __newfd,
            ^
c:\xilinx\sdk\2014.2\gnu\microblaze\linux_toolchain\nt64_le\microblazeel-xilinx-linux-gnu\sys-root\usr\include\stdio.h:195:13: error: expected '=', ',', ';', 'asm' or '__attribute__' before '*' token
 extern FILE *tmpfile (void) __wur;
             ^
c:\xilinx\sdk\2014.2\gnu\microblaze\linux_toolchain\nt64_le\microblazeel-xilinx-linux-gnu\sys-root\usr\include\stdio.h:209:14: error: storage class specified for parameter 'tmpnam'
 extern char *tmpnam (char *__s) __THROW __wur;
              ^
c:\xilinx\sdk\2014.2\gnu\microblaze\linux_toolchain\nt64_le\microblazeel-xilinx-linux-gnu\sys-root\usr\include\stdio.h:215:14: error: storage class specified for parameter 'tmpnam_r'
 extern char *tmpnam_r (char *__s) __THROW __wur;
              ^
c:\xilinx\sdk\2014.2\gnu\microblaze\linux_toolchain\nt64_le\microblazeel-xilinx-linux-gnu\sys-root\usr\include\stdio.h:227:14: error: storage class specified for parameter 'tempnam'
 extern char *tempnam (const char *__dir, const char *__pfx)
              ^
c:\xilinx\sdk\2014.2\gnu\microblaze\linux_toolchain\nt64_le\microblazeel-xilinx-linux-gnu\sys-root\usr\include\stdio.h:237:20: error: expected declaration specifiers or '...' before 'FILE'
 extern int fclose (FILE *__stream);
                    ^
c:\xilinx\sdk\2014.2\gnu\microblaze\linux_toolchain\nt64_le\microblazeel-xilinx-linux-gnu\sys-root\usr\include\stdio.h:242:20: error: expected declaration specifiers or '...' before 'FILE'
 extern int fflush (FILE *__stream);
                    ^
c:\xilinx\sdk\2014.2\gnu\microblaze\linux_toolchain\nt64_le\microblazeel-xilinx-linux-gnu\sys-root\usr\include\stdio.h:252:29: error: expected declaration specifiers or '...' before 'FILE'
 extern int fflush_unlocked (FILE *__stream);
                             ^
c:\xilinx\sdk\2014.2\gnu\microblaze\linux_toolchain\nt64_le\microblazeel-xilinx-linux-gnu\sys-root\usr\include\stdio.h:272:13: error: expected '=', ',', ';', 'asm' or '__attribute__' before '*' token
 extern FILE *fopen (const char *__restrict __filename,
             ^
c:\xilinx\sdk\2014.2\gnu\microblaze\linux_toolchain\nt64_le\microblazeel-xilinx-linux-gnu\sys-root\usr\include\stdio.h:278:13: error: expected '=', ',', ';', 'asm' or '__attribute__' before '*' token
 extern FILE *freopen (const char *__restrict __filename,
             ^
c:\xilinx\sdk\2014.2\gnu\microblaze\linux_toolchain\nt64_le\microblazeel-xilinx-linux-gnu\sys-root\usr\include\stdio.h:306:13: error: expected '=', ',', ';', 'asm' or '__attribute__' before '*' token
 extern FILE *fdopen (int __fd, const char *__modes) __THROW __wur;
             ^
c:\xilinx\sdk\2014.2\gnu\microblaze\linux_toolchain\nt64_le\microblazeel-xilinx-linux-gnu\sys-root\usr\include\stdio.h:319:13: error: expected '=', ',', ';', 'asm' or '__attribute__' before '*' token
 extern FILE *fmemopen (void *__s, size_t __len, const char *__modes)
             ^
c:\xilinx\sdk\2014.2\gnu\microblaze\linux_toolchain\nt64_le\microblazeel-xilinx-linux-gnu\sys-root\usr\include\stdio.h:325:13: error: expected '=', ',', ';', 'asm' or '__attribute__' before '*' token
 extern FILE *open_memstream (char **__bufloc, size_t *__sizeloc) __THROW __wur;
             ^
c:\xilinx\sdk\2014.2\gnu\microblaze\linux_toolchain\nt64_le\microblazeel-xilinx-linux-gnu\sys-root\usr\include\stdio.h:332:21: error: expected declaration specifiers or '...' before 'FILE'
 extern void setbuf (FILE *__restrict __stream, char *__restrict __buf) __THROW;
                     ^
c:\xilinx\sdk\2014.2\gnu\microblaze\linux_toolchain\nt64_le\microblazeel-xilinx-linux-gnu\sys-root\usr\include\stdio.h:336:21: error: expected declaration specifiers or '...' before 'FILE'
 extern int setvbuf (FILE *__restrict __stream, char *__restrict __buf,
                     ^
c:\xilinx\sdk\2014.2\gnu\microblaze\linux_toolchain\nt64_le\microblazeel-xilinx-linux-gnu\sys-root\usr\include\stdio.h:337:20: error: unknown type name 'size_t'
       int __modes, size_t __n) __THROW;
                    ^
c:\xilinx\sdk\2014.2\gnu\microblaze\linux_toolchain\nt64_le\microblazeel-xilinx-linux-gnu\sys-root\usr\include\stdio.h:343:24: error: expected declaration specifiers or '...' before 'FILE'
 extern void setbuffer (FILE *__restrict __stream, char *__restrict __buf,
                        ^
c:\xilinx\sdk\2014.2\gnu\microblaze\linux_toolchain\nt64_le\microblazeel-xilinx-linux-gnu\sys-root\usr\include\stdio.h:344:10: error: unknown type name 'size_t'
          size_t __size) __THROW;
          ^
c:\xilinx\sdk\2014.2\gnu\microblaze\linux_toolchain\nt64_le\microblazeel-xilinx-linux-gnu\sys-root\usr\include\stdio.h:347:25: error: expected declaration specifiers or '...' before 'FILE'
 extern void setlinebuf (FILE *__stream) __THROW;
                         ^
c:\xilinx\sdk\2014.2\gnu\microblaze\linux_toolchain\nt64_le\microblazeel-xilinx-linux-gnu\sys-root\usr\include\stdio.h:356:21: error: expected declaration specifiers or '...' before 'FILE'
 extern int fprintf (FILE *__restrict __stream,
                     ^
c:\xilinx\sdk\2014.2\gnu\microblaze\linux_toolchain\nt64_le\microblazeel-xilinx-linux-gnu\sys-root\usr\include\stdio.h:362:12: error: storage class specified for parameter 'printf'
 extern int printf (const char *__restrict __format, ...);
            ^
c:\xilinx\sdk\2014.2\gnu\microblaze\linux_toolchain\nt64_le\microblazeel-xilinx-linux-gnu\sys-root\usr\include\stdio.h:364:12: error: storage class specified for parameter 'sprintf'
 extern int sprintf (char *__restrict __s,
            ^
c:\xilinx\sdk\2014.2\gnu\microblaze\linux_toolchain\nt64_le\microblazeel-xilinx-linux-gnu\sys-root\usr\include\stdio.h:371:22: error: expected declaration specifiers or '...' before 'FILE'
 extern int vfprintf (FILE *__restrict __s, const char *__restrict __format,
                      ^
In file included from c:\xilinx\sdk\2014.2\gnu\microblaze\linux_toolchain\nt64_le\microblazeel-xilinx-linux-gnu\sys-root\usr\include\libio.h:31:0,
                 from c:\xilinx\sdk\2014.2\gnu\microblaze\linux_toolchain\nt64_le\microblazeel-xilinx-linux-gnu\sys-root\usr\include\stdio.h:74,
                 from ../src/helloworld.c:55:
c:\xilinx\sdk\2014.2\gnu\microblaze\linux_toolchain\nt64_le\microblazeel-xilinx-linux-gnu\sys-root\usr\include\stdio.h:372:8: error: expected declaration specifiers or '...' before '__gnuc_va_list'
        _G_va_list __arg);
        ^
c:\xilinx\sdk\2014.2\gnu\microblaze\linux_toolchain\nt64_le\microblazeel-xilinx-linux-gnu\sys-root\usr\include\stdio.h:377:54: error: expected declaration specifiers or '...' before '__gnuc_va_list'
 extern int vprintf (const char *__restrict __format, _G_va_list __arg);
                                                      ^
c:\xilinx\sdk\2014.2\gnu\microblaze\linux_toolchain\nt64_le\microblazeel-xilinx-linux-gnu\sys-root\usr\include\stdio.h:380:8: error: expected declaration specifiers or '...' before '__gnuc_va_list'
        _G_va_list __arg) __THROWNL;
        ^
In file included from ../src/helloworld.c:55:0:
c:\xilinx\sdk\2014.2\gnu\microblaze\linux_toolchain\nt64_le\microblazeel-xilinx-linux-gnu\sys-root\usr\include\stdio.h:386:44: error: unknown type name 'size_t'
 extern int snprintf (char *__restrict __s, size_t __maxlen,
                                            ^
c:\xilinx\sdk\2014.2\gnu\microblaze\linux_toolchain\nt64_le\microblazeel-xilinx-linux-gnu\sys-root\usr\include\stdio.h:390:45: error: unknown type name 'size_t'
 extern int vsnprintf (char *__restrict __s, size_t __maxlen,
                                             ^
In file included from c:\xilinx\sdk\2014.2\gnu\microblaze\linux_toolchain\nt64_le\microblazeel-xilinx-linux-gnu\sys-root\usr\include\libio.h:31:0,
                 from c:\xilinx\sdk\2014.2\gnu\microblaze\linux_toolchain\nt64_le\microblazeel-xilinx-linux-gnu\sys-root\usr\include\stdio.h:74,
                 from ../src/helloworld.c:55:
c:\xilinx\sdk\2014.2\gnu\microblaze\linux_toolchain\nt64_le\microblazeel-xilinx-linux-gnu\sys-root\usr\include\stdio.h:391:42: error: expected declaration specifiers or '...' before '__gnuc_va_list'
         const char *__restrict __format, _G_va_list __arg)
                                          ^
c:\xilinx\sdk\2014.2\gnu\microblaze\linux_toolchain\nt64_le\microblazeel-xilinx-linux-gnu\sys-root\usr\include\stdio.h:413:8: error: expected declaration specifiers or '...' before '__gnuc_va_list'
        _G_va_list __arg)
        ^
In file included from ../src/helloworld.c:55:0:
c:\xilinx\sdk\2014.2\gnu\microblaze\linux_toolchain\nt64_le\microblazeel-xilinx-linux-gnu\sys-root\usr\include\stdio.h:415:12: error: storage class specified for parameter 'dprintf'
 extern int dprintf (int __fd, const char *__restrict __fmt, ...)
            ^
c:\xilinx\sdk\2014.2\gnu\microblaze\linux_toolchain\nt64_le\microblazeel-xilinx-linux-gnu\sys-root\usr\include\stdio.h:425:20: error: expected declaration specifiers or '...' before 'FILE'
 extern int fscanf (FILE *__restrict __stream,
                    ^
c:\xilinx\sdk\2014.2\gnu\microblaze\linux_toolchain\nt64_le\microblazeel-xilinx-linux-gnu\sys-root\usr\include\stdio.h:431:12: error: storage class specified for parameter 'scanf'
 extern int scanf (const char *__restrict __format, ...) __wur;
            ^
c:\xilinx\sdk\2014.2\gnu\microblaze\linux_toolchain\nt64_le\microblazeel-xilinx-linux-gnu\sys-root\usr\include\stdio.h:433:12: error: storage class specified for parameter 'sscanf'
 extern int sscanf (const char *__restrict __s,
            ^
In file included from c:\xilinx\sdk\2014.2\gnu\microblaze\linux_toolchain\nt64_le\microblazeel-xilinx-linux-gnu\sys-root\usr\include\features.h:378:0,
                 from c:\xilinx\sdk\2014.2\gnu\microblaze\linux_toolchain\nt64_le\microblazeel-xilinx-linux-gnu\sys-root\usr\include\stdio.h:27,
                 from ../src/helloworld.c:55:
c:\xilinx\sdk\2014.2\gnu\microblaze\linux_toolchain\nt64_le\microblazeel-xilinx-linux-gnu\sys-root\usr\include\stdio.h:443:12: error: expected declaration specifiers or '...' before 'FILE'
 extern int __REDIRECT (fscanf, (FILE *__restrict __stream,
            ^
c:\xilinx\sdk\2014.2\gnu\microblaze\linux_toolchain\nt64_le\microblazeel-xilinx-linux-gnu\sys-root\usr\include\stdio.h:446:12: error: storage class specified for parameter 'scanf'
 extern int __REDIRECT (scanf, (const char *__restrict __format, ...),
            ^
c:\xilinx\sdk\2014.2\gnu\microblaze\linux_toolchain\nt64_le\microblazeel-xilinx-linux-gnu\sys-root\usr\include\stdio.h:446:12: error: redefinition of parameter 'scanf'
In file included from ../src/helloworld.c:55:0:
c:\xilinx\sdk\2014.2\gnu\microblaze\linux_toolchain\nt64_le\microblazeel-xilinx-linux-gnu\sys-root\usr\include\stdio.h:431:12: note: previous definition of 'scanf' was here
 extern int scanf (const char *__restrict __format, ...) __wur;
            ^
In file included from c:\xilinx\sdk\2014.2\gnu\microblaze\linux_toolchain\nt64_le\microblazeel-xilinx-linux-gnu\sys-root\usr\include\features.h:378:0,
                 from c:\xilinx\sdk\2014.2\gnu\microblaze\linux_toolchain\nt64_le\microblazeel-xilinx-linux-gnu\sys-root\usr\include\stdio.h:27,
                 from ../src/helloworld.c:55:
c:\xilinx\sdk\2014.2\gnu\microblaze\linux_toolchain\nt64_le\microblazeel-xilinx-linux-gnu\sys-root\usr\include\stdio.h:448:12: error: storage class specified for parameter 'sscanf'
 extern int __REDIRECT_NTH (sscanf, (const char *__restrict __s,
            ^
c:\xilinx\sdk\2014.2\gnu\microblaze\linux_toolchain\nt64_le\microblazeel-xilinx-linux-gnu\sys-root\usr\include\stdio.h:448:12: error: redefinition of parameter 'sscanf'
In file included from ../src/helloworld.c:55:0:
c:\xilinx\sdk\2014.2\gnu\microblaze\linux_toolchain\nt64_le\microblazeel-xilinx-linux-gnu\sys-root\usr\include\stdio.h:433:12: note: previous definition of 'sscanf' was here
 extern int sscanf (const char *__restrict __s,
            ^
c:\xilinx\sdk\2014.2\gnu\microblaze\linux_toolchain\nt64_le\microblazeel-xilinx-linux-gnu\sys-root\usr\include\stdio.h:471:21: error: expected declaration specifiers or '...' before 'FILE'
 extern int vfscanf (FILE *__restrict __s, const char *__restrict __format,
                     ^
In file included from c:\xilinx\sdk\2014.2\gnu\microblaze\linux_toolchain\nt64_le\microblazeel-xilinx-linux-gnu\sys-root\usr\include\libio.h:31:0,
                 from c:\xilinx\sdk\2014.2\gnu\microblaze\linux_toolchain\nt64_le\microblazeel-xilinx-linux-gnu\sys-root\usr\include\stdio.h:74,
                 from ../src/helloworld.c:55:
c:\xilinx\sdk\2014.2\gnu\microblaze\linux_toolchain\nt64_le\microblazeel-xilinx-linux-gnu\sys-root\usr\include\stdio.h:472:7: error: expected declaration specifiers or '...' before '__gnuc_va_list'
       _G_va_list __arg)
       ^
c:\xilinx\sdk\2014.2\gnu\microblaze\linux_toolchain\nt64_le\microblazeel-xilinx-linux-gnu\sys-root\usr\include\stdio.h:479:53: error: expected declaration specifiers or '...' before '__gnuc_va_list'
 extern int vscanf (const char *__restrict __format, _G_va_list __arg)
                                                     ^
c:\xilinx\sdk\2014.2\gnu\microblaze\linux_toolchain\nt64_le\microblazeel-xilinx-linux-gnu\sys-root\usr\include\stdio.h:484:40: error: expected declaration specifiers or '...' before '__gnuc_va_list'
       const char *__restrict __format, _G_va_list __arg)
                                        ^
In file included from c:\xilinx\sdk\2014.2\gnu\microblaze\linux_toolchain\nt64_le\microblazeel-xilinx-linux-gnu\sys-root\usr\include\features.h:378:0,
                 from c:\xilinx\sdk\2014.2\gnu\microblaze\linux_toolchain\nt64_le\microblazeel-xilinx-linux-gnu\sys-root\usr\include\stdio.h:27,
                 from ../src/helloworld.c:55:
c:\xilinx\sdk\2014.2\gnu\microblaze\linux_toolchain\nt64_le\microblazeel-xilinx-linux-gnu\sys-root\usr\include\stdio.h:494:12: error: expected declaration specifiers or '...' before 'FILE'
 extern int __REDIRECT (vfscanf,
            ^
c:\xilinx\sdk\2014.2\gnu\microblaze\linux_toolchain\nt64_le\microblazeel-xilinx-linux-gnu\sys-root\usr\include\stdio.h:496:37: error: expected declaration specifiers or '...' before '__gnuc_va_list'
    const char *__restrict __format, _G_va_list __arg),
                                     ^
c:\xilinx\sdk\2014.2\gnu\microblaze\linux_toolchain\nt64_le\microblazeel-xilinx-linux-gnu\sys-root\usr\include\stdio.h:500:5: error: expected declaration specifiers or '...' before '__gnuc_va_list'
     _G_va_list __arg), __isoc99_vscanf)
     ^
c:\xilinx\sdk\2014.2\gnu\microblaze\linux_toolchain\nt64_le\microblazeel-xilinx-linux-gnu\sys-root\usr\include\stdio.h:505:8: error: expected declaration specifiers or '...' before '__gnuc_va_list'
        _G_va_list __arg), __isoc99_vsscanf)
        ^
In file included from ../src/helloworld.c:55:0:
c:\xilinx\sdk\2014.2\gnu\microblaze\linux_toolchain\nt64_le\microblazeel-xilinx-linux-gnu\sys-root\usr\include\stdio.h:531:19: error: expected declaration specifiers or '...' before 'FILE'
 extern int fgetc (FILE *__stream);
                   ^
c:\xilinx\sdk\2014.2\gnu\microblaze\linux_toolchain\nt64_le\microblazeel-xilinx-linux-gnu\sys-root\usr\include\stdio.h:532:18: error: expected declaration specifiers or '...' before 'FILE'
 extern int getc (FILE *__stream);
                  ^
c:\xilinx\sdk\2014.2\gnu\microblaze\linux_toolchain\nt64_le\microblazeel-xilinx-linux-gnu\sys-root\usr\include\stdio.h:538:12: error: storage class specified for parameter 'getchar'
 extern int getchar (void);
            ^
c:\xilinx\sdk\2014.2\gnu\microblaze\linux_toolchain\nt64_le\microblazeel-xilinx-linux-gnu\sys-root\usr\include\stdio.h:550:27: error: expected declaration specifiers or '...' before 'FILE'
 extern int getc_unlocked (FILE *__stream);
                           ^
c:\xilinx\sdk\2014.2\gnu\microblaze\linux_toolchain\nt64_le\microblazeel-xilinx-linux-gnu\sys-root\usr\include\stdio.h:551:12: error: storage class specified for parameter 'getchar_unlocked'
 extern int getchar_unlocked (void);
            ^
c:\xilinx\sdk\2014.2\gnu\microblaze\linux_toolchain\nt64_le\microblazeel-xilinx-linux-gnu\sys-root\usr\include\stdio.h:561:28: error: expected declaration specifiers or '...' before 'FILE'
 extern int fgetc_unlocked (FILE *__stream);
                            ^
c:\xilinx\sdk\2014.2\gnu\microblaze\linux_toolchain\nt64_le\microblazeel-xilinx-linux-gnu\sys-root\usr\include\stdio.h:573:28: error: expected declaration specifiers or '...' before 'FILE'
 extern int fputc (int __c, FILE *__stream);
                            ^
c:\xilinx\sdk\2014.2\gnu\microblaze\linux_toolchain\nt64_le\microblazeel-xilinx-linux-gnu\sys-root\usr\include\stdio.h:574:27: error: expected declaration specifiers or '...' before 'FILE'
 extern int putc (int __c, FILE *__stream);
                           ^
c:\xilinx\sdk\2014.2\gnu\microblaze\linux_toolchain\nt64_le\microblazeel-xilinx-linux-gnu\sys-root\usr\include\stdio.h:580:12: error: storage class specified for parameter 'putchar'
 extern int putchar (int __c);
            ^
c:\xilinx\sdk\2014.2\gnu\microblaze\linux_toolchain\nt64_le\microblazeel-xilinx-linux-gnu\sys-root\usr\include\stdio.h:594:37: error: expected declaration specifiers or '...' before 'FILE'
 extern int fputc_unlocked (int __c, FILE *__stream);
                                     ^
c:\xilinx\sdk\2014.2\gnu\microblaze\linux_toolchain\nt64_le\microblazeel-xilinx-linux-gnu\sys-root\usr\include\stdio.h:602:36: error: expected declaration specifiers or '...' before 'FILE'
 extern int putc_unlocked (int __c, FILE *__stream);
                                    ^
c:\xilinx\sdk\2014.2\gnu\microblaze\linux_toolchain\nt64_le\microblazeel-xilinx-linux-gnu\sys-root\usr\include\stdio.h:603:12: error: storage class specified for parameter 'putchar_unlocked'
 extern int putchar_unlocked (int __c);
            ^
c:\xilinx\sdk\2014.2\gnu\microblaze\linux_toolchain\nt64_le\microblazeel-xilinx-linux-gnu\sys-root\usr\include\stdio.h:610:18: error: expected declaration specifiers or '...' before 'FILE'
 extern int getw (FILE *__stream);
                  ^
c:\xilinx\sdk\2014.2\gnu\microblaze\linux_toolchain\nt64_le\microblazeel-xilinx-linux-gnu\sys-root\usr\include\stdio.h:613:27: error: expected declaration specifiers or '...' before 'FILE'
 extern int putw (int __w, FILE *__stream);
                           ^
c:\xilinx\sdk\2014.2\gnu\microblaze\linux_toolchain\nt64_le\microblazeel-xilinx-linux-gnu\sys-root\usr\include\stdio.h:622:52: error: expected declaration specifiers or '...' before 'FILE'
 extern char *fgets (char *__restrict __s, int __n, FILE *__restrict __stream)
                                                    ^
c:\xilinx\sdk\2014.2\gnu\microblaze\linux_toolchain\nt64_le\microblazeel-xilinx-linux-gnu\sys-root\usr\include\stdio.h:638:14: error: storage class specified for parameter 'gets'
 extern char *gets (char *__s) __wur __attribute_deprecated__;
              ^
c:\xilinx\sdk\2014.2\gnu\microblaze\linux_toolchain\nt64_le\microblazeel-xilinx-linux-gnu\sys-root\usr\include\stdio.h:665:1: error: unknown type name '__ssize_t'
 extern _IO_ssize_t __getdelim (char **__restrict __lineptr,
 ^
c:\xilinx\sdk\2014.2\gnu\microblaze\linux_toolchain\nt64_le\microblazeel-xilinx-linux-gnu\sys-root\usr\include\stdio.h:666:11: error: unknown type name 'size_t'
           size_t *__restrict __n, int __delimiter,
           ^
c:\xilinx\sdk\2014.2\gnu\microblaze\linux_toolchain\nt64_le\microblazeel-xilinx-linux-gnu\sys-root\usr\include\stdio.h:667:11: error: expected declaration specifiers or '...' before 'FILE'
           FILE *__restrict __stream) __wur;
           ^
c:\xilinx\sdk\2014.2\gnu\microblaze\linux_toolchain\nt64_le\microblazeel-xilinx-linux-gnu\sys-root\usr\include\stdio.h:668:1: error: unknown type name '__ssize_t'
 extern _IO_ssize_t getdelim (char **__restrict __lineptr,
 ^
c:\xilinx\sdk\2014.2\gnu\microblaze\linux_toolchain\nt64_le\microblazeel-xilinx-linux-gnu\sys-root\usr\include\stdio.h:669:9: error: unknown type name 'size_t'
         size_t *__restrict __n, int __delimiter,
         ^
c:\xilinx\sdk\2014.2\gnu\microblaze\linux_toolchain\nt64_le\microblazeel-xilinx-linux-gnu\sys-root\usr\include\stdio.h:670:9: error: expected declaration specifiers or '...' before 'FILE'
         FILE *__restrict __stream) __wur;
         ^
c:\xilinx\sdk\2014.2\gnu\microblaze\linux_toolchain\nt64_le\microblazeel-xilinx-linux-gnu\sys-root\usr\include\stdio.h:678:1: error: unknown type name '__ssize_t'
 extern _IO_ssize_t getline (char **__restrict __lineptr,
 ^
c:\xilinx\sdk\2014.2\gnu\microblaze\linux_toolchain\nt64_le\microblazeel-xilinx-linux-gnu\sys-root\usr\include\stdio.h:679:8: error: unknown type name 'size_t'
        size_t *__restrict __n,
        ^
c:\xilinx\sdk\2014.2\gnu\microblaze\linux_toolchain\nt64_le\microblazeel-xilinx-linux-gnu\sys-root\usr\include\stdio.h:680:8: error: expected declaration specifiers or '...' before 'FILE'
        FILE *__restrict __stream) __wur;
        ^
c:\xilinx\sdk\2014.2\gnu\microblaze\linux_toolchain\nt64_le\microblazeel-xilinx-linux-gnu\sys-root\usr\include\stdio.h:689:47: error: expected declaration specifiers or '...' before 'FILE'
 extern int fputs (const char *__restrict __s, FILE *__restrict __stream);
                                               ^
c:\xilinx\sdk\2014.2\gnu\microblaze\linux_toolchain\nt64_le\microblazeel-xilinx-linux-gnu\sys-root\usr\include\stdio.h:695:12: error: storage class specified for parameter 'puts'
 extern int puts (const char *__s);
            ^
c:\xilinx\sdk\2014.2\gnu\microblaze\linux_toolchain\nt64_le\microblazeel-xilinx-linux-gnu\sys-root\usr\include\stdio.h:702:29: error: expected declaration specifiers or '...' before 'FILE'
 extern int ungetc (int __c, FILE *__stream);
                             ^
c:\xilinx\sdk\2014.2\gnu\microblaze\linux_toolchain\nt64_le\microblazeel-xilinx-linux-gnu\sys-root\usr\include\stdio.h:709:1: error: unknown type name 'size_t'
 extern size_t fread (void *__restrict __ptr, size_t __size,
 ^
c:\xilinx\sdk\2014.2\gnu\microblaze\linux_toolchain\nt64_le\microblazeel-xilinx-linux-gnu\sys-root\usr\include\stdio.h:709:46: error: unknown type name 'size_t'
 extern size_t fread (void *__restrict __ptr, size_t __size,
                                              ^
c:\xilinx\sdk\2014.2\gnu\microblaze\linux_toolchain\nt64_le\microblazeel-xilinx-linux-gnu\sys-root\usr\include\stdio.h:710:8: error: unknown type name 'size_t'
        size_t __n, FILE *__restrict __stream) __wur;
        ^
c:\xilinx\sdk\2014.2\gnu\microblaze\linux_toolchain\nt64_le\microblazeel-xilinx-linux-gnu\sys-root\usr\include\stdio.h:710:20: error: expected declaration specifiers or '...' before 'FILE'
        size_t __n, FILE *__restrict __stream) __wur;
                    ^
c:\xilinx\sdk\2014.2\gnu\microblaze\linux_toolchain\nt64_le\microblazeel-xilinx-linux-gnu\sys-root\usr\include\stdio.h:715:1: error: unknown type name 'size_t'
 extern size_t fwrite (const void *__restrict __ptr, size_t __size,
 ^
c:\xilinx\sdk\2014.2\gnu\microblaze\linux_toolchain\nt64_le\microblazeel-xilinx-linux-gnu\sys-root\usr\include\stdio.h:715:53: error: unknown type name 'size_t'
 extern size_t fwrite (const void *__restrict __ptr, size_t __size,
                                                     ^
c:\xilinx\sdk\2014.2\gnu\microblaze\linux_toolchain\nt64_le\microblazeel-xilinx-linux-gnu\sys-root\usr\include\stdio.h:716:9: error: unknown type name 'size_t'
         size_t __n, FILE *__restrict __s);
         ^
c:\xilinx\sdk\2014.2\gnu\microblaze\linux_toolchain\nt64_le\microblazeel-xilinx-linux-gnu\sys-root\usr\include\stdio.h:716:21: error: expected declaration specifiers or '...' before 'FILE'
         size_t __n, FILE *__restrict __s);
                     ^
c:\xilinx\sdk\2014.2\gnu\microblaze\linux_toolchain\nt64_le\microblazeel-xilinx-linux-gnu\sys-root\usr\include\stdio.h:737:1: error: unknown type name 'size_t'
 extern size_t fread_unlocked (void *__restrict __ptr, size_t __size,
 ^
c:\xilinx\sdk\2014.2\gnu\microblaze\linux_toolchain\nt64_le\microblazeel-xilinx-linux-gnu\sys-root\usr\include\stdio.h:737:55: error: unknown type name 'size_t'
 extern size_t fread_unlocked (void *__restrict __ptr, size_t __size,
                                                       ^
c:\xilinx\sdk\2014.2\gnu\microblaze\linux_toolchain\nt64_le\microblazeel-xilinx-linux-gnu\sys-root\usr\include\stdio.h:738:10: error: unknown type name 'size_t'
          size_t __n, FILE *__restrict __stream) __wur;
          ^
c:\xilinx\sdk\2014.2\gnu\microblaze\linux_toolchain\nt64_le\microblazeel-xilinx-linux-gnu\sys-root\usr\include\stdio.h:738:22: error: expected declaration specifiers or '...' before 'FILE'
          size_t __n, FILE *__restrict __stream) __wur;
                      ^
c:\xilinx\sdk\2014.2\gnu\microblaze\linux_toolchain\nt64_le\microblazeel-xilinx-linux-gnu\sys-root\usr\include\stdio.h:739:1: error: unknown type name 'size_t'
 extern size_t fwrite_unlocked (const void *__restrict __ptr, size_t __size,
 ^
c:\xilinx\sdk\2014.2\gnu\microblaze\linux_toolchain\nt64_le\microblazeel-xilinx-linux-gnu\sys-root\usr\include\stdio.h:739:62: error: unknown type name 'size_t'
 extern size_t fwrite_unlocked (const void *__restrict __ptr, size_t __size,
                                                              ^
c:\xilinx\sdk\2014.2\gnu\microblaze\linux_toolchain\nt64_le\microblazeel-xilinx-linux-gnu\sys-root\usr\include\stdio.h:740:11: error: unknown type name 'size_t'
           size_t __n, FILE *__restrict __stream);
           ^
c:\xilinx\sdk\2014.2\gnu\microblaze\linux_toolchain\nt64_le\microblazeel-xilinx-linux-gnu\sys-root\usr\include\stdio.h:740:23: error: expected declaration specifiers or '...' before 'FILE'
           size_t __n, FILE *__restrict __stream);
                       ^
c:\xilinx\sdk\2014.2\gnu\microblaze\linux_toolchain\nt64_le\microblazeel-xilinx-linux-gnu\sys-root\usr\include\stdio.h:749:19: error: expected declaration specifiers or '...' before 'FILE'
 extern int fseek (FILE *__stream, long int __off, int __whence);
                   ^
c:\xilinx\sdk\2014.2\gnu\microblaze\linux_toolchain\nt64_le\microblazeel-xilinx-linux-gnu\sys-root\usr\include\stdio.h:754:24: error: expected declaration specifiers or '...' before 'FILE'
 extern long int ftell (FILE *__stream) __wur;
                        ^
c:\xilinx\sdk\2014.2\gnu\microblaze\linux_toolchain\nt64_le\microblazeel-xilinx-linux-gnu\sys-root\usr\include\stdio.h:759:21: error: expected declaration specifiers or '...' before 'FILE'
 extern void rewind (FILE *__stream);
                     ^
c:\xilinx\sdk\2014.2\gnu\microblaze\linux_toolchain\nt64_le\microblazeel-xilinx-linux-gnu\sys-root\usr\include\stdio.h:773:20: error: expected declaration specifiers or '...' before 'FILE'
 extern int fseeko (FILE *__stream, __off_t __off, int __whence);
                    ^
c:\xilinx\sdk\2014.2\gnu\microblaze\linux_toolchain\nt64_le\microblazeel-xilinx-linux-gnu\sys-root\usr\include\stdio.h:773:36: error: unknown type name '__off_t'
 extern int fseeko (FILE *__stream, __off_t __off, int __whence);
                                    ^
c:\xilinx\sdk\2014.2\gnu\microblaze\linux_toolchain\nt64_le\microblazeel-xilinx-linux-gnu\sys-root\usr\include\stdio.h:778:1: error: unknown type name '__off_t'
 extern __off_t ftello (FILE *__stream) __wur;
 ^
c:\xilinx\sdk\2014.2\gnu\microblaze\linux_toolchain\nt64_le\microblazeel-xilinx-linux-gnu\sys-root\usr\include\stdio.h:778:24: error: expected declaration specifiers or '...' before 'FILE'
 extern __off_t ftello (FILE *__stream) __wur;
                        ^
c:\xilinx\sdk\2014.2\gnu\microblaze\linux_toolchain\nt64_le\microblazeel-xilinx-linux-gnu\sys-root\usr\include\stdio.h:798:21: error: expected declaration specifiers or '...' before 'FILE'
 extern int fgetpos (FILE *__restrict __stream, fpos_t *__restrict __pos);
                     ^
c:\xilinx\sdk\2014.2\gnu\microblaze\linux_toolchain\nt64_le\microblazeel-xilinx-linux-gnu\sys-root\usr\include\stdio.h:798:48: error: unknown type name 'fpos_t'
 extern int fgetpos (FILE *__restrict __stream, fpos_t *__restrict __pos);
                                                ^
c:\xilinx\sdk\2014.2\gnu\microblaze\linux_toolchain\nt64_le\microblazeel-xilinx-linux-gnu\sys-root\usr\include\stdio.h:803:21: error: expected declaration specifiers or '...' before 'FILE'
 extern int fsetpos (FILE *__stream, const fpos_t *__pos);
                     ^
c:\xilinx\sdk\2014.2\gnu\microblaze\linux_toolchain\nt64_le\microblazeel-xilinx-linux-gnu\sys-root\usr\include\stdio.h:803:21: error: unknown type name 'fpos_t'
c:\xilinx\sdk\2014.2\gnu\microblaze\linux_toolchain\nt64_le\microblazeel-xilinx-linux-gnu\sys-root\usr\include\stdio.h:826:23: error: expected declaration specifiers or '...' before 'FILE'
 extern void clearerr (FILE *__stream) __THROW;
                       ^
c:\xilinx\sdk\2014.2\gnu\microblaze\linux_toolchain\nt64_le\microblazeel-xilinx-linux-gnu\sys-root\usr\include\stdio.h:828:18: error: expected declaration specifiers or '...' before 'FILE'
 extern int feof (FILE *__stream) __THROW __wur;
                  ^
c:\xilinx\sdk\2014.2\gnu\microblaze\linux_toolchain\nt64_le\microblazeel-xilinx-linux-gnu\sys-root\usr\include\stdio.h:830:20: error: expected declaration specifiers or '...' before 'FILE'
 extern int ferror (FILE *__stream) __THROW __wur;
                    ^
c:\xilinx\sdk\2014.2\gnu\microblaze\linux_toolchain\nt64_le\microblazeel-xilinx-linux-gnu\sys-root\usr\include\stdio.h:835:32: error: expected declaration specifiers or '...' before 'FILE'
 extern void clearerr_unlocked (FILE *__stream) __THROW;
                                ^
c:\xilinx\sdk\2014.2\gnu\microblaze\linux_toolchain\nt64_le\microblazeel-xilinx-linux-gnu\sys-root\usr\include\stdio.h:836:27: error: expected declaration specifiers or '...' before 'FILE'
 extern int feof_unlocked (FILE *__stream) __THROW __wur;
                           ^
c:\xilinx\sdk\2014.2\gnu\microblaze\linux_toolchain\nt64_le\microblazeel-xilinx-linux-gnu\sys-root\usr\include\stdio.h:837:29: error: expected declaration specifiers or '...' before 'FILE'
 extern int ferror_unlocked (FILE *__stream) __THROW __wur;
                             ^
c:\xilinx\sdk\2014.2\gnu\microblaze\linux_toolchain\nt64_le\microblazeel-xilinx-linux-gnu\sys-root\usr\include\stdio.h:846:13: error: storage class specified for parameter 'perror'
 extern void perror (const char *__s);
             ^
In file included from c:\xilinx\sdk\2014.2\gnu\microblaze\linux_toolchain\nt64_le\microblazeel-xilinx-linux-gnu\sys-root\usr\include\stdio.h:853:0,
                 from ../src/helloworld.c:55:
c:\xilinx\sdk\2014.2\gnu\microblaze\linux_toolchain\nt64_le\microblazeel-xilinx-linux-gnu\sys-root\usr\include\bits\sys_errlist.h:26:12: error: storage class specified for parameter 'sys_nerr'
 extern int sys_nerr;
            ^
c:\xilinx\sdk\2014.2\gnu\microblaze\linux_toolchain\nt64_le\microblazeel-xilinx-linux-gnu\sys-root\usr\include\bits\sys_errlist.h:27:26: error: storage class specified for parameter 'sys_errlist'
 extern const char *const sys_errlist[];
                          ^
In file included from ../src/helloworld.c:55:0:
c:\xilinx\sdk\2014.2\gnu\microblaze\linux_toolchain\nt64_le\microblazeel-xilinx-linux-gnu\sys-root\usr\include\stdio.h:858:20: error: expected declaration specifiers or '...' before 'FILE'
 extern int fileno (FILE *__stream) __THROW __wur;
                    ^
c:\xilinx\sdk\2014.2\gnu\microblaze\linux_toolchain\nt64_le\microblazeel-xilinx-linux-gnu\sys-root\usr\include\stdio.h:863:29: error: expected declaration specifiers or '...' before 'FILE'
 extern int fileno_unlocked (FILE *__stream) __THROW __wur;
                             ^
c:\xilinx\sdk\2014.2\gnu\microblaze\linux_toolchain\nt64_le\microblazeel-xilinx-linux-gnu\sys-root\usr\include\stdio.h:873:13: error: expected '=', ',', ';', 'asm' or '__attribute__' before '*' token
 extern FILE *popen (const char *__command, const char *__modes) __wur;
             ^
c:\xilinx\sdk\2014.2\gnu\microblaze\linux_toolchain\nt64_le\microblazeel-xilinx-linux-gnu\sys-root\usr\include\stdio.h:879:20: error: expected declaration specifiers or '...' before 'FILE'
 extern int pclose (FILE *__stream);
                    ^
c:\xilinx\sdk\2014.2\gnu\microblaze\linux_toolchain\nt64_le\microblazeel-xilinx-linux-gnu\sys-root\usr\include\stdio.h:885:14: error: storage class specified for parameter 'ctermid'
 extern char *ctermid (char *__s) __THROW;
              ^
c:\xilinx\sdk\2014.2\gnu\microblaze\linux_toolchain\nt64_le\microblazeel-xilinx-linux-gnu\sys-root\usr\include\stdio.h:913:24: error: expected declaration specifiers or '...' before 'FILE'
 extern void flockfile (FILE *__stream) __THROW;
                        ^
c:\xilinx\sdk\2014.2\gnu\microblaze\linux_toolchain\nt64_le\microblazeel-xilinx-linux-gnu\sys-root\usr\include\stdio.h:917:26: error: expected declaration specifiers or '...' before 'FILE'
 extern int ftrylockfile (FILE *__stream) __THROW __wur;
                          ^
c:\xilinx\sdk\2014.2\gnu\microblaze\linux_toolchain\nt64_le\microblazeel-xilinx-linux-gnu\sys-root\usr\include\stdio.h:920:26: error: expected declaration specifiers or '...' before 'FILE'
 extern void funlockfile (FILE *__stream) __THROW;
                          ^
../src/helloworld.c:56:20: fatal error: xil_io.h: No such file or directory
 #include <xil_io.h>
                    ^
compilation terminated.
make: *** [src/helloworld.o] Error 1
20:47:58 **** Auto Build of configuration Debug for project aestest-xilinx-linux ****
make all 
'Building file: ../src/aes_driver.c'
'Invoking: MBEL Linux gcc compiler'
microblazeel-xilinx-linux-gnu-gcc -Wall -O0 -g3 -c -fmessage-length=0 -MMD -MP -MF"src/aes_driver.d" -MT"src/aes_driver.d" -o "src/aes_driver.o" "../src/aes_driver.c"
../src/aes_driver.c:15:20: fatal error: xil_io.h: No such file or directory
 #include <xil_io.h>
                    ^
compilation terminated.
make: *** [src/aes_driver.o] Error 1
20:48:18 **** Auto Build of configuration Debug for project aestest-xilinx-linux ****
make all 
'Building file: ../src/aes_driver.c'
'Invoking: MBEL Linux gcc compiler'
microblazeel-xilinx-linux-gnu-gcc -Wall -O0 -g3 -c -fmessage-length=0 -MMD -MP -MF"src/aes_driver.d" -MT"src/aes_driver.d" -o "src/aes_driver.o" "../src/aes_driver.c"
../src/aes_driver.c:15:20: fatal error: xil_io.h: No such file or directory
 #include <xil_io.h>
                    ^
compilation terminated.
make: *** [src/aes_driver.o] Error 1
16:46:45 **** Build of project aestest-xilinx-linux_bsp_0 ****
make -k all 
make: *** No rule to make target `all'.
16:48:10 **** Build of project aestest-app-xilkernel_bsp ****
make -k all 
"Running Make include in microblaze_0/libsrc/bram_v4_0/src"
make -C microblaze_0/libsrc/bram_v4_0/src -s include  "SHELL=CMD" "COMPILER=mb-gcc" "ARCHIVER=mb-ar" "COMPILER_FLAGS= -O2 -c -mcpu=v9.3 -mhard-float -mlittle-endian -mno-xl-soft-div -mno-xl-soft-mul -mxl-barrel-shift" "EXTRA_COMPILER_FLAGS=-g -ffunction-sections -fdata-sections"
"Running Make include in microblaze_0/libsrc/cpu_v2_1/src"
make -C microblaze_0/libsrc/cpu_v2_1/src -s include  "SHELL=CMD" "COMPILER=mb-gcc" "ARCHIVER=mb-ar" "COMPILER_FLAGS= -O2 -c -mcpu=v9.3 -mhard-float -mlittle-endian -mno-xl-soft-div -mno-xl-soft-mul -mxl-barrel-shift" "EXTRA_COMPILER_FLAGS=-g -ffunction-sections -fdata-sections"
"Running Make include in microblaze_0/libsrc/intc_v3_1/src"
make -C microblaze_0/libsrc/intc_v3_1/src -s include  "SHELL=CMD" "COMPILER=mb-gcc" "ARCHIVER=mb-ar" "COMPILER_FLAGS= -O2 -c -mcpu=v9.3 -mhard-float -mlittle-endian -mno-xl-soft-div -mno-xl-soft-mul -mxl-barrel-shift" "EXTRA_COMPILER_FLAGS=-g -ffunction-sections -fdata-sections"
"Running Make include in microblaze_0/libsrc/tmrctr_v3_0/src"
make -C microblaze_0/libsrc/tmrctr_v3_0/src -s include  "SHELL=CMD" "COMPILER=mb-gcc" "ARCHIVER=mb-ar" "COMPILER_FLAGS= -O2 -c -mcpu=v9.3 -mhard-float -mlittle-endian -mno-xl-soft-div -mno-xl-soft-mul -mxl-barrel-shift" "EXTRA_COMPILER_FLAGS=-g -ffunction-sections -fdata-sections"
"Running Make include in microblaze_0/libsrc/uartlite_v3_0/src"
make -C microblaze_0/libsrc/uartlite_v3_0/src -s include  "SHELL=CMD" "COMPILER=mb-gcc" "ARCHIVER=mb-ar" "COMPILER_FLAGS= -O2 -c -mcpu=v9.3 -mhard-float -mlittle-endian -mno-xl-soft-div -mno-xl-soft-mul -mxl-barrel-shift" "EXTRA_COMPILER_FLAGS=-g -ffunction-sections -fdata-sections"
"Running Make include in microblaze_0/libsrc/xilkernel_v6_1/src"
make -C microblaze_0/libsrc/xilkernel_v6_1/src -s include  "SHELL=CMD" "COMPILER=mb-gcc" "ARCHIVER=mb-ar" "COMPILER_FLAGS= -O2 -c -mcpu=v9.3 -mhard-float -mlittle-endian -mno-xl-soft-div -mno-xl-soft-mul -mxl-barrel-shift" "EXTRA_COMPILER_FLAGS=-g -ffunction-sections -fdata-sections"
"Running Make libs in microblaze_0/libsrc/bram_v4_0/src"
make -C microblaze_0/libsrc/bram_v4_0/src -s libs  "SHELL=CMD" "COMPILER=mb-gcc" "ARCHIVER=mb-ar" "COMPILER_FLAGS= -O2 -c -mcpu=v9.3 -mhard-float -mlittle-endian -mno-xl-soft-div -mno-xl-soft-mul -mxl-barrel-shift" "EXTRA_COMPILER_FLAGS=-g -ffunction-sections -fdata-sections"
"Compiling bram"
mb-ar: creating ../../../lib/libxil.a
"Running Make libs in microblaze_0/libsrc/cpu_v2_1/src"
make -C microblaze_0/libsrc/cpu_v2_1/src -s libs  "SHELL=CMD" "COMPILER=mb-gcc" "ARCHIVER=mb-ar" "COMPILER_FLAGS= -O2 -c -mcpu=v9.3 -mhard-float -mlittle-endian -mno-xl-soft-div -mno-xl-soft-mul -mxl-barrel-shift" "EXTRA_COMPILER_FLAGS=-g -ffunction-sections -fdata-sections"
"Compiling cpu"
"Running Make libs in microblaze_0/libsrc/intc_v3_1/src"
make -C microblaze_0/libsrc/intc_v3_1/src -s libs  "SHELL=CMD" "COMPILER=mb-gcc" "ARCHIVER=mb-ar" "COMPILER_FLAGS= -O2 -c -mcpu=v9.3 -mhard-float -mlittle-endian -mno-xl-soft-div -mno-xl-soft-mul -mxl-barrel-shift" "EXTRA_COMPILER_FLAGS=-g -ffunction-sections -fdata-sections"
"Compiling intc"
"Running Make libs in microblaze_0/libsrc/tmrctr_v3_0/src"
make -C microblaze_0/libsrc/tmrctr_v3_0/src -s libs  "SHELL=CMD" "COMPILER=mb-gcc" "ARCHIVER=mb-ar" "COMPILER_FLAGS= -O2 -c -mcpu=v9.3 -mhard-float -mlittle-endian -mno-xl-soft-div -mno-xl-soft-mul -mxl-barrel-shift" "EXTRA_COMPILER_FLAGS=-g -ffunction-sections -fdata-sections"
"Compiling tmrctr"
"Running Make libs in microblaze_0/libsrc/uartlite_v3_0/src"
make -C microblaze_0/libsrc/uartlite_v3_0/src -s libs  "SHELL=CMD" "COMPILER=mb-gcc" "ARCHIVER=mb-ar" "COMPILER_FLAGS= -O2 -c -mcpu=v9.3 -mhard-float -mlittle-endian -mno-xl-soft-div -mno-xl-soft-mul -mxl-barrel-shift" "EXTRA_COMPILER_FLAGS=-g -ffunction-sections -fdata-sections"
"Compiling uartlite"
"Running Make libs in microblaze_0/libsrc/xilkernel_v6_1/src"
make -C microblaze_0/libsrc/xilkernel_v6_1/src -s libs  "SHELL=CMD" "COMPILER=mb-gcc" "ARCHIVER=mb-ar" "COMPILER_FLAGS= -O2 -c -mcpu=v9.3 -mhard-float -mlittle-endian -mno-xl-soft-div -mno-xl-soft-mul -mxl-barrel-shift" "EXTRA_COMPILER_FLAGS=-g -ffunction-sections -fdata-sections"
mb-ar: creating ./libsyscall.a
mb-ar: creating ./libxilkernel.a
"Compiling xilkernel"
"Compiling standalone";
"killing the .o files"
mb-ar: creating libxil.a
'Finished building libraries'
16:48:23 **** Build of configuration Debug for project aestest-app-xilkernel ****
make all 
'Building file: ../src/helloworld.c'
'Invoking: MicroBlaze gcc compiler'
mb-gcc -Wall -O0 -g3 -c -fmessage-length=0 -D __XMK__ -I../../aestest-app-xilkernel_bsp/microblaze_0/include -mlittle-endian -mxl-barrel-shift -mno-xl-soft-div -mcpu=v9.3 -mno-xl-soft-mul -mhard-float -Wl,--no-relax -ffunction-sections -fdata-sections -MMD -MP -MF"src/helloworld.d" -MT"src/helloworld.d" -o "src/helloworld.o" "../src/helloworld.c"
../src/helloworld.c: In function 'hello_world':
../src/helloworld.c:30:1: warning: control reaches end of non-void function [-Wreturn-type]
 }
 ^
'Finished building: ../src/helloworld.c'
' '
'Building file: ../src/platform.c'
'Invoking: MicroBlaze gcc compiler'
mb-gcc -Wall -O0 -g3 -c -fmessage-length=0 -D __XMK__ -I../../aestest-app-xilkernel_bsp/microblaze_0/include -mlittle-endian -mxl-barrel-shift -mno-xl-soft-div -mcpu=v9.3 -mno-xl-soft-mul -mhard-float -Wl,--no-relax -ffunction-sections -fdata-sections -MMD -MP -MF"src/platform.d" -MT"src/platform.d" -o "src/platform.o" "../src/platform.c"
'Finished building: ../src/platform.c'
' '
'Building target: aestest-app-xilkernel.elf'
'Invoking: MicroBlaze gcc linker'
mb-gcc -Wl,-T -Wl,../src/lscript.ld -L../../aestest-app-xilkernel_bsp/microblaze_0/lib -mlittle-endian -mxl-barrel-shift -mno-xl-soft-div -mcpu=v9.3 -mno-xl-soft-mul -mhard-float -Wl,--no-relax -Wl,--gc-sections -o "aestest-app-xilkernel.elf"  ./src/helloworld.o ./src/platform.o   -lxilkernel
'Finished building target: aestest-app-xilkernel.elf'
' '
'Invoking: MicroBlaze Print Size'
mb-size aestest-app-xilkernel.elf  |tee "aestest-app-xilkernel.elf.size"
   text	   data	    bss	    dec	    hex	filename
  16652	    400	  15676	  32728	   7fd8	aestest-app-xilkernel.elf
'Finished building: aestest-app-xilkernel.elf.size'
' '
16:50:57 **** Build of configuration Debug for project aestest-app-linux ****
make all 
'Building file: ../src/helloworld.c'
'Invoking: MBEL Linux gcc compiler'
microblazeel-xilinx-linux-gnu-gcc -Wall -O0 -g3 -c -fmessage-length=0 -MMD -MP -MF"src/helloworld.d" -MT"src/helloworld.d" -o "src/helloworld.o" "../src/helloworld.c"
'Finished building: ../src/helloworld.c'
' '
'Building target: aestest-app-linux.elf'
'Invoking: MBEL Linux gcc linker'
microblazeel-xilinx-linux-gnu-gcc  -o "aestest-app-linux.elf"  ./src/helloworld.o   
'Finished building target: aestest-app-linux.elf'
' '
'Invoking: MBEL Linux Print Size'
microblazeel-xilinx-linux-gnu-size aestest-app-linux.elf  |tee "aestest-app-linux.elf.size"
   text	   data	    bss	    dec	    hex	filename
   1385	    280	      8	   1673	    689	aestest-app-linux.elf
'Finished building: aestest-app-linux.elf.size'
' '
16:51:49 **** Auto Build of configuration Debug for project aestest-app-linux ****
make all 
'Building file: ../src/aes_driver.c'
'Invoking: MBEL Linux gcc compiler'
microblazeel-xilinx-linux-gnu-gcc -Wall -O0 -g3 -c -fmessage-length=0 -MMD -MP -MF"src/aes_driver.d" -MT"src/aes_driver.d" -o "src/aes_driver.o" "../src/aes_driver.c"
'Finished building: ../src/aes_driver.c'
' '
'Building target: aestest-app-linux.elf'
'Invoking: MBEL Linux gcc linker'
microblazeel-xilinx-linux-gnu-gcc  -o "aestest-app-linux.elf"  ./src/aes_driver.o ./src/helloworld.o   
'Finished building target: aestest-app-linux.elf'
' '
'Invoking: MBEL Linux Print Size'
microblazeel-xilinx-linux-gnu-size aestest-app-linux.elf  |tee "aestest-app-linux.elf.size"
   text	   data	    bss	    dec	    hex	filename
   1385	    280	      8	   1673	    689	aestest-app-linux.elf
'Finished building: aestest-app-linux.elf.size'
' '
16:52:03 **** Auto Build of configuration Debug for project aestest-app-linux ****
make all 
'Building file: ../src/aes_driver.c'
'Invoking: MBEL Linux gcc compiler'
microblazeel-xilinx-linux-gnu-gcc -Wall -O0 -g3 -c -fmessage-length=0 -MMD -MP -MF"src/aes_driver.d" -MT"src/aes_driver.d" -o "src/aes_driver.o" "../src/aes_driver.c"
../src/aes_driver.c:9:20: fatal error: xil_io.h: No such file or directory
 #include <xil_io.h>
                    ^
compilation terminated.
[...]
  RingBuffer *enc_in_buf, *enc_out_buf;
              ^
../src/helloworld.c:157:7: warning: unused variable 'text3' [-Wunused-variable]
  char text3[31] = " e decriptograf·-la em seguida!";
       ^
../src/helloworld.c:156:7: warning: unused variable 'text2' [-Wunused-variable]
  char text2[46] = " vou conseguir criptografar toda essa mensagem";
       ^
../src/helloworld.c:155:7: warning: unused variable 'text1' [-Wunused-variable]
  char text1[30] = "Se meu programa estiver certo,";
       ^
../src/helloworld.c:151:6: warning: unused variable 'cnt' [-Wunused-variable]
  int cnt =0;
      ^
../src/helloworld.c:150:6: warning: unused variable 'i' [-Wunused-variable]
  int i;
      ^
../src/helloworld.c:149:6: warning: unused variable 'config' [-Wunused-variable]
  int config = 0;
      ^
../src/helloworld.c:148:6: warning: unused variable 'bo_3' [-Wunused-variable]
  int bo_3 = 0;
      ^
../src/helloworld.c:147:6: warning: unused variable 'bo_2' [-Wunused-variable]
  int bo_2 = 0;
      ^
../src/helloworld.c:146:6: warning: unused variable 'bo_1' [-Wunused-variable]
  int bo_1 = 0;
      ^
../src/helloworld.c:145:6: warning: unused variable 'bo_0' [-Wunused-variable]
  int bo_0 = 0;
      ^
make: *** [src/helloworld.o] Error 1
22:19:14 **** Auto Build of configuration Debug for project aestest-xilinx-linux ****
make all 
'Building file: ../src/helloworld.c'
'Invoking: MBEL Linux gcc compiler'
microblazeel-xilinx-linux-gnu-gcc -Wall -O0 -g3 -c -fmessage-length=0 -I../../aestest-xilinx-linux_bsp_1/microblaze_0/include -MMD -MP -MF"src/helloworld.d" -MT"src/helloworld.d" -o "src/helloworld.o" "../src/helloworld.c"
../src/helloworld.c: In function 'encripta':
../src/helloworld.c:199:2: warning: implicit declaration of function 'aes_init_enc_buffer' [-Wimplicit-function-declaration]
  aes_init_enc_buffer(enc_in_buf);
  ^
../src/helloworld.c:219:2: warning: format '%s' expects argument of type 'char *', but argument 2 has type 'uint32_t *' [-Wformat=]
  printf("bo_d = %s\n",bo_d);
  ^
../src/helloworld.c:163:87: warning: unused variable 'config10' [-Wunused-variable]
  int config1, config2, config3, config4, config5, config6, config7, config8, config9, config10;
                                                                                       ^
../src/helloworld.c:163:78: warning: unused variable 'config9' [-Wunused-variable]
  int config1, config2, config3, config4, config5, config6, config7, config8, config9, config10;
                                                                              ^
../src/helloworld.c:163:69: warning: unused variable 'config8' [-Wunused-variable]
  int config1, config2, config3, config4, config5, config6, config7, config8, config9, config10;
                                                                     ^
../src/helloworld.c:163:60: warning: unused variable 'config7' [-Wunused-variable]
  int config1, config2, config3, config4, config5, config6, config7, config8, config9, config10;
                                                            ^
../src/helloworld.c:163:51: warning: unused variable 'config6' [-Wunused-variable]
  int config1, config2, config3, config4, config5, config6, config7, config8, config9, config10;
                                                   ^
../src/helloworld.c:163:42: warning: unused variable 'config5' [-Wunused-variable]
  int config1, config2, config3, config4, config5, config6, config7, config8, config9, config10;
                                          ^
../src/helloworld.c:163:33: warning: unused variable 'config4' [-Wunused-variable]
  int config1, config2, config3, config4, config5, config6, config7, config8, config9, config10;
                                 ^
../src/helloworld.c:163:24: warning: unused variable 'config3' [-Wunused-variable]
  int config1, config2, config3, config4, config5, config6, config7, config8, config9, config10;
                        ^
../src/helloworld.c:163:15: warning: unused variable 'config2' [-Wunused-variable]
  int config1, config2, config3, config4, config5, config6, config7, config8, config9, config10;
               ^
../src/helloworld.c:163:6: warning: unused variable 'config1' [-Wunused-variable]
  int config1, config2, config3, config4, config5, config6, config7, config8, config9, config10;
      ^
../src/helloworld.c:160:27: warning: variable 'enc_out_buf' set but not used [-Wunused-but-set-variable]
  RingBuffer *enc_in_buf, *enc_out_buf;
                           ^
../src/helloworld.c:157:7: warning: unused variable 'text3' [-Wunused-variable]
  char text3[31] = " e decriptograf·-la em seguida!";
       ^
../src/helloworld.c:151:6: warning: unused variable 'cnt' [-Wunused-variable]
  int cnt =0;
      ^
../src/helloworld.c:150:6: warning: unused variable 'i' [-Wunused-variable]
  int i;
      ^
../src/helloworld.c:149:6: warning: unused variable 'config' [-Wunused-variable]
  int config = 0;
      ^
../src/helloworld.c:148:6: warning: unused variable 'bo_3' [-Wunused-variable]
  int bo_3 = 0;
      ^
../src/helloworld.c:147:6: warning: unused variable 'bo_2' [-Wunused-variable]
  int bo_2 = 0;
      ^
../src/helloworld.c:146:6: warning: unused variable 'bo_1' [-Wunused-variable]
  int bo_1 = 0;
      ^
../src/helloworld.c:145:6: warning: unused variable 'bo_0' [-Wunused-variable]
  int bo_0 = 0;
      ^
'Finished building: ../src/helloworld.c'
' '
'Building target: aestest-xilinx-linux.elf'
'Invoking: MBEL Linux gcc linker'
microblazeel-xilinx-linux-gnu-gcc  -o "aestest-xilinx-linux.elf"  ./src/aes_driver.o ./src/helloworld.o ./src/ringbuffer.o   
'Finished building target: aestest-xilinx-linux.elf'
' '
'Invoking: MBEL Linux Print Size'
microblazeel-xilinx-linux-gnu-size aestest-xilinx-linux.elf  |tee "aestest-xilinx-linux.elf.size"
   text	   data	    bss	    dec	    hex	filename
   6649	    316	     12	   6977	   1b41	aestest-xilinx-linux.elf
'Finished building: aestest-xilinx-linux.elf.size'
' '
22:20:21 **** Auto Build of configuration Debug for project aestest-xilinx-linux ****
make all 
'Building file: ../src/aes_driver.c'
'Invoking: MBEL Linux gcc compiler'
microblazeel-xilinx-linux-gnu-gcc -Wall -O0 -g3 -c -fmessage-length=0 -I../../aestest-xilinx-linux_bsp_1/microblaze_0/include -MMD -MP -MF"src/aes_driver.d" -MT"src/aes_driver.d" -o "src/aes_driver.o" "../src/aes_driver.c"
../src/aes_driver.c: In function 'aes_init_device':
../src/aes_driver.c:37:3: warning: passing argument 1 of 'perror' makes pointer from integer without a cast [enabled by default]
   perror(1);
   ^
In file included from ../src/aes_driver.c:14:0:
c:\xilinx\sdk\2014.2\gnu\microblaze\linux_toolchain\nt64_le\microblazeel-xilinx-linux-gnu\sys-root\usr\include\stdio.h:846:13: note: expected 'const char *' but argument is of type 'int'
 extern void perror (const char *__s);
             ^
../src/aes_driver.c: In function 'aes_read_128bits':
../src/aes_driver.c:65:18: warning: initialization makes integer from pointer without a cast [enabled by default]
  unsigned addr = aes_ptr + offset_addr;
                  ^
../src/aes_driver.c: In function 'aes_write_128bits':
../src/aes_driver.c:100:18: warning: initialization makes integer from pointer without a cast [enabled by default]
  unsigned addr = aes_ptr + offset_addr;
                  ^
'Finished building: ../src/aes_driver.c'
' '
'Building target: aestest-xilinx-linux.elf'
'Invoking: MBEL Linux gcc linker'
microblazeel-xilinx-linux-gnu-gcc  -o "aestest-xilinx-linux.elf"  ./src/aes_driver.o ./src/helloworld.o ./src/ringbuffer.o   
'Finished building target: aestest-xilinx-linux.elf'
' '
'Invoking: MBEL Linux Print Size'
microblazeel-xilinx-linux-gnu-size aestest-xilinx-linux.elf  |tee "aestest-xilinx-linux.elf.size"
   text	   data	    bss	    dec	    hex	filename
   6649	    316	     12	   6977	   1b41	aestest-xilinx-linux.elf
'Finished building: aestest-xilinx-linux.elf.size'
' '
22:20:35 **** Auto Build of configuration Debug for project aestest-xilinx-linux ****
make all 
'Building file: ../src/aes_driver.c'
'Invoking: MBEL Linux gcc compiler'
microblazeel-xilinx-linux-gnu-gcc -Wall -O0 -g3 -c -fmessage-length=0 -I../../aestest-xilinx-linux_bsp_1/microblaze_0/include -MMD -MP -MF"src/aes_driver.d" -MT"src/aes_driver.d" -o "src/aes_driver.o" "../src/aes_driver.c"
In file included from ../src/aes_driver.c:20:0:
../src/aes_driver.h:50:27: error: unknown type name 'RingBuffer'
 void aes_init_enc_buffer( RingBuffer* rbuffer );
                           ^
../src/aes_driver.c: In function 'aes_init_device':
../src/aes_driver.c:37:3: warning: passing argument 1 of 'perror' makes pointer from integer without a cast [enabled by default]
   perror(1);
   ^
In file included from ../src/aes_driver.c:14:0:
c:\xilinx\sdk\2014.2\gnu\microblaze\linux_toolchain\nt64_le\microblazeel-xilinx-linux-gnu\sys-root\usr\include\stdio.h:846:13: note: expected 'const char *' but argument is of type 'int'
 extern void perror (const char *__s);
             ^
../src/aes_driver.c: In function 'aes_read_128bits':
../src/aes_driver.c:65:18: warning: initialization makes integer from pointer without a cast [enabled by default]
  unsigned addr = aes_ptr + offset_addr;
                  ^
../src/aes_driver.c: In function 'aes_write_128bits':
../src/aes_driver.c:100:18: warning: initialization makes integer from pointer without a cast [enabled by default]
  unsigned addr = aes_ptr + offset_addr;
                  ^
make: *** [src/aes_driver.o] Error 1
22:20:47 **** Auto Build of configuration Debug for project aestest-xilinx-linux ****
make all 
'Building file: ../src/aes_driver.c'
'Invoking: MBEL Linux gcc compiler'
microblazeel-xilinx-linux-gnu-gcc -Wall -O0 -g3 -c -fmessage-length=0 -I../../aestest-xilinx-linux_bsp_1/microblaze_0/include -MMD -MP -MF"src/aes_driver.d" -MT"src/aes_driver.d" -o "src/aes_driver.o" "../src/aes_driver.c"
../src/aes_driver.c: In function 'aes_init_device':
../src/aes_driver.c:37:3: warning: passing argument 1 of 'perror' makes pointer from integer without a cast [enabled by default]
   perror(1);
   ^
In file included from ../src/aes_driver.c:14:0:
c:\xilinx\sdk\2014.2\gnu\microblaze\linux_toolchain\nt64_le\microblazeel-xilinx-linux-gnu\sys-root\usr\include\stdio.h:846:13: note: expected 'const char *' but argument is of type 'int'
 extern void perror (const char *__s);
             ^
../src/aes_driver.c: In function 'aes_read_128bits':
../src/aes_driver.c:65:18: warning: initialization makes integer from pointer without a cast [enabled by default]
  unsigned addr = aes_ptr + offset_addr;
                  ^
../src/aes_driver.c: In function 'aes_write_128bits':
../src/aes_driver.c:100:18: warning: initialization makes integer from pointer without a cast [enabled by default]
  unsigned addr = aes_ptr + offset_addr;
                  ^
'Finished building: ../src/aes_driver.c'
' '
'Building file: ../src/helloworld.c'
'Invoking: MBEL Linux gcc compiler'
microblazeel-xilinx-linux-gnu-gcc -Wall -O0 -g3 -c -fmessage-length=0 -I../../aestest-xilinx-linux_bsp_1/microblaze_0/include -MMD -MP -MF"src/helloworld.d" -MT"src/helloworld.d" -o "src/helloworld.o" "../src/helloworld.c"
../src/helloworld.c: In function 'encripta':
../src/helloworld.c:219:2: warning: format '%s' expects argument of type 'char *', but argument 2 has type 'uint32_t *' [-Wformat=]
  printf("bo_d = %s\n",bo_d);
  ^
../src/helloworld.c:163:87: warning: unused variable 'config10' [-Wunused-variable]
  int config1, config2, config3, config4, config5, config6, config7, config8, config9, config10;
                                                                                       ^
../src/helloworld.c:163:78: warning: unused variable 'config9' [-Wunused-variable]
  int config1, config2, config3, config4, config5, config6, config7, config8, config9, config10;
                                                                              ^
../src/helloworld.c:163:69: warning: unused variable 'config8' [-Wunused-variable]
  int config1, config2, config3, config4, config5, config6, config7, config8, config9, config10;
                                                                     ^
../src/helloworld.c:163:60: warning: unused variable 'config7' [-Wunused-variable]
  int config1, config2, config3, config4, config5, config6, config7, config8, config9, config10;
                                                            ^
../src/helloworld.c:163:51: warning: unused variable 'config6' [-Wunused-variable]
  int config1, config2, config3, config4, config5, config6, config7, config8, config9, config10;
                                                   ^
../src/helloworld.c:163:42: warning: unused variable 'config5' [-Wunused-variable]
  int config1, config2, config3, config4, config5, config6, config7, config8, config9, config10;
                                          ^
../src/helloworld.c:163:33: warning: unused variable 'config4' [-Wunused-variable]
  int config1, config2, config3, config4, config5, config6, config7, config8, config9, config10;
                                 ^
../src/helloworld.c:163:24: warning: unused variable 'config3' [-Wunused-variable]
  int config1, config2, config3, config4, config5, config6, config7, config8, config9, config10;
                        ^
../src/helloworld.c:163:15: warning: unused variable 'config2' [-Wunused-variable]
  int config1, config2, config3, config4, config5, config6, config7, config8, config9, config10;
               ^
../src/helloworld.c:163:6: warning: unused variable 'config1' [-Wunused-variable]
  int config1, config2, config3, config4, config5, config6, config7, config8, config9, config10;
      ^
../src/helloworld.c:160:27: warning: variable 'enc_out_buf' set but not used [-Wunused-but-set-variable]
  RingBuffer *enc_in_buf, *enc_out_buf;
                           ^
../src/helloworld.c:157:7: warning: unused variable 'text3' [-Wunused-variable]
  char text3[31] = " e decriptograf·-la em seguida!";
       ^
../src/helloworld.c:151:6: warning: unused variable 'cnt' [-Wunused-variable]
  int cnt =0;
      ^
../src/helloworld.c:150:6: warning: unused variable 'i' [-Wunused-variable]
  int i;
      ^
../src/helloworld.c:149:6: warning: unused variable 'config' [-Wunused-variable]
  int config = 0;
      ^
../src/helloworld.c:148:6: warning: unused variable 'bo_3' [-Wunused-variable]
  int bo_3 = 0;
      ^
../src/helloworld.c:147:6: warning: unused variable 'bo_2' [-Wunused-variable]
  int bo_2 = 0;
      ^
../src/helloworld.c:146:6: warning: unused variable 'bo_1' [-Wunused-variable]
  int bo_1 = 0;
      ^
../src/helloworld.c:145:6: warning: unused variable 'bo_0' [-Wunused-variable]
  int bo_0 = 0;
      ^
'Finished building: ../src/helloworld.c'
' '
'Building target: aestest-xilinx-linux.elf'
'Invoking: MBEL Linux gcc linker'
microblazeel-xilinx-linux-gnu-gcc  -o "aestest-xilinx-linux.elf"  ./src/aes_driver.o ./src/helloworld.o ./src/ringbuffer.o   
'Finished building target: aestest-xilinx-linux.elf'
' '
'Invoking: MBEL Linux Print Size'
microblazeel-xilinx-linux-gnu-size aestest-xilinx-linux.elf  |tee "aestest-xilinx-linux.elf.size"
   text	   data	    bss	    dec	    hex	filename
   6649	    316	     12	   6977	   1b41	aestest-xilinx-linux.elf
'Finished building: aestest-xilinx-linux.elf.size'
' '
22:21:28 **** Auto Build of configuration Debug for project aestest-xilinx-linux ****
make all 
'Building file: ../src/helloworld.c'
'Invoking: MBEL Linux gcc compiler'
microblazeel-xilinx-linux-gnu-gcc -Wall -O0 -g3 -c -fmessage-length=0 -I../../aestest-xilinx-linux_bsp_1/microblaze_0/include -MMD -MP -MF"src/helloworld.d" -MT"src/helloworld.d" -o "src/helloworld.o" "../src/helloworld.c"
../src/helloworld.c: In function 'encripta':
../src/helloworld.c:219:2: warning: format '%s' expects argument of type 'char *', but argument 2 has type 'uint32_t *' [-Wformat=]
  printf("bo_e = %s\n",bo_e);
  ^
../src/helloworld.c:220:2: warning: format '%s' expects argument of type 'char *', but argument 2 has type 'uint32_t *' [-Wformat=]
  printf("bo_d = %s\n",bo_d);
  ^
../src/helloworld.c:163:87: warning: unused variable 'config10' [-Wunused-variable]
  int config1, config2, config3, config4, config5, config6, config7, config8, config9, config10;
                                                                                       ^
../src/helloworld.c:163:78: warning: unused variable 'config9' [-Wunused-variable]
  int config1, config2, config3, config4, config5, config6, config7, config8, config9, config10;
                                                                              ^
../src/helloworld.c:163:69: warning: unused variable 'config8' [-Wunused-variable]
  int config1, config2, config3, config4, config5, config6, config7, config8, config9, config10;
                                                                     ^
../src/helloworld.c:163:60: warning: unused variable 'config7' [-Wunused-variable]
  int config1, config2, config3, config4, config5, config6, config7, config8, config9, config10;
                                                            ^
../src/helloworld.c:163:51: warning: unused variable 'config6' [-Wunused-variable]
  int config1, config2, config3, config4, config5, config6, config7, config8, config9, config10;
                                                   ^
../src/helloworld.c:163:42: warning: unused variable 'config5' [-Wunused-variable]
  int config1, config2, config3, config4, config5, config6, config7, config8, config9, config10;
                                          ^
../src/helloworld.c:163:33: warning: unused variable 'config4' [-Wunused-variable]
  int config1, config2, config3, config4, config5, config6, config7, config8, config9, config10;
                                 ^
../src/helloworld.c:163:24: warning: unused variable 'config3' [-Wunused-variable]
  int config1, config2, config3, config4, config5, config6, config7, config8, config9, config10;
                        ^
../src/helloworld.c:163:15: warning: unused variable 'config2' [-Wunused-variable]
  int config1, config2, config3, config4, config5, config6, config7, config8, config9, config10;
               ^
../src/helloworld.c:163:6: warning: unused variable 'config1' [-Wunused-variable]
  int config1, config2, config3, config4, config5, config6, config7, config8, config9, config10;
      ^
../src/helloworld.c:160:27: warning: variable 'enc_out_buf' set but not used [-Wunused-but-set-variable]
  RingBuffer *enc_in_buf, *enc_out_buf;
                           ^
../src/helloworld.c:157:7: warning: unused variable 'text3' [-Wunused-variable]
  char text3[31] = " e decriptograf·-la em seguida!";
       ^
../src/helloworld.c:151:6: warning: unused variable 'cnt' [-Wunused-variable]
  int cnt =0;
      ^
../src/helloworld.c:150:6: warning: unused variable 'i' [-Wunused-variable]
  int i;
      ^
../src/helloworld.c:149:6: warning: unused variable 'config' [-Wunused-variable]
  int config = 0;
      ^
../src/helloworld.c:148:6: warning: unused variable 'bo_3' [-Wunused-variable]
  int bo_3 = 0;
      ^
../src/helloworld.c:147:6: warning: unused variable 'bo_2' [-Wunused-variable]
  int bo_2 = 0;
      ^
../src/helloworld.c:146:6: warning: unused variable 'bo_1' [-Wunused-variable]
  int bo_1 = 0;
      ^
../src/helloworld.c:145:6: warning: unused variable 'bo_0' [-Wunused-variable]
  int bo_0 = 0;
      ^
'Finished building: ../src/helloworld.c'
' '
'Building target: aestest-xilinx-linux.elf'
'Invoking: MBEL Linux gcc linker'
microblazeel-xilinx-linux-gnu-gcc  -o "aestest-xilinx-linux.elf"  ./src/aes_driver.o ./src/helloworld.o ./src/ringbuffer.o   
'Finished building target: aestest-xilinx-linux.elf'
' '
'Invoking: MBEL Linux Print Size'
microblazeel-xilinx-linux-gnu-size aestest-xilinx-linux.elf  |tee "aestest-xilinx-linux.elf.size"
   text	   data	    bss	    dec	    hex	filename
   6581	    316	     12	   6909	   1afd	aestest-xilinx-linux.elf
'Finished building: aestest-xilinx-linux.elf.size'
' '
